100
100
0/1/C/N/N&0/1/C/N/N&0/1/C/N/N&0/1/C/N/N&0/1/C/N/N&0/1/C/N/N&0/1/C/N/N&0/1/C/N/N&0/1/C/N/N&0/1/C/N/N&0/1/C/N/N&0/1/C/N/N&1/N/C/N/N&N&N&N&N&N&N&N&N&N&N&N&N&N&N&N&N&N&N&N&N&N&N&N&N&N&N&N&N&N&N&N&N&N&N&N&N&N&N&N&N&N&N&N&N&N&N&N&N&N&N&N&N&N&N&N&N&N&N&N&N&N&N&N&N&N&N&N&N&N&N&N&N&N&N&N&N&N&N&N&N&N&N&N&N&N&N&N&
0/1/C/N/N&0/N/N/N/N&0/N/N/N/N&0/N/N/N/N&0/N/N/N/N&0/N/N/N/N&0/N/N/N/N&0/N/N/N/N&0/N/N/N/N&0/N/N/N/N&0/N/N/N/N&0/N/N/N/N&1/N/C/N/N&1/N/N/N/N&N&N&N&N&N&N&N&N&N&N&N&N&N&N&N&N&N&N&N&N&N&N&N&N&N&N&N&N&N&N&N&N&N&N&N&N&N&N&N&N&N&N&N&N&N&N&N&N&N&N&N&N&N&N&N&N&N&N&N&N&N&N&N&N&N&N&N&N&N&N&N&N&N&N&N&N&N&N&N&N&N&N&N&N&N&N&
0/1/C/N/N&0/N/N/N/N&0/1/C/N/N&0/1/C/N/N&0/N/N/N/N&0/N/N/N/N&0/N/N/N/N&0/N/N/N/N&0/N/N/N/N&0/1/C/N/N&0/1/C/N/N&0/N/N/N/N&1/N/C/N/N&1/N/N/N/N&N&N&N&N&N&N&N&N&N&N&N&N&N&N&N&N&N&N&N&N&N&N&N&N&N&N&N&N&N&N&N&N&N&N&N&N&N&N&N&N&N&N&N&N&N&N&N&N&N&N&N&N&N&N&N&N&N&N&N&N&N&N&N&N&N&N&N&N&N&N&N&N&N&N&N&N&N&N&N&N&N&N&N&N&N&N&
0/1/C/N/N&0/N/N/N/N&0/1/C/N/N&0/N/N/N/N&0/N/N/N/N&0/N/N/N/N&0/N/N/N/N&0/N/N/N/N&0/N/N/N/N&0/N/N/N/N&0/1/C/N/N&0/N/N/N/N&1/N/C/N/N&N&N&N&N&N&N&N&N&N&N&N&N&N&N&N&N&N&N&N&N&N&N&N&N&N&N&N&N&N&N&N&N&N&N&N&N&N&N&N&N&N&N&N&N&N&N&N&N&N&N&N&N&N&N&N&N&N&N&N&N&N&N&N&N&N&N&N&N&N&N&N&N&N&N&N&N&N&N&N&N&N&N&N&N&N&N&N&
0/1/C/N/N&0/N/N/N/N&0/N/N/N/N&0/N/N/N/N&0/N/N/N/N&0/N/N/N/N&0/N/N/N/N&0/N/N/N/N&0/N/N/N/N&0/N/N/N/N&0/N/N/N/N&0/N/N/N/N&1/N/C/N/N&N&N&N&N&N&N&N&N&N&N&N&N&N&N&N&N&N&N&N&N&N&N&N&N&N&N&N&N&N&N&N&N&N&N&N&N&N&N&N&N&N&N&N&N&N&N&N&N&N&N&N&N&N&N&N&N&N&N&N&N&N&N&N&N&N&N&N&N&N&N&N&N&N&N&N&N&N&N&N&N&N&N&N&N&N&N&N&
0/1/C/N/N&0/N/N/N/N&0/N/N/N/N&0/N/N/N/N&0/N/N/N/N&0/N/N/N/N&0/N/N/N/N&0/N/N/N/N&0/N/N/N/N&0/N/N/N/N&0/N/N/N/N&0/N/N/N/N&1/N/C/N/N&N&N&N&N&N&N&N&N&N&N&N&N&N&N&N&N&N&N&N&N&N&N&N&N&N&N&N&N&N&N&N&N&N&N&N&N&N&N&N&N&N&N&N&N&N&N&N&N&N&N&N&N&N&N&N&N&N&N&N&N&N&N&N&N&N&N&N&N&N&N&N&N&N&N&N&N&N&N&N&N&N&N&N&N&N&N&N&
0/1/C/N/N&0/N/N/N/N&0/N/N/N/N&0/N/N/N/N&0/N/N/N/N&0/N/N/N/N&0/N/N/N/N&0/N/N/N/N&0/N/N/N/N&0/N/N/N/N&0/N/N/N/N&0/N/N/N/N&1/N/C/N/N&N&N&N&N&N&N&N&N&N&N&N&N&N&N&N&N&N&N&N&N&N&N&N&N&N&N&N&N&N&N&N&N&N&N&N&N&N&N&N&N&N&N&N&N&N&N&N&N&N&N&N&N&N&N&N&N&N&N&N&N&N&N&N&N&N&N&N&N&N&N&N&N&N&N&N&N&N&N&N&N&N&N&N&N&N&N&N&
0/1/C/N/N&0/N/N/N/N&0/1/C/N/N&0/N/N/N/N&0/N/N/N/N&0/N/N/N/N&0/N/N/N/N&0/N/N/N/N&0/N/N/N/N&0/N/N/N/N&0/1/C/N/N&0/N/N/N/N&1/N/C/N/N&N&N&N&N&N&N&N&N&N&N&N&N&N&N&N&N&N&N&N&N&N&N&N&N&N&N&N&N&N&N&N&N&N&N&N&N&N&N&N&N&N&N&N&N&N&N&N&N&N&N&N&N&N&N&N&N&N&N&N&N&N&N&N&N&N&N&N&N&N&N&N&N&N&N&N&N&N&N&N&N&N&N&N&N&N&N&N&
0/1/C/N/N&0/N/N/N/N&0/N/N/N/N&0/1/C/N/N&0/N/N/N/N&0/N/N/N/N&0/N/N/N/N&0/N/N/N/N&0/N/N/N/N&0/1/C/N/N&0/N/N/N/N&0/N/N/N/N&1/N/C/N/N&N&N&N&N&N&N&N&N&N&N&N&N&N&N&N&N&N&N&N&N&N&N&N&N&N&N&N&N&N&N&N&N&N&N&N&N&N&N&N&N&N&N&N&N&N&N&N&N&N&N&N&N&N&N&N&N&N&N&N&N&N&N&N&N&N&N&N&N&N&N&N&N&N&N&N&N&N&N&N&N&N&N&N&N&N&N&N&
1/N/C/N/N&1/N/C/N/N&1/N/C/N/N&1/N/C/N/N&1/N/C/N/N&1/N/C/N/N&1/N/C/N/N&1/N/C/N/N&0/N/N/N/N&1/N/C/N/N&1/N/C/N/N&1/N/C/N/N&1/N/C/N/N&N&N&N&N&N&N&N&N&N&N&N&N&N&N&N&N&N&N&N&N&N&N&N&N&N&N&N&N&N&N&N&N&N&N&N&N&N&N&N&N&N&N&N&N&N&N&N&N&N&N&N&N&N&N&N&N&N&N&N&N&N&N&N&N&N&N&N&N&N&N&N&N&N&N&N&N&N&N&N&N&N&N&N&N&N&N&N&
N&N&N&N&N&N&N&11/1/C/N/N&0/1/C/N/N&1/N/C/N/N&N&N&N&N&N&N&N&N&N&N&N&N&N&N&N&N&N&N&N&N&N&N&N&N&N&N&N&N&N&N&N&N&N&N&N&N&N&N&N&N&N&N&N&N&N&N&N&N&N&N&N&N&N&N&N&N&N&N&N&N&N&N&N&N&N&N&N&N&N&N&N&N&N&N&N&N&N&N&N&N&N&N&N&N&N&N&N&N&N&N&
N&N&N&N&N&N&N&N&N&N&N&N&N&N&N&N&N&N&N&N&N&N&N&N&N&N&N&N&N&N&N&N&N&N&N&N&N&N&N&N&N&N&N&N&N&N&N&N&N&N&N&N&N&N&N&N&N&N&N&N&N&N&N&N&N&N&N&N&N&N&N&N&N&N&N&N&N&N&N&N&N&N&N&N&N&N&N&N&N&N&N&N&N&N&N&N&N&N&N&N&
N&N&N&N&N&N&N&N&N&N&N&N&N&N&N&N&N&N&N&N&N&N&N&N&N&N&N&N&N&N&N&N&N&N&N&N&N&N&N&N&N&N&N&N&N&N&N&N&N&N&N&N&N&N&N&N&N&N&N&N&N&N&N&N&N&N&N&N&N&N&N&N&N&N&N&N&N&N&N&N&N&N&N&N&N&N&N&N&N&N&N&N&N&N&N&N&N&N&N&N&
N&N&N&N&N&N&N&N&N&N&N&N&N&N&N&N&N&N&N&N&N&N&N&N&N&N&N&N&N&N&N&N&N&N&N&N&N&N&N&N&N&N&N&N&N&N&N&N&N&N&N&N&N&N&N&N&N&N&N&N&N&N&N&N&N&N&N&N&N&N&N&N&N&N&N&N&N&N&N&N&N&N&N&N&N&N&N&N&N&N&N&N&N&N&N&N&N&N&N&N&
N&N&N&N&N&N&N&N&N&N&N&N&N&N&N&N&N&N&N&N&N&N&N&N&N&N&N&N&N&N&N&N&N&N&N&N&N&N&N&N&N&N&N&N&N&N&N&N&N&N&N&N&N&N&N&N&N&N&N&N&N&N&N&N&N&N&N&N&N&N&N&N&N&N&N&N&N&N&N&N&N&N&N&N&N&N&N&N&N&N&N&N&N&N&N&N&N&N&N&N&
N&N&N&N&N&N&N&N&N&N&N&N&N&N&N&N&N&N&N&N&N&N&N&N&N&N&N&N&N&N&N&N&N&N&N&N&N&N&N&N&N&N&N&N&N&N&N&N&N&N&N&N&N&N&N&N&N&N&N&N&N&N&N&N&N&N&N&N&N&N&N&N&N&N&N&N&N&N&N&N&N&N&N&N&N&N&N&N&N&N&N&N&N&N&N&N&N&N&N&N&
N&N&N&N&N&N&N&N&N&N&N&N&N&N&N&N&N&N&N&N&N&N&N&N&N&N&N&N&N&N&N&N&N&N&N&N&N&N&N&N&N&N&N&N&N&N&N&N&N&N&N&N&N&N&N&N&N&N&N&N&N&N&N&N&N&N&N&N&N&N&N&N&N&N&N&N&N&N&N&N&N&N&N&N&N&N&N&N&N&N&N&N&N&N&N&N&N&N&N&N&
N&N&N&N&N&N&N&N&N&N&N&N&N&N&N&N&N&N&N&N&N&N&N&N&N&N&N&N&N&N&N&N&N&N&N&N&N&N&N&N&N&N&N&N&N&N&N&N&N&N&N&N&N&N&N&N&N&N&N&N&N&N&N&N&N&N&N&N&N&N&N&N&N&N&N&N&N&N&N&N&N&N&N&N&N&N&N&N&N&N&N&N&N&N&N&N&N&N&N&N&
N&N&N&N&N&N&N&N&N&N&N&N&N&N&N&N&N&N&N&N&N&N&N&N&N&N&N&N&N&N&N&N&N&N&N&N&N&N&N&N&N&N&N&N&N&N&N&N&N&N&N&N&N&N&N&N&N&N&N&N&N&N&N&N&N&N&N&N&N&N&N&N&N&N&N&N&N&N&N&N&N&N&N&N&N&N&N&N&N&N&N&N&N&N&N&N&N&N&N&N&
N&N&N&N&N&N&N&N&N&N&N&N&N&N&N&N&N&N&N&N&N&N&N&N&N&N&N&N&N&N&N&N&N&N&N&N&N&N&N&N&N&N&N&N&N&N&N&N&N&N&N&N&N&N&N&N&N&N&N&N&N&N&N&N&N&N&N&N&N&N&N&N&N&N&N&N&N&N&N&N&N&N&N&N&N&N&N&N&N&N&N&N&N&N&N&N&N&N&N&N&
N&N&N&N&N&N&N&N&N&N&N&N&N&N&N&N&N&N&N&N&N&N&N&N&N&N&N&N&N&N&N&N&N&N&N&N&N&N&N&N&N&N&N&N&N&N&N&N&N&N&N&N&N&N&N&N&N&N&N&N&N&N&N&N&N&N&N&N&N&N&N&N&N&N&N&N&N&N&N&N&N&N&N&N&N&N&N&N&N&N&N&N&N&N&N&N&N&N&N&N&
N&N&N&N&N&N&N&N&N&N&N&N&N&N&N&N&N&N&N&N&N&N&N&N&N&N&N&N&N&N&N&N&N&N&N&N&N&N&N&N&N&N&N&N&N&N&N&N&N&N&N&N&N&N&N&N&N&N&N&N&N&N&N&N&N&N&N&N&N&N&N&N&N&N&N&N&N&N&N&N&N&N&N&N&N&N&N&N&N&N&N&N&N&N&N&N&N&N&N&N&
N&N&N&N&N&N&N&N&N&N&N&N&N&N&N&N&N&N&N&N&N&N&N&N&N&N&N&N&N&N&N&N&N&N&N&N&N&N&N&N&N&N&N&N&N&N&N&N&N&N&N&N&N&N&N&N&N&N&N&N&N&N&N&N&N&N&N&N&N&N&N&N&N&N&N&N&N&N&N&N&N&N&N&N&N&N&N&N&N&N&N&N&N&N&N&N&N&N&N&N&
N&N&N&N&N&N&N&N&N&N&N&N&N&N&N&N&N&N&N&N&N&N&N&N&N&N&N&N&N&N&N&N&N&N&N&N&N&N&N&N&N&N&N&N&N&N&N&N&N&N&N&N&N&N&N&N&N&N&N&N&N&N&N&N&N&N&N&N&N&N&N&N&N&N&N&N&N&N&N&N&N&N&N&N&N&N&N&N&N&N&N&N&N&N&N&N&N&N&N&N&
N&N&N&N&N&N&N&N&N&N&N&N&N&N&N&N&N&N&N&N&N&N&N&N&N&N&N&N&N&N&N&N&N&N&N&N&N&N&N&N&N&N&N&N&N&N&N&N&N&N&N&N&N&N&N&N&N&N&N&N&N&N&N&N&N&N&N&N&N&N&N&N&N&N&N&N&N&N&N&N&N&N&N&N&N&N&N&N&N&N&N&N&N&N&N&N&N&N&N&N&
N&N&N&N&N&N&N&N&N&N&N&N&N&N&N&N&N&N&N&N&N&N&N&N&N&N&N&N&N&N&N&N&N&N&N&N&N&N&N&N&N&N&N&N&N&N&N&N&N&N&N&N&N&N&N&N&N&N&N&N&N&N&N&N&N&N&N&N&N&N&N&N&N&N&N&N&N&N&N&N&N&N&N&N&N&N&N&N&N&N&N&N&N&N&N&N&N&N&N&N&
N&N&N&N&N&N&N&N&N&N&N&N&N&N&N&N&N&N&N&N&N&N&N&N&N&N&N&N&N&N&N&N&N&N&N&N&N&N&N&N&N&N&N&N&N&N&N&N&N&N&N&N&N&N&N&N&N&N&N&N&N&N&N&N&N&N&N&N&N&N&N&N&N&N&N&N&N&N&N&N&N&N&N&N&N&N&N&N&N&N&N&N&N&N&N&N&N&N&N&N&
N&N&N&N&N&N&N&N&N&N&N&N&N&N&N&N&N&N&N&N&N&N&N&N&N&N&N&N&N&N&N&N&N&N&N&N&N&N&N&N&N&N&N&N&N&N&N&N&N&N&N&N&N&N&N&N&N&N&N&N&N&N&N&N&N&N&N&N&N&N&N&N&N&N&N&N&N&N&N&N&N&N&N&N&N&N&N&N&N&N&N&N&N&N&N&N&N&N&N&N&
N&N&N&N&N&N&N&N&N&N&N&N&N&N&N&N&N&N&N&N&N&N&N&N&N&N&N&N&N&N&N&N&N&N&N&N&N&N&N&N&N&N&N&N&N&N&N&N&N&N&N&N&N&N&N&N&N&N&N&N&N&N&N&N&N&N&N&N&N&N&N&N&N&N&N&N&N&N&N&N&N&N&N&N&N&N&N&N&N&N&N&N&N&N&N&N&N&N&N&N&
N&N&N&N&N&N&N&N&N&N&N&N&N&N&N&N&N&N&N&N&N&N&N&N&N&N&N&N&N&N&N&N&N&N&N&N&N&N&N&N&N&N&N&N&N&N&N&N&N&N&N&N&N&N&N&N&N&N&N&N&N&N&N&N&N&N&N&N&N&N&N&N&N&N&N&N&N&N&N&N&N&N&N&N&N&N&N&N&N&N&N&N&N&N&N&N&N&N&N&N&
N&N&N&N&N&N&N&N&N&N&N&N&N&N&N&N&N&N&N&N&N&N&N&N&N&N&N&N&N&N&N&N&N&N&N&N&N&N&N&N&N&N&N&N&N&N&N&N&N&N&N&N&N&N&N&N&N&N&N&N&N&N&N&N&N&N&N&N&N&N&N&N&N&N&N&N&N&N&N&N&N&N&N&N&N&N&N&N&N&N&N&N&N&N&N&N&N&N&N&N&
N&N&N&N&N&N&N&N&N&N&N&N&N&N&N&N&N&N&N&N&N&N&N&N&N&N&N&N&N&N&N&N&N&N&N&N&N&N&N&N&N&N&N&N&N&N&N&N&N&N&N&N&N&N&N&N&N&N&N&N&N&N&N&N&N&N&N&N&N&N&N&N&N&N&N&N&N&N&N&N&N&N&N&N&N&N&N&N&N&N&N&N&N&N&N&N&N&N&N&N&
N&N&N&N&N&N&N&N&N&N&N&N&N&N&N&N&N&N&N&N&N&N&N&N&N&N&N&N&N&N&N&N&N&N&N&N&N&N&N&N&N&N&N&N&N&N&N&N&N&N&N&N&N&N&N&N&N&N&N&N&N&N&N&N&N&N&N&N&N&N&N&N&N&N&N&N&N&N&N&N&N&N&N&N&N&N&N&N&N&N&N&N&N&N&N&N&N&N&N&N&
N&N&N&N&N&N&N&N&N&N&N&N&N&N&N&N&N&N&N&N&N&N&N&N&N&N&N&N&N&N&N&N&N&N&N&N&N&N&N&N&N&N&N&N&N&N&N&N&N&N&N&N&N&N&N&N&N&N&N&N&N&N&N&N&N&N&N&N&N&N&N&N&N&N&N&N&N&N&N&N&N&N&N&N&N&N&N&N&N&N&N&N&N&N&N&N&N&N&N&N&
N&N&N&N&N&N&N&N&N&N&N&N&N&N&N&N&N&N&N&N&N&N&N&N&N&N&N&N&N&N&N&N&N&N&N&N&N&N&N&N&N&N&N&N&N&N&N&N&N&N&N&N&N&N&N&N&N&N&N&N&N&N&N&N&N&N&N&N&N&N&N&N&N&N&N&N&N&N&N&N&N&N&N&N&N&N&N&N&N&N&N&N&N&N&N&N&N&N&N&N&
N&N&N&N&N&N&N&N&N&N&N&N&N&N&N&N&N&N&N&N&N&N&N&N&N&N&N&N&N&N&N&N&N&N&N&N&N&N&N&N&N&N&N&N&N&N&N&N&N&N&N&N&N&N&N&N&N&N&N&N&N&N&N&N&N&N&N&N&N&N&N&N&N&N&N&N&N&N&N&N&N&N&N&N&N&N&N&N&N&N&N&N&N&N&N&N&N&N&N&N&
N&N&N&N&N&N&N&N&N&N&N&N&N&N&N&N&N&N&N&N&N&N&N&N&N&N&N&N&N&N&N&N&N&N&N&N&N&N&N&N&N&N&N&N&N&N&N&N&N&N&N&N&N&N&N&N&N&N&N&N&N&N&N&N&N&N&N&N&N&N&N&N&N&N&N&N&N&N&N&N&N&N&N&N&N&N&N&N&N&N&N&N&N&N&N&N&N&N&N&N&
N&N&N&N&N&N&N&N&N&N&N&N&N&N&N&N&N&N&N&N&N&N&N&N&N&N&N&N&N&N&N&N&N&N&N&N&N&N&N&N&N&N&N&N&N&N&N&N&N&N&N&N&N&N&N&N&N&N&N&N&N&N&N&N&N&N&N&N&N&N&N&N&N&N&N&N&N&N&N&N&N&N&N&N&N&N&N&N&N&N&N&N&N&N&N&N&N&N&N&N&
N&N&N&N&N&N&N&N&N&N&N&N&N&N&N&N&N&N&N&N&N&N&N&N&N&N&N&N&N&N&N&N&N&N&N&N&N&N&N&N&N&N&N&N&N&N&N&N&N&N&N&N&N&N&N&N&N&N&N&N&N&N&N&N&N&N&N&N&N&N&N&N&N&N&N&N&N&N&N&N&N&N&N&N&N&N&N&N&N&N&N&N&N&N&N&N&N&N&N&N&
N&N&N&N&N&N&N&N&N&N&N&N&N&N&N&N&N&N&N&N&N&N&N&N&N&N&N&N&N&N&N&N&N&N&N&N&N&N&N&N&N&N&N&N&N&N&N&N&N&N&N&N&N&N&N&N&N&N&N&N&N&N&N&N&N&N&N&N&N&N&N&N&N&N&N&N&N&N&N&N&N&N&N&N&N&N&N&N&N&N&N&N&N&N&N&N&N&N&N&N&
N&N&N&N&N&N&N&N&N&N&N&N&N&N&N&N&N&N&N&N&N&N&N&N&N&N&N&N&N&N&N&N&N&N&N&N&N&N&N&N&N&N&N&N&N&N&N&N&N&N&N&N&N&N&N&N&N&N&N&N&N&N&N&N&N&N&N&N&N&N&N&N&N&N&N&N&N&N&N&N&N&N&N&N&N&N&N&N&N&N&N&N&N&N&N&N&N&N&N&N&
N&N&N&N&N&N&N&N&N&N&N&N&N&N&N&N&N&N&N&N&N&N&N&N&N&N&N&N&N&N&N&N&N&N&N&N&N&N&N&N&N&N&N&N&N&N&N&N&N&N&N&N&N&N&N&N&N&N&N&N&N&N&N&N&N&N&N&N&N&N&N&N&N&N&N&N&N&N&N&N&N&N&N&N&N&N&N&N&N&N&N&N&N&N&N&N&N&N&N&N&
N&N&N&N&N&N&N&N&N&N&N&N&N&N&N&N&N&N&N&N&N&N&N&N&N&N&N&N&N&N&N&N&N&N&N&N&N&N&N&N&N&N&N&N&N&N&N&N&N&N&N&N&N&N&N&N&N&N&N&N&N&N&N&N&N&N&N&N&N&N&N&N&N&N&N&N&N&N&N&N&N&N&N&N&N&N&N&N&N&N&N&N&N&N&N&N&N&N&N&N&
N&N&N&N&N&N&N&N&N&N&N&N&N&N&N&N&N&N&N&N&N&N&N&N&N&N&N&N&N&N&N&N&N&N&N&N&N&N&N&N&N&N&N&N&N&N&N&N&N&N&N&N&N&N&N&N&N&N&N&N&N&N&N&N&N&N&N&N&N&N&N&N&N&N&N&N&N&N&N&N&N&N&N&N&N&N&N&N&N&N&N&N&N&N&N&N&N&N&N&N&
N&N&N&N&N&N&N&N&N&N&N&N&N&N&N&N&N&N&N&N&N&N&N&N&N&N&N&N&N&N&N&N&N&N&N&N&N&N&N&N&N&N&N&N&N&N&N&N&N&N&N&N&N&N&N&N&N&N&N&N&N&N&N&N&N&N&N&N&N&N&N&N&N&N&N&N&N&N&N&N&N&N&N&N&N&N&N&N&N&N&N&N&N&N&N&N&N&N&N&N&
N&N&N&N&N&N&N&N&N&N&N&N&N&N&N&N&N&N&N&N&N&N&N&N&N&N&N&N&N&N&N&N&N&N&N&N&N&N&N&N&N&N&N&N&N&N&N&N&N&N&N&N&N&N&N&N&N&N&N&N&N&N&N&N&N&N&N&N&N&N&N&N&N&N&N&N&N&N&N&N&N&N&N&N&N&N&N&N&N&N&N&N&N&N&N&N&N&N&N&N&
N&N&N&N&N&N&N&N&N&N&N&N&N&N&N&N&N&N&N&N&N&N&N&N&N&N&N&N&N&N&N&N&N&N&N&N&N&N&N&N&N&N&N&N&N&N&N&N&N&N&N&N&N&N&N&N&N&N&N&N&N&N&N&N&N&N&N&N&N&N&N&N&N&N&N&N&N&N&N&N&N&N&N&N&N&N&N&N&N&N&N&N&N&N&N&N&N&N&N&N&
N&N&N&N&N&N&N&N&N&N&N&N&N&N&N&N&N&N&N&N&N&N&N&N&N&N&N&N&N&N&N&N&N&N&N&N&N&N&N&N&N&N&N&N&N&N&N&N&N&N&N&N&N&N&N&N&N&N&N&N&N&N&N&N&N&N&N&N&N&N&N&N&N&N&N&N&N&N&N&N&N&N&N&N&N&N&N&N&N&N&N&N&N&N&N&N&N&N&N&N&
N&N&N&N&N&N&N&N&N&N&N&N&N&N&N&N&N&N&N&N&N&N&N&N&N&N&N&N&N&N&N&N&N&N&N&N&N&N&N&N&N&N&N&N&N&N&N&N&N&N&N&N&N&N&N&N&N&N&N&N&N&N&N&N&N&N&N&N&N&N&N&N&N&N&N&N&N&N&N&N&N&N&N&N&N&N&N&N&N&N&N&N&N&N&N&N&N&N&N&N&
N&N&N&N&N&N&N&N&N&N&N&N&N&N&N&N&N&N&N&N&N&N&N&N&N&N&N&N&N&N&N&N&N&N&N&N&N&N&N&N&N&N&N&N&N&N&N&N&N&N&N&N&N&N&N&N&N&N&N&N&N&N&N&N&N&N&N&N&N&N&N&N&N&N&N&N&N&N&N&N&N&N&N&N&N&N&N&N&N&N&N&N&N&N&N&N&N&N&N&N&
N&N&N&N&N&N&N&N&N&N&N&N&N&N&N&N&N&N&N&N&N&N&N&N&N&N&N&N&N&N&N&N&N&N&N&N&N&N&N&N&N&N&N&N&N&N&N&N&N&N&N&N&N&N&N&N&N&N&N&N&N&N&N&N&N&N&N&N&N&N&N&N&N&N&N&N&N&N&N&N&N&N&N&N&N&N&N&N&N&N&N&N&N&N&N&N&N&N&N&N&
N&N&N&N&N&N&N&N&N&N&N&N&N&N&N&N&N&N&N&N&N&N&N&N&N&N&N&N&N&N&N&N&N&N&N&N&N&N&N&N&N&N&N&N&N&N&N&N&N&N&N&N&N&N&N&N&N&N&N&N&N&N&N&N&N&N&N&N&N&N&N&N&N&N&N&N&N&N&N&N&N&N&N&N&N&N&N&N&N&N&N&N&N&N&N&N&N&N&N&N&
N&N&N&N&N&N&N&N&N&N&N&N&N&N&N&N&N&N&N&N&N&N&N&N&N&N&N&N&N&N&N&N&N&N&N&N&N&N&N&N&N&N&N&N&N&N&N&N&N&N&N&N&N&N&N&N&N&N&N&N&N&N&N&N&N&N&N&N&N&N&N&N&N&N&N&N&N&N&N&N&N&N&N&N&N&N&N&N&N&N&N&N&N&N&N&N&N&N&N&N&
N&N&N&N&N&N&N&N&N&N&N&N&N&N&N&N&N&N&N&N&N&N&N&N&N&N&N&N&N&N&N&N&N&N&N&N&N&N&N&N&N&N&N&N&N&N&N&N&N&N&N&N&N&N&N&N&N&N&N&N&N&N&N&N&N&N&N&N&N&N&N&N&N&N&N&N&N&N&N&N&N&N&N&N&N&N&N&N&N&N&N&N&N&N&N&N&N&N&N&N&
N&N&N&N&N&N&N&N&N&N&N&N&N&N&N&N&N&N&N&N&N&N&N&N&N&N&N&N&N&N&N&N&N&N&N&N&N&N&N&N&N&N&N&N&N&N&N&N&N&N&N&N&N&N&N&N&N&N&N&N&N&N&N&N&N&N&N&N&N&N&N&N&N&N&N&N&N&N&N&N&N&N&N&N&N&N&N&N&N&N&N&N&N&N&N&N&N&N&N&N&
N&N&N&N&N&N&N&N&N&N&N&N&N&N&N&N&N&N&N&N&N&N&N&N&N&N&N&N&N&N&N&N&N&N&N&N&N&N&N&N&N&N&N&N&N&N&N&N&N&N&N&N&N&N&N&N&N&N&N&N&N&N&N&N&N&N&N&N&N&N&N&N&N&N&N&N&N&N&N&N&N&N&N&N&N&N&N&N&N&N&N&N&N&N&N&N&N&N&N&N&
N&N&N&N&N&N&N&N&N&N&N&N&N&N&N&N&N&N&N&N&N&N&N&N&N&N&N&N&N&N&N&N&N&N&N&N&N&N&N&N&N&N&N&N&N&N&N&N&N&N&N&N&N&N&N&N&N&N&N&N&N&N&N&N&N&N&N&N&N&N&N&N&N&N&N&N&N&N&N&N&N&N&N&N&N&N&N&N&N&N&N&N&N&N&N&N&N&N&N&N&
N&N&N&N&N&N&N&N&N&N&N&N&N&N&N&N&N&N&N&N&N&N&N&N&N&N&N&N&N&N&N&N&N&N&N&N&N&N&N&N&N&N&N&N&N&N&N&N&N&N&N&N&N&N&N&N&N&N&N&N&N&N&N&N&N&N&N&N&N&N&N&N&N&N&N&N&N&N&N&N&N&N&N&N&N&N&N&N&N&N&N&N&N&N&N&N&N&N&N&N&
N&N&N&N&N&N&N&N&N&N&N&N&N&N&N&N&N&N&N&N&N&N&N&N&N&N&N&N&N&N&N&N&N&N&N&N&N&N&N&N&N&N&N&N&N&N&N&N&N&N&N&N&N&N&N&N&N&N&N&N&N&N&N&N&N&N&N&N&N&N&N&N&N&N&N&N&N&N&N&N&N&N&N&N&N&N&N&N&N&N&N&N&N&N&N&N&N&N&N&N&
N&N&N&N&N&N&N&N&N&N&N&N&N&N&N&N&N&N&N&N&N&N&N&N&N&N&N&N&N&N&N&N&N&N&N&N&N&N&N&N&N&N&N&N&N&N&N&N&N&N&N&N&N&N&N&N&N&N&N&N&N&N&N&N&N&N&N&N&N&N&N&N&N&N&N&N&N&N&N&N&N&N&N&N&N&N&N&N&N&N&N&N&N&N&N&N&N&N&N&N&
N&N&N&N&N&N&N&N&N&N&N&N&N&N&N&N&N&N&N&N&N&N&N&N&N&N&N&N&N&N&N&N&N&N&N&N&N&N&N&N&N&N&N&N&N&N&N&N&N&N&N&N&N&N&N&N&N&N&N&N&N&N&N&N&N&N&N&N&N&N&N&N&N&N&N&N&N&N&N&N&N&N&N&N&N&N&N&N&N&N&N&N&N&N&N&N&N&N&N&N&
N&N&N&N&N&N&N&N&N&N&N&N&N&N&N&N&N&N&N&N&N&N&N&N&N&N&N&N&N&N&N&N&N&N&N&N&N&N&N&N&N&N&N&N&N&N&N&N&N&N&N&N&N&N&N&N&N&N&N&N&N&N&N&N&N&N&N&N&N&N&N&N&N&N&N&N&N&N&N&N&N&N&N&N&N&N&N&N&N&N&N&N&N&N&N&N&N&N&N&N&
N&N&N&N&N&N&N&N&N&N&N&N&N&N&N&N&N&N&N&N&N&N&N&N&N&N&N&N&N&N&N&N&N&N&N&N&N&N&N&N&N&N&N&N&N&N&N&N&N&N&N&N&N&N&N&N&N&N&N&N&N&N&N&N&N&N&N&N&N&N&N&N&N&N&N&N&N&N&N&N&N&N&N&N&N&N&N&N&N&N&N&N&N&N&N&N&N&N&N&N&
N&N&N&N&N&N&N&N&N&N&N&N&N&N&N&N&N&N&N&N&N&N&N&N&N&N&N&N&N&N&N&N&N&N&N&N&N&N&N&N&N&N&N&N&N&N&N&N&N&N&N&N&N&N&N&N&N&N&N&N&N&N&N&N&N&N&N&N&N&N&N&N&N&N&N&N&N&N&N&N&N&N&N&N&N&N&N&N&N&N&N&N&N&N&N&N&N&N&N&N&
N&N&N&N&N&N&N&N&N&N&N&N&N&N&N&N&N&N&N&N&N&N&N&N&N&N&N&N&N&N&N&N&N&N&N&N&N&N&N&N&N&N&N&N&N&N&N&N&N&N&N&N&N&N&N&N&N&N&N&N&N&N&N&N&N&N&N&N&N&N&N&N&N&N&N&N&N&N&N&N&N&N&N&N&N&N&N&N&N&N&N&N&N&N&N&N&N&N&N&N&
N&N&N&N&N&N&N&N&N&N&N&N&N&N&N&N&N&N&N&N&N&N&N&N&N&N&N&N&N&N&N&N&N&N&N&N&N&N&N&N&N&N&N&N&N&N&N&N&N&N&N&N&N&N&N&N&N&N&N&N&N&N&N&N&N&N&N&N&N&N&N&N&N&N&N&N&N&N&N&N&N&N&N&N&N&N&N&N&N&N&N&N&N&N&N&N&N&N&N&N&
N&N&N&N&N&N&N&N&N&N&N&N&N&N&N&N&N&N&N&N&N&N&N&N&N&N&N&N&N&N&N&N&N&N&N&N&N&N&N&N&N&N&N&N&N&N&N&N&N&N&N&N&N&N&N&N&N&N&N&N&N&N&N&N&N&N&N&N&N&N&N&N&N&N&N&N&N&N&N&N&N&N&N&N&N&N&N&N&N&N&N&N&N&N&N&N&N&N&N&N&
N&N&N&N&N&N&N&N&N&N&N&N&N&N&N&N&N&N&N&N&N&N&N&N&N&N&N&N&N&N&N&N&N&N&N&N&N&N&N&N&N&N&N&N&N&N&N&N&N&N&N&N&N&N&N&N&N&N&N&N&N&N&N&N&N&N&N&N&N&N&N&N&N&N&N&N&N&N&N&N&N&N&N&N&N&N&N&N&N&N&N&N&N&N&N&N&N&N&N&N&
N&N&N&N&N&N&N&N&N&N&N&N&N&N&N&N&N&N&N&N&N&N&N&N&N&N&N&N&N&N&N&N&N&N&N&N&N&N&N&N&N&N&N&N&N&N&N&N&N&N&N&N&N&N&N&N&N&N&N&N&N&N&N&N&N&N&N&N&N&N&N&N&N&N&N&N&N&N&N&N&N&N&N&N&N&N&N&N&N&N&N&N&N&N&N&N&N&N&N&N&
N&N&N&N&N&N&N&N&N&N&N&N&N&N&N&N&N&N&N&N&N&N&N&N&N&N&N&N&N&N&N&N&N&N&N&N&N&N&N&N&N&N&N&N&N&N&N&N&N&N&N&N&N&N&N&N&N&N&N&N&N&N&N&N&N&N&N&N&N&N&N&N&N&N&N&N&N&N&N&N&N&N&N&N&N&N&N&N&N&N&N&N&N&N&N&N&N&N&N&N&
N&N&N&N&N&N&N&N&N&N&N&N&N&N&N&N&N&N&N&N&N&N&N&N&N&N&N&N&N&N&N&N&N&N&N&N&N&N&N&N&N&N&N&N&N&N&N&N&N&N&N&N&N&N&N&N&N&N&N&N&N&N&N&N&N&N&N&N&N&N&N&N&N&N&N&N&N&N&N&N&N&N&N&N&N&N&N&N&N&N&N&N&N&N&N&N&N&N&N&N&
N&N&N&N&N&N&N&N&N&N&N&N&N&N&N&N&N&N&N&N&N&N&N&N&N&N&N&N&N&N&N&N&N&N&N&N&N&N&N&N&N&N&N&N&N&N&N&N&N&N&N&N&N&N&N&N&N&N&N&N&N&N&N&N&N&N&N&N&N&N&N&N&N&N&N&N&N&N&N&N&N&N&N&N&N&N&N&N&N&N&N&N&N&N&N&N&N&N&N&N&
N&N&N&N&N&N&N&N&N&N&N&N&N&N&N&N&N&N&N&N&N&N&N&N&N&N&N&N&N&N&N&N&N&N&N&N&N&N&N&N&N&N&N&N&N&N&N&N&N&N&N&N&N&N&N&N&N&N&N&N&N&N&N&N&N&N&N&N&N&N&N&N&N&N&N&N&N&N&N&N&N&N&N&N&N&N&N&N&N&N&N&N&N&N&N&N&N&N&N&N&
N&N&N&N&N&N&N&N&N&N&N&N&N&N&N&N&N&N&N&N&N&N&N&N&N&N&N&N&N&N&N&N&N&N&N&N&N&N&N&N&N&N&N&N&N&N&N&N&N&N&N&N&N&N&N&N&N&N&N&N&N&N&N&N&N&N&N&N&N&N&N&N&N&N&N&N&N&N&N&N&N&N&N&N&N&N&N&N&N&N&N&N&N&N&N&N&N&N&N&N&
N&N&N&N&N&N&N&N&N&N&N&N&N&N&N&N&N&N&N&N&N&N&N&N&N&N&N&N&N&N&N&N&N&N&N&N&N&N&N&N&N&N&N&N&N&N&N&N&N&N&N&N&N&N&N&N&N&N&N&N&N&N&N&N&N&N&N&N&N&N&N&N&N&N&N&N&N&N&N&N&N&N&N&N&N&N&N&N&N&N&N&N&N&N&N&N&N&N&N&N&
N&N&N&N&N&N&N&N&N&N&N&N&N&N&N&N&N&N&N&N&N&N&N&N&N&N&N&N&N&N&N&N&N&N&N&N&N&N&N&N&N&N&N&N&N&N&N&N&N&N&N&N&N&N&N&N&N&N&N&N&N&N&N&N&N&N&N&N&N&N&N&N&N&N&N&N&N&N&N&N&N&N&N&N&N&N&N&N&N&N&N&N&N&N&N&N&N&N&N&N&
N&N&N&N&N&N&N&N&N&N&N&N&N&N&N&N&N&N&N&N&N&N&N&N&N&N&N&N&N&N&N&N&N&N&N&N&N&N&N&N&N&N&N&N&N&N&N&N&N&N&N&N&N&N&N&N&N&N&N&N&N&N&N&N&N&N&N&N&N&N&N&N&N&N&N&N&N&N&N&N&N&N&N&N&N&N&N&N&N&N&N&N&N&N&N&N&N&N&N&N&
N&N&N&N&N&N&N&N&N&N&N&N&N&N&N&N&N&N&N&N&N&N&N&N&N&N&N&N&N&N&N&N&N&N&N&N&N&N&N&N&N&N&N&N&N&N&N&N&N&N&N&N&N&N&N&N&N&N&N&N&N&N&N&N&N&N&N&N&N&N&N&N&N&N&N&N&N&N&N&N&N&N&N&N&N&N&N&N&N&N&N&N&N&N&N&N&N&N&N&N&
N&N&N&N&N&N&N&N&N&N&N&N&N&N&N&N&N&N&N&N&N&N&N&N&N&N&N&N&N&N&N&N&N&N&N&N&N&N&N&N&N&N&N&N&N&N&N&N&N&N&N&N&N&N&N&N&N&N&N&N&N&N&N&N&N&N&N&N&N&N&N&N&N&N&N&N&N&N&N&N&N&N&N&N&N&N&N&N&N&N&N&N&N&N&N&N&N&N&N&N&
N&N&N&N&N&N&N&N&N&N&N&N&N&N&N&N&N&N&N&N&N&N&N&N&N&N&N&N&N&N&N&N&N&N&N&N&N&N&N&N&N&N&N&N&N&N&N&N&N&N&N&N&N&N&N&N&N&N&N&N&N&N&N&N&N&N&N&N&N&N&N&N&N&N&N&N&N&N&N&N&N&N&N&N&N&N&N&N&N&N&N&N&N&N&N&N&N&N&N&N&
N&N&N&N&N&N&N&N&N&N&N&N&N&N&N&N&N&N&N&N&N&N&N&N&N&N&N&N&N&N&N&N&N&N&N&N&N&N&N&N&N&N&N&N&N&N&N&N&N&N&N&N&N&N&N&N&N&N&N&N&N&N&N&N&N&N&N&N&N&N&N&N&N&N&N&N&N&N&N&N&N&N&N&N&N&N&N&N&N&N&N&N&N&N&N&N&N&N&N&N&
N&N&N&N&N&N&N&N&N&N&N&N&N&N&N&N&N&N&N&N&N&N&N&N&N&N&N&N&N&N&N&N&N&N&N&N&N&N&N&N&N&N&N&N&N&N&N&N&N&N&N&N&N&N&N&N&N&N&N&N&N&N&N&N&N&N&N&N&N&N&N&N&N&N&N&N&N&N&N&N&N&N&N&N&N&N&N&N&N&N&N&N&N&N&N&N&N&N&N&N&
N&N&N&N&N&N&N&N&N&N&N&N&N&N&N&N&N&N&N&N&N&N&N&N&N&N&N&N&N&N&N&N&N&N&N&N&N&N&N&N&N&N&N&N&N&N&N&N&N&N&N&N&N&N&N&N&N&N&N&N&N&N&N&N&N&N&N&N&N&N&N&N&N&N&N&N&N&N&N&N&N&N&N&N&N&N&N&N&N&N&N&N&N&N&N&N&N&N&N&N&
N&N&N&N&N&N&N&N&N&N&N&N&N&N&N&N&N&N&N&N&N&N&N&N&N&N&N&N&N&N&N&N&N&N&N&N&N&N&N&N&N&N&N&N&N&N&N&N&N&N&N&N&N&N&N&N&N&N&N&N&N&N&N&N&N&N&N&N&N&N&N&N&N&N&N&N&N&N&N&N&N&N&N&N&N&N&N&N&N&N&N&N&N&N&N&N&N&N&N&N&
N&N&N&N&N&N&N&N&N&N&N&N&N&N&N&N&N&N&N&N&N&N&N&N&N&N&N&N&N&N&N&N&N&N&N&N&N&N&N&N&N&N&N&N&N&N&N&N&N&N&N&N&N&N&N&N&N&N&N&N&N&N&N&N&N&N&N&N&N&N&N&N&N&N&N&N&N&N&N&N&N&N&N&N&N&N&N&N&N&N&N&N&N&N&N&N&N&N&N&N&
N&N&N&N&N&N&N&N&N&N&N&N&N&N&N&N&N&N&N&N&N&N&N&N&N&N&N&N&N&N&N&N&N&N&N&N&N&N&N&N&N&N&N&N&N&N&N&N&N&N&N&N&N&N&N&N&N&N&N&N&N&N&N&N&N&N&N&N&N&N&N&N&N&N&N&N&N&N&N&N&N&N&N&N&N&N&N&N&N&N&N&N&N&N&N&N&N&N&N&N&
N&N&N&N&N&N&N&N&N&N&N&N&N&N&N&N&N&N&N&N&N&N&N&N&N&N&N&N&N&N&N&N&N&N&N&N&N&N&N&N&N&N&N&N&N&N&N&N&N&N&N&N&N&N&N&N&N&N&N&N&N&N&N&N&N&N&N&N&N&N&N&N&N&N&N&N&N&N&N&N&N&N&N&N&N&N&N&N&N&N&N&N&N&N&N&N&N&N&N&N&
N&N&N&N&N&N&N&N&N&N&N&N&N&N&N&N&N&N&N&N&N&N&N&N&N&N&N&N&N&N&N&N&N&N&N&N&N&N&N&N&N&N&N&N&N&N&N&N&N&N&N&N&N&N&N&N&N&N&N&N&N&N&N&N&N&N&N&N&N&N&N&N&N&N&N&N&N&N&N&N&N&N&N&N&N&N&N&N&N&N&N&N&N&N&N&N&N&N&N&N&
N&N&N&N&N&N&N&N&N&N&N&N&N&N&N&N&N&N&N&N&N&N&N&N&N&N&N&N&N&N&N&N&N&N&N&N&N&N&N&N&N&N&N&N&N&N&N&N&N&N&N&N&N&N&N&N&N&N&N&N&N&N&N&N&N&N&N&N&N&N&N&N&N&N&N&N&N&N&N&N&N&N&N&N&N&N&N&N&N&N&N&N&N&N&N&N&N&N&N&N&
N&N&N&N&N&N&N&N&N&N&N&N&N&N&N&N&N&N&N&N&N&N&N&N&N&N&N&N&N&N&N&N&N&N&N&N&N&N&N&N&N&N&N&N&N&N&N&N&N&N&N&N&N&N&N&N&N&N&N&N&N&N&N&N&N&N&N&N&N&N&N&N&N&N&N&N&N&N&N&N&N&N&N&N&N&N&N&N&N&N&N&N&N&N&N&N&N&N&N&N&
N&N&N&N&N&N&N&N&N&N&N&N&N&N&N&N&N&N&N&N&N&N&N&N&N&N&N&N&N&N&N&N&N&N&N&N&N&N&N&N&N&N&N&N&N&N&N&N&N&N&N&N&N&N&N&N&N&N&N&N&N&N&N&N&N&N&N&N&N&N&N&N&N&N&N&N&N&N&N&N&N&N&N&N&N&N&N&N&N&N&N&N&N&N&N&N&N&N&N&N&
N&N&N&N&N&N&N&N&N&N&N&N&N&N&N&N&N&N&N&N&N&N&N&N&N&N&N&N&N&N&N&N&N&N&N&N&N&N&N&N&N&N&N&N&N&N&N&N&N&N&N&N&N&N&N&N&N&N&N&N&N&N&N&N&N&N&N&N&N&N&N&N&N&N&N&N&N&N&N&N&N&N&N&N&N&N&N&N&N&N&N&N&N&N&N&N&N&N&N&N&
N&N&N&N&N&N&N&N&N&N&N&N&N&N&N&N&N&N&N&N&N&N&N&N&N&N&N&N&N&N&N&N&N&N&N&N&N&N&N&N&N&N&N&N&N&N&N&N&N&N&N&N&N&N&N&N&N&N&N&N&N&N&N&N&N&N&N&N&N&N&N&N&N&N&N&N&N&N&N&N&N&N&N&N&N&N&N&N&N&N&N&N&N&N&N&N&N&N&N&N&
N&N&N&N&N&N&N&N&N&N&N&N&N&N&N&N&N&N&N&N&N&N&N&N&N&N&N&N&N&N&N&N&N&N&N&N&N&N&N&N&N&N&N&N&N&N&N&N&N&N&N&N&N&N&N&N&N&N&N&N&N&N&N&N&N&N&N&N&N&N&N&N&N&N&N&N&N&N&N&N&N&N&N&N&N&N&N&N&N&N&N&N&N&N&N&N&N&N&N&N&
N&N&N&N&N&N&N&N&N&N&N&N&N&N&N&N&N&N&N&N&N&N&N&N&N&N&N&N&N&N&N&N&N&N&N&N&N&N&N&N&N&N&N&N&N&N&N&N&N&N&N&N&N&N&N&N&N&N&N&N&N&N&N&N&N&N&N&N&N&N&N&N&N&N&N&N&N&N&N&N&N&N&N&N&N&N&N&N&N&N&N&N&N&N&N&N&N&N&N&N&
N&N&N&N&N&N&N&N&N&N&N&N&N&N&N&N&N&N&N&N&N&N&N&N&N&N&N&N&N&N&N&N&N&N&N&N&N&N&N&N&N&N&N&N&N&N&N&N&N&N&N&N&N&N&N&N&N&N&N&N&N&N&N&N&N&N&N&N&N&N&N&N&N&N&N&N&N&N&N&N&N&N&N&N&N&N&N&N&N&N&N&N&N&N&N&N&N&N&N&N&
N&N&N&N&N&N&N&N&N&N&N&N&N&N&N&N&N&N&N&N&N&N&N&N&N&N&N&N&N&N&N&N&N&N&N&N&N&N&N&N&N&N&N&N&N&N&N&N&N&N&N&N&N&N&N&N&N&N&N&N&N&N&N&N&N&N&N&N&N&N&N&N&N&N&N&N&N&N&N&N&N&N&N&N&N&N&N&N&N&N&N&N&N&N&N&N&N&N&N&N&
N&N&N&N&N&N&N&N&N&N&N&N&N&N&N&N&N&N&N&N&N&N&N&N&N&N&N&N&N&N&N&N&N&N&N&N&N&N&N&N&N&N&N&N&N&N&N&N&N&N&N&N&N&N&N&N&N&N&N&N&N&N&N&N&N&N&N&N&N&N&N&N&N&N&N&N&N&N&N&N&N&N&N&N&N&N&N&N&N&N&N&N&N&N&N&N&N&N&N&N&
N&N&N&N&N&N&N&N&N&N&N&N&N&N&N&N&N&N&N&N&N&N&N&N&N&N&N&N&N&N&N&N&N&N&N&N&N&N&N&N&N&N&N&N&N&N&N&N&N&N&N&N&N&N&N&N&N&N&N&N&N&N&N&N&N&N&N&N&N&N&N&N&N&N&N&N&N&N&N&N&N&N&N&N&N&N&N&N&N&N&N&N&N&N&N&N&N&N&N&N&
N&N&N&N&N&N&N&N&N&N&N&N&N&N&N&N&N&N&N&N&N&N&N&N&N&N&N&N&N&N&N&N&N&N&N&N&N&N&N&N&N&N&N&N&N&N&N&N&N&N&N&N&N&N&N&N&N&N&N&N&N&N&N&N&N&N&N&N&N&N&N&N&N&N&N&N&N&N&N&N&N&N&N&N&N&N&N&N&N&N&N&N&N&N&N&N&N&N&N&N&
