100
100
1/N/C/N&1/N/C/N&1/N/C/N&1/N/C/N&1/N/C/N&1/N/C/N&1/N/N/N&1/N/N/N&1/N/N/N&1/N/C/N&1/N/C/N&1/N/C/N&1/N/C/N&N&N&N&N&N&N&N&N&N&N&N&N&N&N&N&N&N&N&N&N&N&N&N&N&N&N&N&N&N&N&N&N&N&N&N&N&N&N&N&N&N&N&N&N&N&N&N&N&N&N&N&N&N&N&N&N&N&N&N&N&N&N&N&N&N&N&N&N&N&N&N&N&N&N&N&N&N&N&N&N&N&N&N&N&N&N&N&
1/N/C/N&0/N/N/0&0/N/N/N&0/N/N/N&0/N/N/N&1/N/C/N&1/N/N/N&1/N/N/N&1/N/C/N&1/N/C/N&0/N/N/N&0/N/N/N&1/N/C/N&N&N&N&N&N&N&N&N&N&N&N&N&N&N&N&N&N&N&N&N&N&N&N&N&N&N&N&N&N&N&N&N&N&N&N&N&N&N&N&N&N&N&N&N&N&N&N&N&N&N&N&N&N&N&N&N&N&N&N&N&N&N&N&N&N&N&N&N&N&N&N&N&N&N&N&N&N&N&N&N&N&N&N&N&N&N&N&
1/N/C/N&0/N/N/N&0/N/N/N&0/N/N/N&0/N/N/N&1/N/C/N&1/N/C/N&1/N/N/N&1/N/C/N&0/N/N/N&0/N/N/N&0/N/N/N&1/N/C/N&N&N&N&N&N&N&N&N&N&N&N&N&N&N&N&N&N&N&N&N&N&N&N&N&N&N&N&N&N&N&N&N&N&N&N&N&N&N&N&N&N&N&N&N&N&N&N&N&N&N&N&N&N&N&N&N&N&N&N&N&N&N&N&N&N&N&N&N&N&N&N&N&N&N&N&N&N&N&N&N&N&N&N&N&N&N&N&
1/N/C/N&0/N/N/N&0/N/N/N&0/N/N/N&0/N/N/N&0/N/N/N&1/N/C/N&1/N/C/N&1/N/C/N&0/N/N/N&0/N/N/N&0/N/N/N&1/N/C/N&N&N&N&N&N&N&N&N&N&N&N&N&N&N&N&N&N&N&N&N&N&N&N&N&N&N&N&N&N&N&N&N&N&N&N&N&N&N&N&N&N&N&N&N&N&N&N&N&N&N&N&N&N&N&N&N&N&N&N&N&N&N&N&N&N&N&N&N&N&N&N&N&N&N&N&N&N&N&N&N&N&N&N&N&N&N&N&
1/N/C/N&0/N/N/N&0/N/N/N&0/N/N/N&0/N/N/N&0/N/N/N&1/N/C/N&1/N/C/N&0/N/N/N&0/N/N/N&0/N/N/N&0/N/N/N&1/N/C/N&N&N&N&N&N&N&N&N&N&N&N&N&N&N&N&N&N&N&N&N&N&N&N&N&N&N&N&N&N&N&N&N&N&N&N&N&N&N&N&N&N&N&N&N&N&N&N&N&N&N&N&N&N&N&N&N&N&N&N&N&N&N&N&N&N&N&N&N&N&N&N&N&N&N&N&N&N&N&N&N&N&N&N&N&N&N&N&
1/N/C/N&0/N/N/N&0/N/N/N&0/N/N/N&0/N/N/N&0/N/N/N&1/N/C/N&1/N/C/N&0/N/N/N&0/N/N/N&0/N/N/N&0/N/N/N&1/N/C/N&N&N&N&N&N&N&N&N&N&N&N&N&N&N&N&N&N&N&N&N&N&N&N&N&N&N&N&N&N&N&N&N&N&N&N&N&N&N&N&N&N&N&N&N&N&N&N&N&N&N&N&N&N&N&N&N&N&N&N&N&N&N&N&N&N&N&N&N&N&N&N&N&N&N&N&N&N&N&N&N&N&N&N&N&N&N&N&
1/N/C/N&0/N/N/N&0/N/N/N&0/N/N/N&0/N/N/N&0/N/N/N&1/N/C/N&0/N/N/N&0/N/N/N&0/N/N/N&0/N/N/N&1/N/C/N&1/N/C/N&N&N&N&N&N&N&N&N&N&N&N&N&N&N&N&N&N&N&N&N&N&N&N&N&N&N&N&N&N&N&N&N&N&N&N&N&N&N&N&N&N&N&N&N&N&N&N&N&N&N&N&N&N&N&N&N&N&N&N&N&N&N&N&N&N&N&N&N&N&N&N&N&N&N&N&N&N&N&N&N&N&N&N&N&N&N&N&
1/N/C/N&0/N/N/N&0/N/N/N&0/N/N/N&0/N/N/N&0/N/N/N&0/N/N/N&0/N/N/N&0/N/N/N&0/N/N/N&0/N/N/N&1/N/C/N&N&N&N&N&N&N&N&N&N&N&N&N&N&N&N&N&N&N&N&N&N&N&N&N&N&N&N&N&N&N&N&N&N&N&N&N&N&N&N&N&N&N&N&N&N&N&N&N&N&N&N&N&N&N&N&N&N&N&N&N&N&N&N&N&N&N&N&N&N&N&N&N&N&N&N&N&N&N&N&N&N&N&N&N&N&N&N&N&
1/N/C/N&0/N/N/N&0/N/N/N&0/N/N/N&0/N/N/N&0/N/N/N&0/N/N/N&0/N/N/N&0/N/N/N&0/N/N/N&1/N/C/N&1/N/C/N&N&N&N&N&N&N&N&N&N&N&N&N&N&N&N&N&N&N&N&N&N&N&N&N&N&N&N&N&N&N&N&N&N&N&N&N&N&N&N&N&N&N&N&N&N&N&N&N&N&N&N&N&N&N&N&N&N&N&N&N&N&N&N&N&N&N&N&N&N&N&N&N&N&N&N&N&N&N&N&N&N&N&N&N&N&N&N&N&
1/N/C/N&1/N/C/N&1/N/C/N&1/N/C/N&1/N/C/N&1/N/C/N&1/N/C/N&0/N/N/N&0/N/N/N&1/N/C/N&1/N/C/N&N&N&N&N&N&N&N&N&N&N&N&N&N&N&N&N&N&N&N&N&N&N&N&N&N&N&N&N&N&N&N&N&N&N&N&N&N&N&N&N&N&N&N&N&N&N&N&N&N&N&N&N&N&N&N&N&N&N&N&N&N&N&N&N&N&N&N&N&N&N&N&N&N&N&N&N&N&N&N&N&N&N&N&N&N&N&N&N&N&
N&N&N&N&N&N&1/N/C/N&1/N/C/N&1/N/C/N&1/N/C/N&N&N&N&N&N&N&N&N&N&N&N&N&N&N&N&N&N&N&N&N&N&N&N&N&N&N&N&N&N&N&N&N&N&N&N&N&N&N&N&N&N&N&N&N&N&N&N&N&N&N&N&N&N&N&N&N&N&N&N&N&N&N&N&N&N&N&N&N&N&N&N&N&N&N&N&N&N&N&N&N&N&N&N&N&N&N&N&N&N&N&
N&N&N&N&N&N&N&N&N&N&N&N&N&N&N&N&N&N&N&N&N&N&N&N&N&N&N&N&N&N&N&N&N&N&N&N&N&N&N&N&N&N&N&N&N&N&N&N&N&N&N&N&N&N&N&N&N&N&N&N&N&N&N&N&N&N&N&N&N&N&N&N&N&N&N&N&N&N&N&N&N&N&N&N&N&N&N&N&N&N&N&N&N&N&N&N&N&N&N&N&
N&N&N&N&N&N&N&N&N&N&N&N&N&N&N&N&N&N&N&N&N&N&N&N&N&N&N&N&N&N&N&N&N&N&N&N&N&N&N&N&N&N&N&N&N&N&N&N&N&N&N&N&N&N&N&N&N&N&N&N&N&N&N&N&N&N&N&N&N&N&N&N&N&N&N&N&N&N&N&N&N&N&N&N&N&N&N&N&N&N&N&N&N&N&N&N&N&N&N&N&
N&N&N&N&N&N&N&N&N&N&N&N&N&N&N&N&N&N&N&N&N&N&N&N&N&N&N&N&N&N&N&N&N&N&N&N&N&N&N&N&N&N&N&N&N&N&N&N&N&N&N&N&N&N&N&N&N&N&N&N&N&N&N&N&N&N&N&N&N&N&N&N&N&N&N&N&N&N&N&N&N&N&N&N&N&N&N&N&N&N&N&N&N&N&N&N&N&N&N&N&
N&N&N&N&N&N&N&N&N&N&N&N&N&N&N&N&N&N&N&N&N&N&N&N&N&N&N&N&N&N&N&N&N&N&N&N&N&N&N&N&N&N&N&N&N&N&N&N&N&N&N&N&N&N&N&N&N&N&N&N&N&N&N&N&N&N&N&N&N&N&N&N&N&N&N&N&N&N&N&N&N&N&N&N&N&N&N&N&N&N&N&N&N&N&N&N&N&N&N&N&
N&N&N&N&N&N&N&N&N&N&N&N&N&N&N&N&N&N&N&N&N&N&N&N&N&N&N&N&N&N&N&N&N&N&N&N&N&N&N&N&N&N&N&N&N&N&N&N&N&N&N&N&N&N&N&N&N&N&N&N&N&N&N&N&N&N&N&N&N&N&N&N&N&N&N&N&N&N&N&N&N&N&N&N&N&N&N&N&N&N&N&N&N&N&N&N&N&N&N&N&
N&N&N&N&N&N&N&N&N&N&N&N&N&N&N&N&N&N&N&N&N&N&N&N&N&N&N&N&N&N&N&N&N&N&N&N&N&N&N&N&N&N&N&N&N&N&N&N&N&N&N&N&N&N&N&N&N&N&N&N&N&N&N&N&N&N&N&N&N&N&N&N&N&N&N&N&N&N&N&N&N&N&N&N&N&N&N&N&N&N&N&N&N&N&N&N&N&N&N&N&
N&N&N&N&N&N&N&N&N&N&N&N&N&N&N&N&N&N&N&N&N&N&N&N&N&N&N&N&N&N&N&N&N&N&N&N&N&N&N&N&N&N&N&N&N&N&N&N&N&N&N&N&N&N&N&N&N&N&N&N&N&N&N&N&N&N&N&N&N&N&N&N&N&N&N&N&N&N&N&N&N&N&N&N&N&N&N&N&N&N&N&N&N&N&N&N&N&N&N&N&
N&N&N&N&N&N&N&N&N&N&N&N&N&N&N&N&N&N&N&N&N&N&N&N&N&N&N&N&N&N&N&N&N&N&N&N&N&N&N&N&N&N&N&N&N&N&N&N&N&N&N&N&N&N&N&N&N&N&N&N&N&N&N&N&N&N&N&N&N&N&N&N&N&N&N&N&N&N&N&N&N&N&N&N&N&N&N&N&N&N&N&N&N&N&N&N&N&N&N&N&
N&N&N&N&N&N&N&N&N&N&N&N&N&N&N&N&N&N&N&N&N&N&N&N&N&N&N&N&N&N&N&N&N&N&N&N&N&N&N&N&N&N&N&N&N&N&N&N&N&N&N&N&N&N&N&N&N&N&N&N&N&N&N&N&N&N&N&N&N&N&N&N&N&N&N&N&N&N&N&N&N&N&N&N&N&N&N&N&N&N&N&N&N&N&N&N&N&N&N&N&
N&N&N&N&N&N&N&N&N&N&N&N&N&N&N&N&N&N&N&N&N&N&N&N&N&N&N&N&N&N&N&N&N&N&N&N&N&N&N&N&N&N&N&N&N&N&N&N&N&N&N&N&N&N&N&N&N&N&N&N&N&N&N&N&N&N&N&N&N&N&N&N&N&N&N&N&N&N&N&N&N&N&N&N&N&N&N&N&N&N&N&N&N&N&N&N&N&N&N&N&
N&N&N&N&N&N&N&N&N&N&N&N&N&N&N&N&N&N&N&N&N&N&N&N&N&N&N&N&N&N&N&N&N&N&N&N&N&N&N&N&N&N&N&N&N&N&N&N&N&N&N&N&N&N&N&N&N&N&N&N&N&N&N&N&N&N&N&N&N&N&N&N&N&N&N&N&N&N&N&N&N&N&N&N&N&N&N&N&N&N&N&N&N&N&N&N&N&N&N&N&
N&N&N&N&N&N&N&N&N&N&N&N&N&N&N&N&N&N&N&N&N&N&N&N&N&N&N&N&N&N&N&N&N&N&N&N&N&N&N&N&N&N&N&N&N&N&N&N&N&N&N&N&N&N&N&N&N&N&N&N&N&N&N&N&N&N&N&N&N&N&N&N&N&N&N&N&N&N&N&N&N&N&N&N&N&N&N&N&N&N&N&N&N&N&N&N&N&N&N&N&
N&N&N&N&N&N&N&N&N&N&N&N&N&N&N&N&N&N&N&N&N&N&N&N&N&N&N&N&N&N&N&N&N&N&N&N&N&N&N&N&N&N&N&N&N&N&N&N&N&N&N&N&N&N&N&N&N&N&N&N&N&N&N&N&N&N&N&N&N&N&N&N&N&N&N&N&N&N&N&N&N&N&N&N&N&N&N&N&N&N&N&N&N&N&N&N&N&N&N&N&
N&N&N&N&N&N&N&N&N&N&N&N&N&N&N&N&N&N&N&N&N&N&N&N&N&N&N&N&N&N&N&N&N&N&N&N&N&N&N&N&N&N&N&N&N&N&N&N&N&N&N&N&N&N&N&N&N&N&N&N&N&N&N&N&N&N&N&N&N&N&N&N&N&N&N&N&N&N&N&N&N&N&N&N&N&N&N&N&N&N&N&N&N&N&N&N&N&N&N&N&
N&N&N&N&N&N&N&N&N&N&N&N&N&N&N&N&N&N&N&N&N&N&N&N&N&N&N&N&N&N&N&N&N&N&N&N&N&N&N&N&N&N&N&N&N&N&N&N&N&N&N&N&N&N&N&N&N&N&N&N&N&N&N&N&N&N&N&N&N&N&N&N&N&N&N&N&N&N&N&N&N&N&N&N&N&N&N&N&N&N&N&N&N&N&N&N&N&N&N&N&
N&N&N&N&N&N&N&N&N&N&N&N&N&N&N&N&N&N&N&N&N&N&N&N&N&N&N&N&N&N&N&N&N&N&N&N&N&N&N&N&N&N&N&N&N&N&N&N&N&N&N&N&N&N&N&N&N&N&N&N&N&N&N&N&N&N&N&N&N&N&N&N&N&N&N&N&N&N&N&N&N&N&N&N&N&N&N&N&N&N&N&N&N&N&N&N&N&N&N&N&
N&N&N&N&N&N&N&N&N&N&N&N&N&N&N&N&N&N&N&N&N&N&N&N&N&N&N&N&N&N&N&N&N&N&N&N&N&N&N&N&N&N&N&N&N&N&N&N&N&N&N&N&N&N&N&N&N&N&N&N&N&N&N&N&N&N&N&N&N&N&N&N&N&N&N&N&N&N&N&N&N&N&N&N&N&N&N&N&N&N&N&N&N&N&N&N&N&N&N&N&
N&N&N&N&N&N&N&N&N&N&N&N&N&N&N&N&N&N&N&N&N&N&N&N&N&N&N&N&N&N&N&N&N&N&N&N&N&N&N&N&N&N&N&N&N&N&N&N&N&N&N&N&N&N&N&N&N&N&N&N&N&N&N&N&N&N&N&N&N&N&N&N&N&N&N&N&N&N&N&N&N&N&N&N&N&N&N&N&N&N&N&N&N&N&N&N&N&N&N&N&
N&N&N&N&N&N&N&N&N&N&N&N&N&N&N&N&N&N&N&N&N&N&N&N&N&N&N&N&N&N&N&N&N&N&N&N&N&N&N&N&N&N&N&N&N&N&N&N&N&N&N&N&N&N&N&N&N&N&N&N&N&N&N&N&N&N&N&N&N&N&N&N&N&N&N&N&N&N&N&N&N&N&N&N&N&N&N&N&N&N&N&N&N&N&N&N&N&N&N&N&
N&N&N&N&N&N&N&N&N&N&N&N&N&N&N&N&N&N&N&N&N&N&N&N&N&N&N&N&N&N&N&N&N&N&N&N&N&N&N&N&N&N&N&N&N&N&N&N&N&N&N&N&N&N&N&N&N&N&N&N&N&N&N&N&N&N&N&N&N&N&N&N&N&N&N&N&N&N&N&N&N&N&N&N&N&N&N&N&N&N&N&N&N&N&N&N&N&N&N&N&
N&N&N&N&N&N&N&N&N&N&N&N&N&N&N&N&N&N&N&N&N&N&N&N&N&N&N&N&N&N&N&N&N&N&N&N&N&N&N&N&N&N&N&N&N&N&N&N&N&N&N&N&N&N&N&N&N&N&N&N&N&N&N&N&N&N&N&N&N&N&N&N&N&N&N&N&N&N&N&N&N&N&N&N&N&N&N&N&N&N&N&N&N&N&N&N&N&N&N&N&
N&N&N&N&N&N&N&N&N&N&N&N&N&N&N&N&N&N&N&N&N&N&N&N&N&N&N&N&N&N&N&N&N&N&N&N&N&N&N&N&N&N&N&N&N&N&N&N&N&N&N&N&N&N&N&N&N&N&N&N&N&N&N&N&N&N&N&N&N&N&N&N&N&N&N&N&N&N&N&N&N&N&N&N&N&N&N&N&N&N&N&N&N&N&N&N&N&N&N&N&
N&N&N&N&N&N&N&N&N&N&N&N&N&N&N&N&N&N&N&N&N&N&N&N&N&N&N&N&N&N&N&N&N&N&N&N&N&N&N&N&N&N&N&N&N&N&N&N&N&N&N&N&N&N&N&N&N&N&N&N&N&N&N&N&N&N&N&N&N&N&N&N&N&N&N&N&N&N&N&N&N&N&N&N&N&N&N&N&N&N&N&N&N&N&N&N&N&N&N&N&
N&N&N&N&N&N&N&N&N&N&N&N&N&N&N&N&N&N&N&N&N&N&N&N&N&N&N&N&N&N&N&N&N&N&N&N&N&N&N&N&N&N&N&N&N&N&N&N&N&N&N&N&N&N&N&N&N&N&N&N&N&N&N&N&N&N&N&N&N&N&N&N&N&N&N&N&N&N&N&N&N&N&N&N&N&N&N&N&N&N&N&N&N&N&N&N&N&N&N&N&
N&N&N&N&N&N&N&N&N&N&N&N&N&N&N&N&N&N&N&N&N&N&N&N&N&N&N&N&N&N&N&N&N&N&N&N&N&N&N&N&N&N&N&N&N&N&N&N&N&N&N&N&N&N&N&N&N&N&N&N&N&N&N&N&N&N&N&N&N&N&N&N&N&N&N&N&N&N&N&N&N&N&N&N&N&N&N&N&N&N&N&N&N&N&N&N&N&N&N&N&
N&N&N&N&N&N&N&N&N&N&N&N&N&N&N&N&N&N&N&N&N&N&N&N&N&N&N&N&N&N&N&N&N&N&N&N&N&N&N&N&N&N&N&N&N&N&N&N&N&N&N&N&N&N&N&N&N&N&N&N&N&N&N&N&N&N&N&N&N&N&N&N&N&N&N&N&N&N&N&N&N&N&N&N&N&N&N&N&N&N&N&N&N&N&N&N&N&N&N&N&
N&N&N&N&N&N&N&N&N&N&N&N&N&N&N&N&N&N&N&N&N&N&N&N&N&N&N&N&N&N&N&N&N&N&N&N&N&N&N&N&N&N&N&N&N&N&N&N&N&N&N&N&N&N&N&N&N&N&N&N&N&N&N&N&N&N&N&N&N&N&N&N&N&N&N&N&N&N&N&N&N&N&N&N&N&N&N&N&N&N&N&N&N&N&N&N&N&N&N&N&
N&N&N&N&N&N&N&N&N&N&N&N&N&N&N&N&N&N&N&N&N&N&N&N&N&N&N&N&N&N&N&N&N&N&N&N&N&N&N&N&N&N&N&N&N&N&N&N&N&N&N&N&N&N&N&N&N&N&N&N&N&N&N&N&N&N&N&N&N&N&N&N&N&N&N&N&N&N&N&N&N&N&N&N&N&N&N&N&N&N&N&N&N&N&N&N&N&N&N&N&
N&N&N&N&N&N&N&N&N&N&N&N&N&N&N&N&N&N&N&N&N&N&N&N&N&N&N&N&N&N&N&N&N&N&N&N&N&N&N&N&N&N&N&N&N&N&N&N&N&N&N&N&N&N&N&N&N&N&N&N&N&N&N&N&N&N&N&N&N&N&N&N&N&N&N&N&N&N&N&N&N&N&N&N&N&N&N&N&N&N&N&N&N&N&N&N&N&N&N&N&
N&N&N&N&N&N&N&N&N&N&N&N&N&N&N&N&N&N&N&N&N&N&N&N&N&N&N&N&N&N&N&N&N&N&N&N&N&N&N&N&N&N&N&N&N&N&N&N&N&N&N&N&N&N&N&N&N&N&N&N&N&N&N&N&N&N&N&N&N&N&N&N&N&N&N&N&N&N&N&N&N&N&N&N&N&N&N&N&N&N&N&N&N&N&N&N&N&N&N&N&
N&N&N&N&N&N&N&N&N&N&N&N&N&N&N&N&N&N&N&N&N&N&N&N&N&N&N&N&N&N&N&N&N&N&N&N&N&N&N&N&N&N&N&N&N&N&N&N&N&N&N&N&N&N&N&N&N&N&N&N&N&N&N&N&N&N&N&N&N&N&N&N&N&N&N&N&N&N&N&N&N&N&N&N&N&N&N&N&N&N&N&N&N&N&N&N&N&N&N&N&
N&N&N&N&N&N&N&N&N&N&N&N&N&N&N&N&N&N&N&N&N&N&N&N&N&N&N&N&N&N&N&N&N&N&N&N&N&N&N&N&N&N&N&N&N&N&N&N&N&N&N&N&N&N&N&N&N&N&N&N&N&N&N&N&N&N&N&N&N&N&N&N&N&N&N&N&N&N&N&N&N&N&N&N&N&N&N&N&N&N&N&N&N&N&N&N&N&N&N&N&
N&N&N&N&N&N&N&N&N&N&N&N&N&N&N&N&N&N&N&N&N&N&N&N&N&N&N&N&N&N&N&N&N&N&N&N&N&N&N&N&N&N&N&N&N&N&N&N&N&N&N&N&N&N&N&N&N&N&N&N&N&N&N&N&N&N&N&N&N&N&N&N&N&N&N&N&N&N&N&N&N&N&N&N&N&N&N&N&N&N&N&N&N&N&N&N&N&N&N&N&
N&N&N&N&N&N&N&N&N&N&N&N&N&N&N&N&N&N&N&N&N&N&N&N&N&N&N&N&N&N&N&N&N&N&N&N&N&N&N&N&N&N&N&N&N&N&N&N&N&N&N&N&N&N&N&N&N&N&N&N&N&N&N&N&N&N&N&N&N&N&N&N&N&N&N&N&N&N&N&N&N&N&N&N&N&N&N&N&N&N&N&N&N&N&N&N&N&N&N&N&
N&N&N&N&N&N&N&N&N&N&N&N&N&N&N&N&N&N&N&N&N&N&N&N&N&N&N&N&N&N&N&N&N&N&N&N&N&N&N&N&N&N&N&N&N&N&N&N&N&N&N&N&N&N&N&N&N&N&N&N&N&N&N&N&N&N&N&N&N&N&N&N&N&N&N&N&N&N&N&N&N&N&N&N&N&N&N&N&N&N&N&N&N&N&N&N&N&N&N&N&
N&N&N&N&N&N&N&N&N&N&N&N&N&N&N&N&N&N&N&N&N&N&N&N&N&N&N&N&N&N&N&N&N&N&N&N&N&N&N&N&N&N&N&N&N&N&N&N&N&N&N&N&N&N&N&N&N&N&N&N&N&N&N&N&N&N&N&N&N&N&N&N&N&N&N&N&N&N&N&N&N&N&N&N&N&N&N&N&N&N&N&N&N&N&N&N&N&N&N&N&
N&N&N&N&N&N&N&N&N&N&N&N&N&N&N&N&N&N&N&N&N&N&N&N&N&N&N&N&N&N&N&N&N&N&N&N&N&N&N&N&N&N&N&N&N&N&N&N&N&N&N&N&N&N&N&N&N&N&N&N&N&N&N&N&N&N&N&N&N&N&N&N&N&N&N&N&N&N&N&N&N&N&N&N&N&N&N&N&N&N&N&N&N&N&N&N&N&N&N&N&
N&N&N&N&N&N&N&N&N&N&N&N&N&N&N&N&N&N&N&N&N&N&N&N&N&N&N&N&N&N&N&N&N&N&N&N&N&N&N&N&N&N&N&N&N&N&N&N&N&N&N&N&N&N&N&N&N&N&N&N&N&N&N&N&N&N&N&N&N&N&N&N&N&N&N&N&N&N&N&N&N&N&N&N&N&N&N&N&N&N&N&N&N&N&N&N&N&N&N&N&
N&N&N&N&N&N&N&N&N&N&N&N&N&N&N&N&N&N&N&N&N&N&N&N&N&N&N&N&N&N&N&N&N&N&N&N&N&N&N&N&N&N&N&N&N&N&N&N&N&N&N&N&N&N&N&N&N&N&N&N&N&N&N&N&N&N&N&N&N&N&N&N&N&N&N&N&N&N&N&N&N&N&N&N&N&N&N&N&N&N&N&N&N&N&N&N&N&N&N&N&
N&N&N&N&N&N&N&N&N&N&N&N&N&N&N&N&N&N&N&N&N&N&N&N&N&N&N&N&N&N&N&N&N&N&N&N&N&N&N&N&N&N&N&N&N&N&N&N&N&N&N&N&N&N&N&N&N&N&N&N&N&N&N&N&N&N&N&N&N&N&N&N&N&N&N&N&N&N&N&N&N&N&N&N&N&N&N&N&N&N&N&N&N&N&N&N&N&N&N&N&
N&N&N&N&N&N&N&N&N&N&N&N&N&N&N&N&N&N&N&N&N&N&N&N&N&N&N&N&N&N&N&N&N&N&N&N&N&N&N&N&N&N&N&N&N&N&N&N&N&N&N&N&N&N&N&N&N&N&N&N&N&N&N&N&N&N&N&N&N&N&N&N&N&N&N&N&N&N&N&N&N&N&N&N&N&N&N&N&N&N&N&N&N&N&N&N&N&N&N&N&
N&N&N&N&N&N&N&N&N&N&N&N&N&N&N&N&N&N&N&N&N&N&N&N&N&N&N&N&N&N&N&N&N&N&N&N&N&N&N&N&N&N&N&N&N&N&N&N&N&N&N&N&N&N&N&N&N&N&N&N&N&N&N&N&N&N&N&N&N&N&N&N&N&N&N&N&N&N&N&N&N&N&N&N&N&N&N&N&N&N&N&N&N&N&N&N&N&N&N&N&
N&N&N&N&N&N&N&N&N&N&N&N&N&N&N&N&N&N&N&N&N&N&N&N&N&N&N&N&N&N&N&N&N&N&N&N&N&N&N&N&N&N&N&N&N&N&N&N&N&N&N&N&N&N&N&N&N&N&N&N&N&N&N&N&N&N&N&N&N&N&N&N&N&N&N&N&N&N&N&N&N&N&N&N&N&N&N&N&N&N&N&N&N&N&N&N&N&N&N&N&
N&N&N&N&N&N&N&N&N&N&N&N&N&N&N&N&N&N&N&N&N&N&N&N&N&N&N&N&N&N&N&N&N&N&N&N&N&N&N&N&N&N&N&N&N&N&N&N&N&N&N&N&N&N&N&N&N&N&N&N&N&N&N&N&N&N&N&N&N&N&N&N&N&N&N&N&N&N&N&N&N&N&N&N&N&N&N&N&N&N&N&N&N&N&N&N&N&N&N&N&
N&N&N&N&N&N&N&N&N&N&N&N&N&N&N&N&N&N&N&N&N&N&N&N&N&N&N&N&N&N&N&N&N&N&N&N&N&N&N&N&N&N&N&N&N&N&N&N&N&N&N&N&N&N&N&N&N&N&N&N&N&N&N&N&N&N&N&N&N&N&N&N&N&N&N&N&N&N&N&N&N&N&N&N&N&N&N&N&N&N&N&N&N&N&N&N&N&N&N&N&
N&N&N&N&N&N&N&N&N&N&N&N&N&N&N&N&N&N&N&N&N&N&N&N&N&N&N&N&N&N&N&N&N&N&N&N&N&N&N&N&N&N&N&N&N&N&N&N&N&N&N&N&N&N&N&N&N&N&N&N&N&N&N&N&N&N&N&N&N&N&N&N&N&N&N&N&N&N&N&N&N&N&N&N&N&N&N&N&N&N&N&N&N&N&N&N&N&N&N&N&
N&N&N&N&N&N&N&N&N&N&N&N&N&N&N&N&N&N&N&N&N&N&N&N&N&N&N&N&N&N&N&N&N&N&N&N&N&N&N&N&N&N&N&N&N&N&N&N&N&N&N&N&N&N&N&N&N&N&N&N&N&N&N&N&N&N&N&N&N&N&N&N&N&N&N&N&N&N&N&N&N&N&N&N&N&N&N&N&N&N&N&N&N&N&N&N&N&N&N&N&
N&N&N&N&N&N&N&N&N&N&N&N&N&N&N&N&N&N&N&N&N&N&N&N&N&N&N&N&N&N&N&N&N&N&N&N&N&N&N&N&N&N&N&N&N&N&N&N&N&N&N&N&N&N&N&N&N&N&N&N&N&N&N&N&N&N&N&N&N&N&N&N&N&N&N&N&N&N&N&N&N&N&N&N&N&N&N&N&N&N&N&N&N&N&N&N&N&N&N&N&
N&N&N&N&N&N&N&N&N&N&N&N&N&N&N&N&N&N&N&N&N&N&N&N&N&N&N&N&N&N&N&N&N&N&N&N&N&N&N&N&N&N&N&N&N&N&N&N&N&N&N&N&N&N&N&N&N&N&N&N&N&N&N&N&N&N&N&N&N&N&N&N&N&N&N&N&N&N&N&N&N&N&N&N&N&N&N&N&N&N&N&N&N&N&N&N&N&N&N&N&
N&N&N&N&N&N&N&N&N&N&N&N&N&N&N&N&N&N&N&N&N&N&N&N&N&N&N&N&N&N&N&N&N&N&N&N&N&N&N&N&N&N&N&N&N&N&N&N&N&N&N&N&N&N&N&N&N&N&N&N&N&N&N&N&N&N&N&N&N&N&N&N&N&N&N&N&N&N&N&N&N&N&N&N&N&N&N&N&N&N&N&N&N&N&N&N&N&N&N&N&
N&N&N&N&N&N&N&N&N&N&N&N&N&N&N&N&N&N&N&N&N&N&N&N&N&N&N&N&N&N&N&N&N&N&N&N&N&N&N&N&N&N&N&N&N&N&N&N&N&N&N&N&N&N&N&N&N&N&N&N&N&N&N&N&N&N&N&N&N&N&N&N&N&N&N&N&N&N&N&N&N&N&N&N&N&N&N&N&N&N&N&N&N&N&N&N&N&N&N&N&
N&N&N&N&N&N&N&N&N&N&N&N&N&N&N&N&N&N&N&N&N&N&N&N&N&N&N&N&N&N&N&N&N&N&N&N&N&N&N&N&N&N&N&N&N&N&N&N&N&N&N&N&N&N&N&N&N&N&N&N&N&N&N&N&N&N&N&N&N&N&N&N&N&N&N&N&N&N&N&N&N&N&N&N&N&N&N&N&N&N&N&N&N&N&N&N&N&N&N&N&
N&N&N&N&N&N&N&N&N&N&N&N&N&N&N&N&N&N&N&N&N&N&N&N&N&N&N&N&N&N&N&N&N&N&N&N&N&N&N&N&N&N&N&N&N&N&N&N&N&N&N&N&N&N&N&N&N&N&N&N&N&N&N&N&N&N&N&N&N&N&N&N&N&N&N&N&N&N&N&N&N&N&N&N&N&N&N&N&N&N&N&N&N&N&N&N&N&N&N&N&
N&N&N&N&N&N&N&N&N&N&N&N&N&N&N&N&N&N&N&N&N&N&N&N&N&N&N&N&N&N&N&N&N&N&N&N&N&N&N&N&N&N&N&N&N&N&N&N&N&N&N&N&N&N&N&N&N&N&N&N&N&N&N&N&N&N&N&N&N&N&N&N&N&N&N&N&N&N&N&N&N&N&N&N&N&N&N&N&N&N&N&N&N&N&N&N&N&N&N&N&
N&N&N&N&N&N&N&N&N&N&N&N&N&N&N&N&N&N&N&N&N&N&N&N&N&N&N&N&N&N&N&N&N&N&N&N&N&N&N&N&N&N&N&N&N&N&N&N&N&N&N&N&N&N&N&N&N&N&N&N&N&N&N&N&N&N&N&N&N&N&N&N&N&N&N&N&N&N&N&N&N&N&N&N&N&N&N&N&N&N&N&N&N&N&N&N&N&N&N&N&
N&N&N&N&N&N&N&N&N&N&N&N&N&N&N&N&N&N&N&N&N&N&N&N&N&N&N&N&N&N&N&N&N&N&N&N&N&N&N&N&N&N&N&N&N&N&N&N&N&N&N&N&N&N&N&N&N&N&N&N&N&N&N&N&N&N&N&N&N&N&N&N&N&N&N&N&N&N&N&N&N&N&N&N&N&N&N&N&N&N&N&N&N&N&N&N&N&N&N&N&
N&N&N&N&N&N&N&N&N&N&N&N&N&N&N&N&N&N&N&N&N&N&N&N&N&N&N&N&N&N&N&N&N&N&N&N&N&N&N&N&N&N&N&N&N&N&N&N&N&N&N&N&N&N&N&N&N&N&N&N&N&N&N&N&N&N&N&N&N&N&N&N&N&N&N&N&N&N&N&N&N&N&N&N&N&N&N&N&N&N&N&N&N&N&N&N&N&N&N&N&
N&N&N&N&N&N&N&N&N&N&N&N&N&N&N&N&N&N&N&N&N&N&N&N&N&N&N&N&N&N&N&N&N&N&N&N&N&N&N&N&N&N&N&N&N&N&N&N&N&N&N&N&N&N&N&N&N&N&N&N&N&N&N&N&N&N&N&N&N&N&N&N&N&N&N&N&N&N&N&N&N&N&N&N&N&N&N&N&N&N&N&N&N&N&N&N&N&N&N&N&
N&N&N&N&N&N&N&N&N&N&N&N&N&N&N&N&N&N&N&N&N&N&N&N&N&N&N&N&N&N&N&N&N&N&N&N&N&N&N&N&N&N&N&N&N&N&N&N&N&N&N&N&N&N&N&N&N&N&N&N&N&N&N&N&N&N&N&N&N&N&N&N&N&N&N&N&N&N&N&N&N&N&N&N&N&N&N&N&N&N&N&N&N&N&N&N&N&N&N&N&
N&N&N&N&N&N&N&N&N&N&N&N&N&N&N&N&N&N&N&N&N&N&N&N&N&N&N&N&N&N&N&N&N&N&N&N&N&N&N&N&N&N&N&N&N&N&N&N&N&N&N&N&N&N&N&N&N&N&N&N&N&N&N&N&N&N&N&N&N&N&N&N&N&N&N&N&N&N&N&N&N&N&N&N&N&N&N&N&N&N&N&N&N&N&N&N&N&N&N&N&
N&N&N&N&N&N&N&N&N&N&N&N&N&N&N&N&N&N&N&N&N&N&N&N&N&N&N&N&N&N&N&N&N&N&N&N&N&N&N&N&N&N&N&N&N&N&N&N&N&N&N&N&N&N&N&N&N&N&N&N&N&N&N&N&N&N&N&N&N&N&N&N&N&N&N&N&N&N&N&N&N&N&N&N&N&N&N&N&N&N&N&N&N&N&N&N&N&N&N&N&
N&N&N&N&N&N&N&N&N&N&N&N&N&N&N&N&N&N&N&N&N&N&N&N&N&N&N&N&N&N&N&N&N&N&N&N&N&N&N&N&N&N&N&N&N&N&N&N&N&N&N&N&N&N&N&N&N&N&N&N&N&N&N&N&N&N&N&N&N&N&N&N&N&N&N&N&N&N&N&N&N&N&N&N&N&N&N&N&N&N&N&N&N&N&N&N&N&N&N&N&
N&N&N&N&N&N&N&N&N&N&N&N&N&N&N&N&N&N&N&N&N&N&N&N&N&N&N&N&N&N&N&N&N&N&N&N&N&N&N&N&N&N&N&N&N&N&N&N&N&N&N&N&N&N&N&N&N&N&N&N&N&N&N&N&N&N&N&N&N&N&N&N&N&N&N&N&N&N&N&N&N&N&N&N&N&N&N&N&N&N&N&N&N&N&N&N&N&N&N&N&
N&N&N&N&N&N&N&N&N&N&N&N&N&N&N&N&N&N&N&N&N&N&N&N&N&N&N&N&N&N&N&N&N&N&N&N&N&N&N&N&N&N&N&N&N&N&N&N&N&N&N&N&N&N&N&N&N&N&N&N&N&N&N&N&N&N&N&N&N&N&N&N&N&N&N&N&N&N&N&N&N&N&N&N&N&N&N&N&N&N&N&N&N&N&N&N&N&N&N&N&
N&N&N&N&N&N&N&N&N&N&N&N&N&N&N&N&N&N&N&N&N&N&N&N&N&N&N&N&N&N&N&N&N&N&N&N&N&N&N&N&N&N&N&N&N&N&N&N&N&N&N&N&N&N&N&N&N&N&N&N&N&N&N&N&N&N&N&N&N&N&N&N&N&N&N&N&N&N&N&N&N&N&N&N&N&N&N&N&N&N&N&N&N&N&N&N&N&N&N&N&
N&N&N&N&N&N&N&N&N&N&N&N&N&N&N&N&N&N&N&N&N&N&N&N&N&N&N&N&N&N&N&N&N&N&N&N&N&N&N&N&N&N&N&N&N&N&N&N&N&N&N&N&N&N&N&N&N&N&N&N&N&N&N&N&N&N&N&N&N&N&N&N&N&N&N&N&N&N&N&N&N&N&N&N&N&N&N&N&N&N&N&N&N&N&N&N&N&N&N&N&
N&N&N&N&N&N&N&N&N&N&N&N&N&N&N&N&N&N&N&N&N&N&N&N&N&N&N&N&N&N&N&N&N&N&N&N&N&N&N&N&N&N&N&N&N&N&N&N&N&N&N&N&N&N&N&N&N&N&N&N&N&N&N&N&N&N&N&N&N&N&N&N&N&N&N&N&N&N&N&N&N&N&N&N&N&N&N&N&N&N&N&N&N&N&N&N&N&N&N&N&
N&N&N&N&N&N&N&N&N&N&N&N&N&N&N&N&N&N&N&N&N&N&N&N&N&N&N&N&N&N&N&N&N&N&N&N&N&N&N&N&N&N&N&N&N&N&N&N&N&N&N&N&N&N&N&N&N&N&N&N&N&N&N&N&N&N&N&N&N&N&N&N&N&N&N&N&N&N&N&N&N&N&N&N&N&N&N&N&N&N&N&N&N&N&N&N&N&N&N&N&
N&N&N&N&N&N&N&N&N&N&N&N&N&N&N&N&N&N&N&N&N&N&N&N&N&N&N&N&N&N&N&N&N&N&N&N&N&N&N&N&N&N&N&N&N&N&N&N&N&N&N&N&N&N&N&N&N&N&N&N&N&N&N&N&N&N&N&N&N&N&N&N&N&N&N&N&N&N&N&N&N&N&N&N&N&N&N&N&N&N&N&N&N&N&N&N&N&N&N&N&
N&N&N&N&N&N&N&N&N&N&N&N&N&N&N&N&N&N&N&N&N&N&N&N&N&N&N&N&N&N&N&N&N&N&N&N&N&N&N&N&N&N&N&N&N&N&N&N&N&N&N&N&N&N&N&N&N&N&N&N&N&N&N&N&N&N&N&N&N&N&N&N&N&N&N&N&N&N&N&N&N&N&N&N&N&N&N&N&N&N&N&N&N&N&N&N&N&N&N&N&
N&N&N&N&N&N&N&N&N&N&N&N&N&N&N&N&N&N&N&N&N&N&N&N&N&N&N&N&N&N&N&N&N&N&N&N&N&N&N&N&N&N&N&N&N&N&N&N&N&N&N&N&N&N&N&N&N&N&N&N&N&N&N&N&N&N&N&N&N&N&N&N&N&N&N&N&N&N&N&N&N&N&N&N&N&N&N&N&N&N&N&N&N&N&N&N&N&N&N&N&
N&N&N&N&N&N&N&N&N&N&N&N&N&N&N&N&N&N&N&N&N&N&N&N&N&N&N&N&N&N&N&N&N&N&N&N&N&N&N&N&N&N&N&N&N&N&N&N&N&N&N&N&N&N&N&N&N&N&N&N&N&N&N&N&N&N&N&N&N&N&N&N&N&N&N&N&N&N&N&N&N&N&N&N&N&N&N&N&N&N&N&N&N&N&N&N&N&N&N&N&
N&N&N&N&N&N&N&N&N&N&N&N&N&N&N&N&N&N&N&N&N&N&N&N&N&N&N&N&N&N&N&N&N&N&N&N&N&N&N&N&N&N&N&N&N&N&N&N&N&N&N&N&N&N&N&N&N&N&N&N&N&N&N&N&N&N&N&N&N&N&N&N&N&N&N&N&N&N&N&N&N&N&N&N&N&N&N&N&N&N&N&N&N&N&N&N&N&N&N&N&
N&N&N&N&N&N&N&N&N&N&N&N&N&N&N&N&N&N&N&N&N&N&N&N&N&N&N&N&N&N&N&N&N&N&N&N&N&N&N&N&N&N&N&N&N&N&N&N&N&N&N&N&N&N&N&N&N&N&N&N&N&N&N&N&N&N&N&N&N&N&N&N&N&N&N&N&N&N&N&N&N&N&N&N&N&N&N&N&N&N&N&N&N&N&N&N&N&N&N&N&
N&N&N&N&N&N&N&N&N&N&N&N&N&N&N&N&N&N&N&N&N&N&N&N&N&N&N&N&N&N&N&N&N&N&N&N&N&N&N&N&N&N&N&N&N&N&N&N&N&N&N&N&N&N&N&N&N&N&N&N&N&N&N&N&N&N&N&N&N&N&N&N&N&N&N&N&N&N&N&N&N&N&N&N&N&N&N&N&N&N&N&N&N&N&N&N&N&N&N&N&
N&N&N&N&N&N&N&N&N&N&N&N&N&N&N&N&N&N&N&N&N&N&N&N&N&N&N&N&N&N&N&N&N&N&N&N&N&N&N&N&N&N&N&N&N&N&N&N&N&N&N&N&N&N&N&N&N&N&N&N&N&N&N&N&N&N&N&N&N&N&N&N&N&N&N&N&N&N&N&N&N&N&N&N&N&N&N&N&N&N&N&N&N&N&N&N&N&N&N&N&
N&N&N&N&N&N&N&N&N&N&N&N&N&N&N&N&N&N&N&N&N&N&N&N&N&N&N&N&N&N&N&N&N&N&N&N&N&N&N&N&N&N&N&N&N&N&N&N&N&N&N&N&N&N&N&N&N&N&N&N&N&N&N&N&N&N&N&N&N&N&N&N&N&N&N&N&N&N&N&N&N&N&N&N&N&N&N&N&N&N&N&N&N&N&N&N&N&N&N&N&
N&N&N&N&N&N&N&N&N&N&N&N&N&N&N&N&N&N&N&N&N&N&N&N&N&N&N&N&N&N&N&N&N&N&N&N&N&N&N&N&N&N&N&N&N&N&N&N&N&N&N&N&N&N&N&N&N&N&N&N&N&N&N&N&N&N&N&N&N&N&N&N&N&N&N&N&N&N&N&N&N&N&N&N&N&N&N&N&N&N&N&N&N&N&N&N&N&N&N&N&
N&N&N&N&N&N&N&N&N&N&N&N&N&N&N&N&N&N&N&N&N&N&N&N&N&N&N&N&N&N&N&N&N&N&N&N&N&N&N&N&N&N&N&N&N&N&N&N&N&N&N&N&N&N&N&N&N&N&N&N&N&N&N&N&N&N&N&N&N&N&N&N&N&N&N&N&N&N&N&N&N&N&N&N&N&N&N&N&N&N&N&N&N&N&N&N&N&N&N&N&
N&N&N&N&N&N&N&N&N&N&N&N&N&N&N&N&N&N&N&N&N&N&N&N&N&N&N&N&N&N&N&N&N&N&N&N&N&N&N&N&N&N&N&N&N&N&N&N&N&N&N&N&N&N&N&N&N&N&N&N&N&N&N&N&N&N&N&N&N&N&N&N&N&N&N&N&N&N&N&N&N&N&N&N&N&N&N&N&N&N&N&N&N&N&N&N&N&N&N&N&
N&N&N&N&N&N&N&N&N&N&N&N&N&N&N&N&N&N&N&N&N&N&N&N&N&N&N&N&N&N&N&N&N&N&N&N&N&N&N&N&N&N&N&N&N&N&N&N&N&N&N&N&N&N&N&N&N&N&N&N&N&N&N&N&N&N&N&N&N&N&N&N&N&N&N&N&N&N&N&N&N&N&N&N&N&N&N&N&N&N&N&N&N&N&N&N&N&N&N&N&
N&N&N&N&N&N&N&N&N&N&N&N&N&N&N&N&N&N&N&N&N&N&N&N&N&N&N&N&N&N&N&N&N&N&N&N&N&N&N&N&N&N&N&N&N&N&N&N&N&N&N&N&N&N&N&N&N&N&N&N&N&N&N&N&N&N&N&N&N&N&N&N&N&N&N&N&N&N&N&N&N&N&N&N&N&N&N&N&N&N&N&N&N&N&N&N&N&N&N&N&
N&N&N&N&N&N&N&N&N&N&N&N&N&N&N&N&N&N&N&N&N&N&N&N&N&N&N&N&N&N&N&N&N&N&N&N&N&N&N&N&N&N&N&N&N&N&N&N&N&N&N&N&N&N&N&N&N&N&N&N&N&N&N&N&N&N&N&N&N&N&N&N&N&N&N&N&N&N&N&N&N&N&N&N&N&N&N&N&N&N&N&N&N&N&N&N&N&N&N&N&
N&N&N&N&N&N&N&N&N&N&N&N&N&N&N&N&N&N&N&N&N&N&N&N&N&N&N&N&N&N&N&N&N&N&N&N&N&N&N&N&N&N&N&N&N&N&N&N&N&N&N&N&N&N&N&N&N&N&N&N&N&N&N&N&N&N&N&N&N&N&N&N&N&N&N&N&N&N&N&N&N&N&N&N&N&N&N&N&N&N&N&N&N&N&N&N&N&N&N&N&
N&N&N&N&N&N&N&N&N&N&N&N&N&N&N&N&N&N&N&N&N&N&N&N&N&N&N&N&N&N&N&N&N&N&N&N&N&N&N&N&N&N&N&N&N&N&N&N&N&N&N&N&N&N&N&N&N&N&N&N&N&N&N&N&N&N&N&N&N&N&N&N&N&N&N&N&N&N&N&N&N&N&N&N&N&N&N&N&N&N&N&N&N&N&N&N&N&N&N&N&
N&N&N&N&N&N&N&N&N&N&N&N&N&N&N&N&N&N&N&N&N&N&N&N&N&N&N&N&N&N&N&N&N&N&N&N&N&N&N&N&N&N&N&N&N&N&N&N&N&N&N&N&N&N&N&N&N&N&N&N&N&N&N&N&N&N&N&N&N&N&N&N&N&N&N&N&N&N&N&N&N&N&N&N&N&N&N&N&N&N&N&N&N&N&N&N&N&N&N&N&
N&N&N&N&N&N&N&N&N&N&N&N&N&N&N&N&N&N&N&N&N&N&N&N&N&N&N&N&N&N&N&N&N&N&N&N&N&N&N&N&N&N&N&N&N&N&N&N&N&N&N&N&N&N&N&N&N&N&N&N&N&N&N&N&N&N&N&N&N&N&N&N&N&N&N&N&N&N&N&N&N&N&N&N&N&N&N&N&N&N&N&N&N&N&N&N&N&N&N&N&
N&N&N&N&N&N&N&N&N&N&N&N&N&N&N&N&N&N&N&N&N&N&N&N&N&N&N&N&N&N&N&N&N&N&N&N&N&N&N&N&N&N&N&N&N&N&N&N&N&N&N&N&N&N&N&N&N&N&N&N&N&N&N&N&N&N&N&N&N&N&N&N&N&N&N&N&N&N&N&N&N&N&N&N&N&N&N&N&N&N&N&N&N&N&N&N&N&N&N&N&
N&N&N&N&N&N&N&N&N&N&N&N&N&N&N&N&N&N&N&N&N&N&N&N&N&N&N&N&N&N&N&N&N&N&N&N&N&N&N&N&N&N&N&N&N&N&N&N&N&N&N&N&N&N&N&N&N&N&N&N&N&N&N&N&N&N&N&N&N&N&N&N&N&N&N&N&N&N&N&N&N&N&N&N&N&N&N&N&N&N&N&N&N&N&N&N&N&N&N&N&
WP/2/TestMarker2/None/None
