100
100
0/N/N/N&N&N&N&N&N&N&N&N&N&N&N&N&N&N&N&N&N&N&N&N&N&N&N&N&N&N&N&N&N&N&N&N&N&N&N&N&N&N&N&N&N&N&N&N&N&N&N&N&N&N&N&N&N&N&N&N&N&N&N&N&N&N&N&N&N&N&N&N&N&N&N&N&N&N&N&N&N&N&N&N&N&N&N&N&N&N&N&N&N&N&N&N&N&N&N&N&N&N&N&
0/N/N/N&N&0/N/N/N&0/N/N/N&0/N/N/N&0/N/N/3&0/N/N/N&0/N/N/N&0/N/N/1&N&N&N&N&N&N&N&N&N&N&N&N&N&N&N&N&N&N&N&N&N&N&N&N&N&N&N&N&N&N&N&N&N&N&N&N&N&N&N&N&N&N&N&N&N&N&N&N&N&N&N&N&N&N&N&N&N&N&N&N&N&N&N&N&N&N&N&N&N&N&N&N&N&N&N&N&N&N&N&N&N&N&N&N&N&N&N&N&N&N&N&
0/N/N/N&N&N&N&0/N/N/0&0/N/N/N&0/N/N/N&N&0/N/N/N&N&N&N&N&N&N&N&N&N&N&N&N&N&N&N&N&N&N&N&N&N&N&N&N&N&N&N&N&N&N&N&N&N&N&N&N&N&N&N&N&N&N&N&N&N&N&N&N&N&N&N&N&N&N&N&N&N&N&N&N&N&N&N&N&N&N&N&N&N&N&N&N&N&N&N&N&N&N&N&N&N&N&N&N&N&N&N&N&N&N&N&
N&N&N&0/N/N/N&0/N/N/N&0/N/N/N&0/N/N/N&0/N/N/N&0/N/N/2&N&N&N&N&N&N&N&N&N&N&N&N&N&N&N&N&N&N&N&N&N&N&N&N&N&N&N&N&N&N&N&N&N&N&N&N&N&N&N&N&N&N&N&N&N&N&N&N&N&N&N&N&N&N&N&N&N&N&N&N&N&N&N&N&N&N&N&N&N&N&N&N&N&N&N&N&N&N&N&N&N&N&N&N&N&N&N&N&N&N&N&
N&0/N/N/N&0/N/N/N&N&N&N&N&N&N&N&N&N&N&N&N&N&N&N&N&N&N&N&N&N&N&N&N&N&N&N&N&N&N&N&N&N&N&N&N&N&N&N&N&N&N&N&N&N&N&N&N&N&N&N&N&N&N&N&N&N&N&N&N&N&N&N&N&N&N&N&N&N&N&N&N&N&N&N&N&N&N&N&N&N&N&N&N&N&N&N&N&N&N&N&N&N&N&N&N&N&
N&0/N/N/N&N&N&N&N&N&N&N&N&N&N&N&N&N&N&N&N&N&N&N&N&N&N&N&N&N&N&N&N&N&N&N&N&N&N&N&N&N&N&N&N&N&N&N&N&N&N&N&N&N&N&N&N&N&N&N&N&N&N&N&N&N&N&N&N&N&N&N&N&N&N&N&N&N&N&N&N&N&N&N&N&N&N&N&N&N&N&N&N&N&N&N&N&N&N&N&N&N&N&
N&0/N/N/N&0/N/N/N&N&N&N&N&N&N&N&N&N&N&N&N&N&N&N&N&N&N&N&N&N&N&N&N&N&N&N&N&N&N&N&N&N&N&N&N&N&N&N&N&N&N&N&N&N&N&N&N&N&N&N&N&N&N&N&N&N&N&N&N&N&N&N&N&N&N&N&N&N&N&N&N&N&N&N&N&N&N&N&N&N&N&N&N&N&N&N&N&N&N&N&N&N&N&N&N&N&
N&N&N&N&N&N&N&N&N&N&N&N&N&N&N&N&N&N&N&N&N&N&N&N&N&N&N&N&N&N&N&N&N&N&N&N&N&N&N&N&N&N&N&N&N&N&N&N&N&N&N&N&N&N&N&N&N&N&N&N&N&N&N&N&N&N&N&N&N&N&N&N&N&N&N&N&N&N&N&N&N&N&N&N&N&N&N&N&N&N&N&N&N&N&N&N&N&N&N&N&
N&N&N&N&N&N&N&N&N&N&N&N&N&N&N&N&N&N&N&N&N&N&N&N&N&N&N&N&N&N&N&N&N&N&N&N&N&N&N&N&N&N&N&N&N&N&N&N&N&N&N&N&N&N&N&N&N&N&N&N&N&N&N&N&N&N&N&N&N&N&N&N&N&N&N&N&N&N&N&N&N&N&N&N&N&N&N&N&N&N&N&N&N&N&N&N&N&N&N&N&
N&N&N&N&N&N&N&N&N&N&N&N&N&N&N&N&N&N&N&N&N&N&N&N&N&N&N&N&N&N&N&N&N&N&N&N&N&N&N&N&N&N&N&N&N&N&N&N&N&N&N&N&N&N&N&N&N&N&N&N&N&N&N&N&N&N&N&N&N&N&N&N&N&N&N&N&N&N&N&N&N&N&N&N&N&N&N&N&N&N&N&N&N&N&N&N&N&N&N&N&
N&N&N&N&N&N&N&N&N&N&N&N&N&N&N&N&N&N&N&N&N&N&N&N&N&N&N&N&N&N&N&N&N&N&N&N&N&N&N&N&N&N&N&N&N&N&N&N&N&N&N&N&N&N&N&N&N&N&N&N&N&N&N&N&N&N&N&N&N&N&N&N&N&N&N&N&N&N&N&N&N&N&N&N&N&N&N&N&N&N&N&N&N&N&N&N&N&N&N&N&
N&N&N&N&N&N&N&N&N&N&N&N&N&N&N&N&N&N&N&N&N&N&N&N&N&N&N&N&N&N&N&N&N&N&N&N&N&N&N&N&N&N&N&N&N&N&N&N&N&N&N&N&N&N&N&N&N&N&N&N&N&N&N&N&N&N&N&N&N&N&N&N&N&N&N&N&N&N&N&N&N&N&N&N&N&N&N&N&N&N&N&N&N&N&N&N&N&N&N&N&
N&N&N&N&N&N&N&N&N&N&N&N&N&N&N&N&N&N&N&N&N&N&N&N&N&N&N&N&N&N&N&N&N&N&N&N&N&N&N&N&N&N&N&N&N&N&N&N&N&N&N&N&N&N&N&N&N&N&N&N&N&N&N&N&N&N&N&N&N&N&N&N&N&N&N&N&N&N&N&N&N&N&N&N&N&N&N&N&N&N&N&N&N&N&N&N&N&N&N&N&
N&N&N&N&N&N&N&N&N&N&N&N&N&N&N&N&N&N&N&N&N&N&N&N&N&N&N&N&N&N&N&N&N&N&N&N&N&N&N&N&N&N&N&N&N&N&N&N&N&N&N&N&N&N&N&N&N&N&N&N&N&N&N&N&N&N&N&N&N&N&N&N&N&N&N&N&N&N&N&N&N&N&N&N&N&N&N&N&N&N&N&N&N&N&N&N&N&N&N&N&
N&N&N&N&N&N&N&N&N&N&N&N&N&N&N&N&N&N&N&N&N&N&N&N&N&N&N&N&N&N&N&N&N&N&N&N&N&N&N&N&N&N&N&N&N&N&N&N&N&N&N&N&N&N&N&N&N&N&N&N&N&N&N&N&N&N&N&N&N&N&N&N&N&N&N&N&N&N&N&N&N&N&N&N&N&N&N&N&N&N&N&N&N&N&N&N&N&N&N&N&
N&N&N&N&N&N&N&N&N&N&N&N&N&N&N&N&N&N&N&N&N&N&N&N&N&N&N&N&N&N&N&N&N&N&N&N&N&N&N&N&N&N&N&N&N&N&N&N&N&N&N&N&N&N&N&N&N&N&N&N&N&N&N&N&N&N&N&N&N&N&N&N&N&N&N&N&N&N&N&N&N&N&N&N&N&N&N&N&N&N&N&N&N&N&N&N&N&N&N&N&
N&N&N&N&N&N&N&N&N&N&N&N&N&N&N&N&N&N&N&N&N&N&N&N&N&N&N&N&N&N&N&N&N&N&N&N&N&N&N&N&N&N&N&N&N&N&N&N&N&N&N&N&N&N&N&N&N&N&N&N&N&N&N&N&N&N&N&N&N&N&N&N&N&N&N&N&N&N&N&N&N&N&N&N&N&N&N&N&N&N&N&N&N&N&N&N&N&N&N&N&
N&N&N&N&N&N&N&N&N&N&N&N&N&N&N&N&N&N&N&N&N&N&N&N&N&N&N&N&N&N&N&N&N&N&N&N&N&N&N&N&N&N&N&N&N&N&N&N&N&N&N&N&N&N&N&N&N&N&N&N&N&N&N&N&N&N&N&N&N&N&N&N&N&N&N&N&N&N&N&N&N&N&N&N&N&N&N&N&N&N&N&N&N&N&N&N&N&N&N&N&
N&N&N&N&N&N&N&N&N&N&N&N&N&N&N&N&N&N&N&N&N&N&N&N&N&N&N&N&N&N&N&N&N&N&N&N&N&N&N&N&N&N&N&N&N&N&N&N&N&N&N&N&N&N&N&N&N&N&N&N&N&N&N&N&N&N&N&N&N&N&N&N&N&N&N&N&N&N&N&N&N&N&N&N&N&N&N&N&N&N&N&N&N&N&N&N&N&N&N&N&
N&N&N&N&N&N&N&N&N&N&N&N&N&N&N&N&N&N&N&N&N&N&N&N&N&N&N&N&N&N&N&N&N&N&N&N&N&N&N&N&N&N&N&N&N&N&N&N&N&N&N&N&N&N&N&N&N&N&N&N&N&N&N&N&N&N&N&N&N&N&N&N&N&N&N&N&N&N&N&N&N&N&N&N&N&N&N&N&N&N&N&N&N&N&N&N&N&N&N&N&
N&N&N&N&N&N&N&N&N&N&N&N&N&N&N&N&N&N&N&N&N&N&N&N&N&N&N&N&N&N&N&N&N&N&N&N&N&N&N&N&N&N&N&N&N&N&N&N&N&N&N&N&N&N&N&N&N&N&N&N&N&N&N&N&N&N&N&N&N&N&N&N&N&N&N&N&N&N&N&N&N&N&N&N&N&N&N&N&N&N&N&N&N&N&N&N&N&N&N&N&
N&N&N&N&N&N&N&N&N&N&N&N&N&N&N&N&N&N&N&N&N&N&N&N&N&N&N&N&N&N&N&N&N&N&N&N&N&N&N&N&N&N&N&N&N&N&N&N&N&N&N&N&N&N&N&N&N&N&N&N&N&N&N&N&N&N&N&N&N&N&N&N&N&N&N&N&N&N&N&N&N&N&N&N&N&N&N&N&N&N&N&N&N&N&N&N&N&N&N&N&
N&N&N&N&N&N&N&N&N&N&N&N&N&N&N&N&N&N&N&N&N&N&N&N&N&N&N&N&N&N&N&N&N&N&N&N&N&N&N&N&N&N&N&N&N&N&N&N&N&N&N&N&N&N&N&N&N&N&N&N&N&N&N&N&N&N&N&N&N&N&N&N&N&N&N&N&N&N&N&N&N&N&N&N&N&N&N&N&N&N&N&N&N&N&N&N&N&N&N&N&
N&N&N&N&N&N&N&N&N&N&N&N&N&N&N&N&N&N&N&N&N&N&N&N&N&N&N&N&N&N&N&N&N&N&N&N&N&N&N&N&N&N&N&N&N&N&N&N&N&N&N&N&N&N&N&N&N&N&N&N&N&N&N&N&N&N&N&N&N&N&N&N&N&N&N&N&N&N&N&N&N&N&N&N&N&N&N&N&N&N&N&N&N&N&N&N&N&N&N&N&
N&N&N&N&N&N&N&N&N&N&N&N&N&N&N&N&N&N&N&N&N&N&N&N&N&N&N&N&N&N&N&N&N&N&N&N&N&N&N&N&N&N&N&N&N&N&N&N&N&N&N&N&N&N&N&N&N&N&N&N&N&N&N&N&N&N&N&N&N&N&N&N&N&N&N&N&N&N&N&N&N&N&N&N&N&N&N&N&N&N&N&N&N&N&N&N&N&N&N&N&
N&N&N&N&N&N&N&N&N&N&N&N&N&N&N&N&N&N&N&N&N&N&N&N&N&N&N&N&N&N&N&N&N&N&N&N&N&N&N&N&N&N&N&N&N&N&N&N&N&N&N&N&N&N&N&N&N&N&N&N&N&N&N&N&N&N&N&N&N&N&N&N&N&N&N&N&N&N&N&N&N&N&N&N&N&N&N&N&N&N&N&N&N&N&N&N&N&N&N&N&
N&N&N&N&N&N&N&N&N&N&N&N&N&N&N&N&N&N&N&N&N&N&N&N&N&N&N&N&N&N&N&N&N&N&N&N&N&N&N&N&N&N&N&N&N&N&N&N&N&N&N&N&N&N&N&N&N&N&N&N&N&N&N&N&N&N&N&N&N&N&N&N&N&N&N&N&N&N&N&N&N&N&N&N&N&N&N&N&N&N&N&N&N&N&N&N&N&N&N&N&
N&N&N&N&N&N&N&N&N&N&N&N&N&N&N&N&N&N&N&N&N&N&N&N&N&N&N&N&N&N&N&N&N&N&N&N&N&N&N&N&N&N&N&N&N&N&N&N&N&N&N&N&N&N&N&N&N&N&N&N&N&N&N&N&N&N&N&N&N&N&N&N&N&N&N&N&N&N&N&N&N&N&N&N&N&N&N&N&N&N&N&N&N&N&N&N&N&N&N&N&
N&N&N&N&N&N&N&N&N&N&N&N&N&N&N&N&N&N&N&N&N&N&N&N&N&N&N&N&N&N&N&N&N&N&N&N&N&N&N&N&N&N&N&N&N&N&N&N&N&N&N&N&N&N&N&N&N&N&N&N&N&N&N&N&N&N&N&N&N&N&N&N&N&N&N&N&N&N&N&N&N&N&N&N&N&N&N&N&N&N&N&N&N&N&N&N&N&N&N&N&
N&N&N&N&N&N&N&N&N&N&N&N&N&N&N&N&N&N&N&N&N&N&N&N&N&N&N&N&N&N&N&N&N&N&N&N&N&N&N&N&N&N&N&N&N&N&N&N&N&N&N&N&N&N&N&N&N&N&N&N&N&N&N&N&N&N&N&N&N&N&N&N&N&N&N&N&N&N&N&N&N&N&N&N&N&N&N&N&N&N&N&N&N&N&N&N&N&N&N&N&
N&N&N&N&N&N&N&N&N&N&N&N&N&N&N&N&N&N&N&N&N&N&N&N&N&N&N&N&N&N&N&N&N&N&N&N&N&N&N&N&N&N&N&N&N&N&N&N&N&N&N&N&N&N&N&N&N&N&N&N&N&N&N&N&N&N&N&N&N&N&N&N&N&N&N&N&N&N&N&N&N&N&N&N&N&N&N&N&N&N&N&N&N&N&N&N&N&N&N&N&
N&N&N&N&N&N&N&N&N&N&N&N&N&N&N&N&N&N&N&N&N&N&N&N&N&N&N&N&N&N&N&N&N&N&N&N&N&N&N&N&N&N&N&N&N&N&N&N&N&N&N&N&N&N&N&N&N&N&N&N&N&N&N&N&N&N&N&N&N&N&N&N&N&N&N&N&N&N&N&N&N&N&N&N&N&N&N&N&N&N&N&N&N&N&N&N&N&N&N&N&
N&N&N&N&N&N&N&N&N&N&N&N&N&N&N&N&N&N&N&N&N&N&N&N&N&N&N&N&N&N&N&N&N&N&N&N&N&N&N&N&N&N&N&N&N&N&N&N&N&N&N&N&N&N&N&N&N&N&N&N&N&N&N&N&N&N&N&N&N&N&N&N&N&N&N&N&N&N&N&N&N&N&N&N&N&N&N&N&N&N&N&N&N&N&N&N&N&N&N&N&
N&N&N&N&N&N&N&N&N&N&N&N&N&N&N&N&N&N&N&N&N&N&N&N&N&N&N&N&N&N&N&N&N&N&N&N&N&N&N&N&N&N&N&N&N&N&N&N&N&N&N&N&N&N&N&N&N&N&N&N&N&N&N&N&N&N&N&N&N&N&N&N&N&N&N&N&N&N&N&N&N&N&N&N&N&N&N&N&N&N&N&N&N&N&N&N&N&N&N&N&
N&N&N&N&N&N&N&N&N&N&N&N&N&N&N&N&N&N&N&N&N&N&N&N&N&N&N&N&N&N&N&N&N&N&N&N&N&N&N&N&N&N&N&N&N&N&N&N&N&N&N&N&N&N&N&N&N&N&N&N&N&N&N&N&N&N&N&N&N&N&N&N&N&N&N&N&N&N&N&N&N&N&N&N&N&N&N&N&N&N&N&N&N&N&N&N&N&N&N&N&
N&N&N&N&N&N&N&N&N&N&N&N&N&N&N&N&N&N&N&N&N&N&N&N&N&N&N&N&N&N&N&N&N&N&N&N&N&N&N&N&N&N&N&N&N&N&N&N&N&N&N&N&N&N&N&N&N&N&N&N&N&N&N&N&N&N&N&N&N&N&N&N&N&N&N&N&N&N&N&N&N&N&N&N&N&N&N&N&N&N&N&N&N&N&N&N&N&N&N&N&
N&N&N&N&N&N&N&N&N&N&N&N&N&N&N&N&N&N&N&N&N&N&N&N&N&N&N&N&N&N&N&N&N&N&N&N&N&N&N&N&N&N&N&N&N&N&N&N&N&N&N&N&N&N&N&N&N&N&N&N&N&N&N&N&N&N&N&N&N&N&N&N&N&N&N&N&N&N&N&N&N&N&N&N&N&N&N&N&N&N&N&N&N&N&N&N&N&N&N&N&
N&N&N&N&N&N&N&N&N&N&N&N&N&N&N&N&N&N&N&N&N&N&N&N&N&N&N&N&N&N&N&N&N&N&N&N&N&N&N&N&N&N&N&N&N&N&N&N&N&N&N&N&N&N&N&N&N&N&N&N&N&N&N&N&N&N&N&N&N&N&N&N&N&N&N&N&N&N&N&N&N&N&N&N&N&N&N&N&N&N&N&N&N&N&N&N&N&N&N&N&
N&N&N&N&N&N&N&N&N&N&N&N&N&N&N&N&N&N&N&N&N&N&N&N&N&N&N&N&N&N&N&N&N&N&N&N&N&N&N&N&N&N&N&N&N&N&N&N&N&N&N&N&N&N&N&N&N&N&N&N&N&N&N&N&N&N&N&N&N&N&N&N&N&N&N&N&N&N&N&N&N&N&N&N&N&N&N&N&N&N&N&N&N&N&N&N&N&N&N&N&
N&N&N&N&N&N&N&N&N&N&N&N&N&N&N&N&N&N&N&N&N&N&N&N&N&N&N&N&N&N&N&N&N&N&N&N&N&N&N&N&N&N&N&N&N&N&N&N&N&N&N&N&N&N&N&N&N&N&N&N&N&N&N&N&N&N&N&N&N&N&N&N&N&N&N&N&N&N&N&N&N&N&N&N&N&N&N&N&N&N&N&N&N&N&N&N&N&N&N&N&
N&N&N&N&N&N&N&N&N&N&N&N&N&N&N&N&N&N&N&N&N&N&N&N&N&N&N&N&N&N&N&N&N&N&N&N&N&N&N&N&N&N&N&N&N&N&N&N&N&N&N&N&N&N&N&N&N&N&N&N&N&N&N&N&N&N&N&N&N&N&N&N&N&N&N&N&N&N&N&N&N&N&N&N&N&N&N&N&N&N&N&N&N&N&N&N&N&N&N&N&
N&N&N&N&N&N&N&N&N&N&N&N&N&N&N&N&N&N&N&N&N&N&N&N&N&N&N&N&N&N&N&N&N&N&N&N&N&N&N&N&N&N&N&N&N&N&N&N&N&N&N&N&N&N&N&N&N&N&N&N&N&N&N&N&N&N&N&N&N&N&N&N&N&N&N&N&N&N&N&N&N&N&N&N&N&N&N&N&N&N&N&N&N&N&N&N&N&N&N&N&
N&N&N&N&N&N&N&N&N&N&N&N&N&N&N&N&N&N&N&N&N&N&N&N&N&N&N&N&N&N&N&N&N&N&N&N&N&N&N&N&N&N&N&N&N&N&N&N&N&N&N&N&N&N&N&N&N&N&N&N&N&N&N&N&N&N&N&N&N&N&N&N&N&N&N&N&N&N&N&N&N&N&N&N&N&N&N&N&N&N&N&N&N&N&N&N&N&N&N&N&
N&N&N&N&N&N&N&N&N&N&N&N&N&N&N&N&N&N&N&N&N&N&N&N&N&N&N&N&N&N&N&N&N&N&N&N&N&N&N&N&N&N&N&N&N&N&N&N&N&N&N&N&N&N&N&N&N&N&N&N&N&N&N&N&N&N&N&N&N&N&N&N&N&N&N&N&N&N&N&N&N&N&N&N&N&N&N&N&N&N&N&N&N&N&N&N&N&N&N&N&
N&N&N&N&N&N&N&N&N&N&N&N&N&N&N&N&N&N&N&N&N&N&N&N&N&N&N&N&N&N&N&N&N&N&N&N&N&N&N&N&N&N&N&N&N&N&N&N&N&N&N&N&N&N&N&N&N&N&N&N&N&N&N&N&N&N&N&N&N&N&N&N&N&N&N&N&N&N&N&N&N&N&N&N&N&N&N&N&N&N&N&N&N&N&N&N&N&N&N&N&
N&N&N&N&N&N&N&N&N&N&N&N&N&N&N&N&N&N&N&N&N&N&N&N&N&N&N&N&N&N&N&N&N&N&N&N&N&N&N&N&N&N&N&N&N&N&N&N&N&N&N&N&N&N&N&N&N&N&N&N&N&N&N&N&N&N&N&N&N&N&N&N&N&N&N&N&N&N&N&N&N&N&N&N&N&N&N&N&N&N&N&N&N&N&N&N&N&N&N&N&
N&N&N&N&N&N&N&N&N&N&N&N&N&N&N&N&N&N&N&N&N&N&N&N&N&N&N&N&N&N&N&N&N&N&N&N&N&N&N&N&N&N&N&N&N&N&N&N&N&N&N&N&N&N&N&N&N&N&N&N&N&N&N&N&N&N&N&N&N&N&N&N&N&N&N&N&N&N&N&N&N&N&N&N&N&N&N&N&N&N&N&N&N&N&N&N&N&N&N&N&
N&N&N&N&N&N&N&N&N&N&N&N&N&N&N&N&N&N&N&N&N&N&N&N&N&N&N&N&N&N&N&N&N&N&N&N&N&N&N&N&N&N&N&N&N&N&N&N&N&N&N&N&N&N&N&N&N&N&N&N&N&N&N&N&N&N&N&N&N&N&N&N&N&N&N&N&N&N&N&N&N&N&N&N&N&N&N&N&N&N&N&N&N&N&N&N&N&N&N&N&
N&N&N&N&N&N&N&N&N&N&N&N&N&N&N&N&N&N&N&N&N&N&N&N&N&N&N&N&N&N&N&N&N&N&N&N&N&N&N&N&N&N&N&N&N&N&N&N&N&N&N&N&N&N&N&N&N&N&N&N&N&N&N&N&N&N&N&N&N&N&N&N&N&N&N&N&N&N&N&N&N&N&N&N&N&N&N&N&N&N&N&N&N&N&N&N&N&N&N&N&
N&N&N&N&N&N&N&N&N&N&N&N&N&N&N&N&N&N&N&N&N&N&N&N&N&N&N&N&N&N&N&N&N&N&N&N&N&N&N&N&N&N&N&N&N&N&N&N&N&N&N&N&N&N&N&N&N&N&N&N&N&N&N&N&N&N&N&N&N&N&N&N&N&N&N&N&N&N&N&N&N&N&N&N&N&N&N&N&N&N&N&N&N&N&N&N&N&N&N&N&
N&N&N&N&N&N&N&N&N&N&N&N&N&N&N&N&N&N&N&N&N&N&N&N&N&N&N&N&N&N&N&N&N&N&N&N&N&N&N&N&N&N&N&N&N&N&N&N&N&N&N&N&N&N&N&N&N&N&N&N&N&N&N&N&N&N&N&N&N&N&N&N&N&N&N&N&N&N&N&N&N&N&N&N&N&N&N&N&N&N&N&N&N&N&N&N&N&N&N&N&
N&N&N&N&N&N&N&N&N&N&N&N&N&N&N&N&N&N&N&N&N&N&N&N&N&N&N&N&N&N&N&N&N&N&N&N&N&N&N&N&N&N&N&N&N&N&N&N&N&N&N&N&N&N&N&N&N&N&N&N&N&N&N&N&N&N&N&N&N&N&N&N&N&N&N&N&N&N&N&N&N&N&N&N&N&N&N&N&N&N&N&N&N&N&N&N&N&N&N&N&
N&N&N&N&N&N&N&N&N&N&N&N&N&N&N&N&N&N&N&N&N&N&N&N&N&N&N&N&N&N&N&N&N&N&N&N&N&N&N&N&N&N&N&N&N&N&N&N&N&N&N&N&N&N&N&N&N&N&N&N&N&N&N&N&N&N&N&N&N&N&N&N&N&N&N&N&N&N&N&N&N&N&N&N&N&N&N&N&N&N&N&N&N&N&N&N&N&N&N&N&
N&N&N&N&N&N&N&N&N&N&N&N&N&N&N&N&N&N&N&N&N&N&N&N&N&N&N&N&N&N&N&N&N&N&N&N&N&N&N&N&N&N&N&N&N&N&N&N&N&N&N&N&N&N&N&N&N&N&N&N&N&N&N&N&N&N&N&N&N&N&N&N&N&N&N&N&N&N&N&N&N&N&N&N&N&N&N&N&N&N&N&N&N&N&N&N&N&N&N&N&
N&N&N&N&N&N&N&N&N&N&N&N&N&N&N&N&N&N&N&N&N&N&N&N&N&N&N&N&N&N&N&N&N&N&N&N&N&N&N&N&N&N&N&N&N&N&N&N&N&N&N&N&N&N&N&N&N&N&N&N&N&N&N&N&N&N&N&N&N&N&N&N&N&N&N&N&N&N&N&N&N&N&N&N&N&N&N&N&N&N&N&N&N&N&N&N&N&N&N&N&
N&N&N&N&N&N&N&N&N&N&N&N&N&N&N&N&N&N&N&N&N&N&N&N&N&N&N&N&N&N&N&N&N&N&N&N&N&N&N&N&N&N&N&N&N&N&N&N&N&N&N&N&N&N&N&N&N&N&N&N&N&N&N&N&N&N&N&N&N&N&N&N&N&N&N&N&N&N&N&N&N&N&N&N&N&N&N&N&N&N&N&N&N&N&N&N&N&N&N&N&
N&N&N&N&N&N&N&N&N&N&N&N&N&N&N&N&N&N&N&N&N&N&N&N&N&N&N&N&N&N&N&N&N&N&N&N&N&N&N&N&N&N&N&N&N&N&N&N&N&N&N&N&N&N&N&N&N&N&N&N&N&N&N&N&N&N&N&N&N&N&N&N&N&N&N&N&N&N&N&N&N&N&N&N&N&N&N&N&N&N&N&N&N&N&N&N&N&N&N&N&
N&N&N&N&N&N&N&N&N&N&N&N&N&N&N&N&N&N&N&N&N&N&N&N&N&N&N&N&N&N&N&N&N&N&N&N&N&N&N&N&N&N&N&N&N&N&N&N&N&N&N&N&N&N&N&N&N&N&N&N&N&N&N&N&N&N&N&N&N&N&N&N&N&N&N&N&N&N&N&N&N&N&N&N&N&N&N&N&N&N&N&N&N&N&N&N&N&N&N&N&
N&N&N&N&N&N&N&N&N&N&N&N&N&N&N&N&N&N&N&N&N&N&N&N&N&N&N&N&N&N&N&N&N&N&N&N&N&N&N&N&N&N&N&N&N&N&N&N&N&N&N&N&N&N&N&N&N&N&N&N&N&N&N&N&N&N&N&N&N&N&N&N&N&N&N&N&N&N&N&N&N&N&N&N&N&N&N&N&N&N&N&N&N&N&N&N&N&N&N&N&
N&N&N&N&N&N&N&N&N&N&N&N&N&N&N&N&N&N&N&N&N&N&N&N&N&N&N&N&N&N&N&N&N&N&N&N&N&N&N&N&N&N&N&N&N&N&N&N&N&N&N&N&N&N&N&N&N&N&N&N&N&N&N&N&N&N&N&N&N&N&N&N&N&N&N&N&N&N&N&N&N&N&N&N&N&N&N&N&N&N&N&N&N&N&N&N&N&N&N&N&
N&N&N&N&N&N&N&N&N&N&N&N&N&N&N&N&N&N&N&N&N&N&N&N&N&N&N&N&N&N&N&N&N&N&N&N&N&N&N&N&N&N&N&N&N&N&N&N&N&N&N&N&N&N&N&N&N&N&N&N&N&N&N&N&N&N&N&N&N&N&N&N&N&N&N&N&N&N&N&N&N&N&N&N&N&N&N&N&N&N&N&N&N&N&N&N&N&N&N&N&
N&N&N&N&N&N&N&N&N&N&N&N&N&N&N&N&N&N&N&N&N&N&N&N&N&N&N&N&N&N&N&N&N&N&N&N&N&N&N&N&N&N&N&N&N&N&N&N&N&N&N&N&N&N&N&N&N&N&N&N&N&N&N&N&N&N&N&N&N&N&N&N&N&N&N&N&N&N&N&N&N&N&N&N&N&N&N&N&N&N&N&N&N&N&N&N&N&N&N&N&
N&N&N&N&N&N&N&N&N&N&N&N&N&N&N&N&N&N&N&N&N&N&N&N&N&N&N&N&N&N&N&N&N&N&N&N&N&N&N&N&N&N&N&N&N&N&N&N&N&N&N&N&N&N&N&N&N&N&N&N&N&N&N&N&N&N&N&N&N&N&N&N&N&N&N&N&N&N&N&N&N&N&N&N&N&N&N&N&N&N&N&N&N&N&N&N&N&N&N&N&
N&N&N&N&N&N&N&N&N&N&N&N&N&N&N&N&N&N&N&N&N&N&N&N&N&N&N&N&N&N&N&N&N&N&N&N&N&N&N&N&N&N&N&N&N&N&N&N&N&N&N&N&N&N&N&N&N&N&N&N&N&N&N&N&N&N&N&N&N&N&N&N&N&N&N&N&N&N&N&N&N&N&N&N&N&N&N&N&N&N&N&N&N&N&N&N&N&N&N&N&
N&N&N&N&N&N&N&N&N&N&N&N&N&N&N&N&N&N&N&N&N&N&N&N&N&N&N&N&N&N&N&N&N&N&N&N&N&N&N&N&N&N&N&N&N&N&N&N&N&N&N&N&N&N&N&N&N&N&N&N&N&N&N&N&N&N&N&N&N&N&N&N&N&N&N&N&N&N&N&N&N&N&N&N&N&N&N&N&N&N&N&N&N&N&N&N&N&N&N&N&
N&N&N&N&N&N&N&N&N&N&N&N&N&N&N&N&N&N&N&N&N&N&N&N&N&N&N&N&N&N&N&N&N&N&N&N&N&N&N&N&N&N&N&N&N&N&N&N&N&N&N&N&N&N&N&N&N&N&N&N&N&N&N&N&N&N&N&N&N&N&N&N&N&N&N&N&N&N&N&N&N&N&N&N&N&N&N&N&N&N&N&N&N&N&N&N&N&N&N&N&
N&N&N&N&N&N&N&N&N&N&N&N&N&N&N&N&N&N&N&N&N&N&N&N&N&N&N&N&N&N&N&N&N&N&N&N&N&N&N&N&N&N&N&N&N&N&N&N&N&N&N&N&N&N&N&N&N&N&N&N&N&N&N&N&N&N&N&N&N&N&N&N&N&N&N&N&N&N&N&N&N&N&N&N&N&N&N&N&N&N&N&N&N&N&N&N&N&N&N&N&
N&N&N&N&N&N&N&N&N&N&N&N&N&N&N&N&N&N&N&N&N&N&N&N&N&N&N&N&N&N&N&N&N&N&N&N&N&N&N&N&N&N&N&N&N&N&N&N&N&N&N&N&N&N&N&N&N&N&N&N&N&N&N&N&N&N&N&N&N&N&N&N&N&N&N&N&N&N&N&N&N&N&N&N&N&N&N&N&N&N&N&N&N&N&N&N&N&N&N&N&
N&N&N&N&N&N&N&N&N&N&N&N&N&N&N&N&N&N&N&N&N&N&N&N&N&N&N&N&N&N&N&N&N&N&N&N&N&N&N&N&N&N&N&N&N&N&N&N&N&N&N&N&N&N&N&N&N&N&N&N&N&N&N&N&N&N&N&N&N&N&N&N&N&N&N&N&N&N&N&N&N&N&N&N&N&N&N&N&N&N&N&N&N&N&N&N&N&N&N&N&
N&N&N&N&N&N&N&N&N&N&N&N&N&N&N&N&N&N&N&N&N&N&N&N&N&N&N&N&N&N&N&N&N&N&N&N&N&N&N&N&N&N&N&N&N&N&N&N&N&N&N&N&N&N&N&N&N&N&N&N&N&N&N&N&N&N&N&N&N&N&N&N&N&N&N&N&N&N&N&N&N&N&N&N&N&N&N&N&N&N&N&N&N&N&N&N&N&N&N&N&
N&N&N&N&N&N&N&N&N&N&N&N&N&N&N&N&N&N&N&N&N&N&N&N&N&N&N&N&N&N&N&N&N&N&N&N&N&N&N&N&N&N&N&N&N&N&N&N&N&N&N&N&N&N&N&N&N&N&N&N&N&N&N&N&N&N&N&N&N&N&N&N&N&N&N&N&N&N&N&N&N&N&N&N&N&N&N&N&N&N&N&N&N&N&N&N&N&N&N&N&
N&N&N&N&N&N&N&N&N&N&N&N&N&N&N&N&N&N&N&N&N&N&N&N&N&N&N&N&N&N&N&N&N&N&N&N&N&N&N&N&N&N&N&N&N&N&N&N&N&N&N&N&N&N&N&N&N&N&N&N&N&N&N&N&N&N&N&N&N&N&N&N&N&N&N&N&N&N&N&N&N&N&N&N&N&N&N&N&N&N&N&N&N&N&N&N&N&N&N&N&
N&N&N&N&N&N&N&N&N&N&N&N&N&N&N&N&N&N&N&N&N&N&N&N&N&N&N&N&N&N&N&N&N&N&N&N&N&N&N&N&N&N&N&N&N&N&N&N&N&N&N&N&N&N&N&N&N&N&N&N&N&N&N&N&N&N&N&N&N&N&N&N&N&N&N&N&N&N&N&N&N&N&N&N&N&N&N&N&N&N&N&N&N&N&N&N&N&N&N&N&
N&N&N&N&N&N&N&N&N&N&N&N&N&N&N&N&N&N&N&N&N&N&N&N&N&N&N&N&N&N&N&N&N&N&N&N&N&N&N&N&N&N&N&N&N&N&N&N&N&N&N&N&N&N&N&N&N&N&N&N&N&N&N&N&N&N&N&N&N&N&N&N&N&N&N&N&N&N&N&N&N&N&N&N&N&N&N&N&N&N&N&N&N&N&N&N&N&N&N&N&
N&N&N&N&N&N&N&N&N&N&N&N&N&N&N&N&N&N&N&N&N&N&N&N&N&N&N&N&N&N&N&N&N&N&N&N&N&N&N&N&N&N&N&N&N&N&N&N&N&N&N&N&N&N&N&N&N&N&N&N&N&N&N&N&N&N&N&N&N&N&N&N&N&N&N&N&N&N&N&N&N&N&N&N&N&N&N&N&N&N&N&N&N&N&N&N&N&N&N&N&
N&N&N&N&N&N&N&N&N&N&N&N&N&N&N&N&N&N&N&N&N&N&N&N&N&N&N&N&N&N&N&N&N&N&N&N&N&N&N&N&N&N&N&N&N&N&N&N&N&N&N&N&N&N&N&N&N&N&N&N&N&N&N&N&N&N&N&N&N&N&N&N&N&N&N&N&N&N&N&N&N&N&N&N&N&N&N&N&N&N&N&N&N&N&N&N&N&N&N&N&
N&N&N&N&N&N&N&N&N&N&N&N&N&N&N&N&N&N&N&N&N&N&N&N&N&N&N&N&N&N&N&N&N&N&N&N&N&N&N&N&N&N&N&N&N&N&N&N&N&N&N&N&N&N&N&N&N&N&N&N&N&N&N&N&N&N&N&N&N&N&N&N&N&N&N&N&N&N&N&N&N&N&N&N&N&N&N&N&N&N&N&N&N&N&N&N&N&N&N&N&
N&N&N&N&N&N&N&N&N&N&N&N&N&N&N&N&N&N&N&N&N&N&N&N&N&N&N&N&N&N&N&N&N&N&N&N&N&N&N&N&N&N&N&N&N&N&N&N&N&N&N&N&N&N&N&N&N&N&N&N&N&N&N&N&N&N&N&N&N&N&N&N&N&N&N&N&N&N&N&N&N&N&N&N&N&N&N&N&N&N&N&N&N&N&N&N&N&N&N&N&
N&N&N&N&N&N&N&N&N&N&N&N&N&N&N&N&N&N&N&N&N&N&N&N&N&N&N&N&N&N&N&N&N&N&N&N&N&N&N&N&N&N&N&N&N&N&N&N&N&N&N&N&N&N&N&N&N&N&N&N&N&N&N&N&N&N&N&N&N&N&N&N&N&N&N&N&N&N&N&N&N&N&N&N&N&N&N&N&N&N&N&N&N&N&N&N&N&N&N&N&
N&N&N&N&N&N&N&N&N&N&N&N&N&N&N&N&N&N&N&N&N&N&N&N&N&N&N&N&N&N&N&N&N&N&N&N&N&N&N&N&N&N&N&N&N&N&N&N&N&N&N&N&N&N&N&N&N&N&N&N&N&N&N&N&N&N&N&N&N&N&N&N&N&N&N&N&N&N&N&N&N&N&N&N&N&N&N&N&N&N&N&N&N&N&N&N&N&N&N&N&
N&N&N&N&N&N&N&N&N&N&N&N&N&N&N&N&N&N&N&N&N&N&N&N&N&N&N&N&N&N&N&N&N&N&N&N&N&N&N&N&N&N&N&N&N&N&N&N&N&N&N&N&N&N&N&N&N&N&N&N&N&N&N&N&N&N&N&N&N&N&N&N&N&N&N&N&N&N&N&N&N&N&N&N&N&N&N&N&N&N&N&N&N&N&N&N&N&N&N&N&
N&N&N&N&N&N&N&N&N&N&N&N&N&N&N&N&N&N&N&N&N&N&N&N&N&N&N&N&N&N&N&N&N&N&N&N&N&N&N&N&N&N&N&N&N&N&N&N&N&N&N&N&N&N&N&N&N&N&N&N&N&N&N&N&N&N&N&N&N&N&N&N&N&N&N&N&N&N&N&N&N&N&N&N&N&N&N&N&N&N&N&N&N&N&N&N&N&N&N&N&
N&N&N&N&N&N&N&N&N&N&N&N&N&N&N&N&N&N&N&N&N&N&N&N&N&N&N&N&N&N&N&N&N&N&N&N&N&N&N&N&N&N&N&N&N&N&N&N&N&N&N&N&N&N&N&N&N&N&N&N&N&N&N&N&N&N&N&N&N&N&N&N&N&N&N&N&N&N&N&N&N&N&N&N&N&N&N&N&N&N&N&N&N&N&N&N&N&N&N&N&
N&N&N&N&N&N&N&N&N&N&N&N&N&N&N&N&N&N&N&N&N&N&N&N&N&N&N&N&N&N&N&N&N&N&N&N&N&N&N&N&N&N&N&N&N&N&N&N&N&N&N&N&N&N&N&N&N&N&N&N&N&N&N&N&N&N&N&N&N&N&N&N&N&N&N&N&N&N&N&N&N&N&N&N&N&N&N&N&N&N&N&N&N&N&N&N&N&N&N&N&
N&N&N&N&N&N&N&N&N&N&N&N&N&N&N&N&N&N&N&N&N&N&N&N&N&N&N&N&N&N&N&N&N&N&N&N&N&N&N&N&N&N&N&N&N&N&N&N&N&N&N&N&N&N&N&N&N&N&N&N&N&N&N&N&N&N&N&N&N&N&N&N&N&N&N&N&N&N&N&N&N&N&N&N&N&N&N&N&N&N&N&N&N&N&N&N&N&N&N&N&
N&N&N&N&N&N&N&N&N&N&N&N&N&N&N&N&N&N&N&N&N&N&N&N&N&N&N&N&N&N&N&N&N&N&N&N&N&N&N&N&N&N&N&N&N&N&N&N&N&N&N&N&N&N&N&N&N&N&N&N&N&N&N&N&N&N&N&N&N&N&N&N&N&N&N&N&N&N&N&N&N&N&N&N&N&N&N&N&N&N&N&N&N&N&N&N&N&N&N&N&
N&N&N&N&N&N&N&N&N&N&N&N&N&N&N&N&N&N&N&N&N&N&N&N&N&N&N&N&N&N&N&N&N&N&N&N&N&N&N&N&N&N&N&N&N&N&N&N&N&N&N&N&N&N&N&N&N&N&N&N&N&N&N&N&N&N&N&N&N&N&N&N&N&N&N&N&N&N&N&N&N&N&N&N&N&N&N&N&N&N&N&N&N&N&N&N&N&N&N&N&
N&N&N&N&N&N&N&N&N&N&N&N&N&N&N&N&N&N&N&N&N&N&N&N&N&N&N&N&N&N&N&N&N&N&N&N&N&N&N&N&N&N&N&N&N&N&N&N&N&N&N&N&N&N&N&N&N&N&N&N&N&N&N&N&N&N&N&N&N&N&N&N&N&N&N&N&N&N&N&N&N&N&N&N&N&N&N&N&N&N&N&N&N&N&N&N&N&N&N&N&
N&N&N&N&N&N&N&N&N&N&N&N&N&N&N&N&N&N&N&N&N&N&N&N&N&N&N&N&N&N&N&N&N&N&N&N&N&N&N&N&N&N&N&N&N&N&N&N&N&N&N&N&N&N&N&N&N&N&N&N&N&N&N&N&N&N&N&N&N&N&N&N&N&N&N&N&N&N&N&N&N&N&N&N&N&N&N&N&N&N&N&N&N&N&N&N&N&N&N&N&
N&N&N&N&N&N&N&N&N&N&N&N&N&N&N&N&N&N&N&N&N&N&N&N&N&N&N&N&N&N&N&N&N&N&N&N&N&N&N&N&N&N&N&N&N&N&N&N&N&N&N&N&N&N&N&N&N&N&N&N&N&N&N&N&N&N&N&N&N&N&N&N&N&N&N&N&N&N&N&N&N&N&N&N&N&N&N&N&N&N&N&N&N&N&N&N&N&N&N&N&
N&N&N&N&N&N&N&N&N&N&N&N&N&N&N&N&N&N&N&N&N&N&N&N&N&N&N&N&N&N&N&N&N&N&N&N&N&N&N&N&N&N&N&N&N&N&N&N&N&N&N&N&N&N&N&N&N&N&N&N&N&N&N&N&N&N&N&N&N&N&N&N&N&N&N&N&N&N&N&N&N&N&N&N&N&N&N&N&N&N&N&N&N&N&N&N&N&N&N&N&
N&N&N&N&N&N&N&N&N&N&N&N&N&N&N&N&N&N&N&N&N&N&N&N&N&N&N&N&N&N&N&N&N&N&N&N&N&N&N&N&N&N&N&N&N&N&N&N&N&N&N&N&N&N&N&N&N&N&N&N&N&N&N&N&N&N&N&N&N&N&N&N&N&N&N&N&N&N&N&N&N&N&N&N&N&N&N&N&N&N&N&N&N&N&N&N&N&N&N&N&
N&N&N&N&N&N&N&N&N&N&N&N&N&N&N&N&N&N&N&N&N&N&N&N&N&N&N&N&N&N&N&N&N&N&N&N&N&N&N&N&N&N&N&N&N&N&N&N&N&N&N&N&N&N&N&N&N&N&N&N&N&N&N&N&N&N&N&N&N&N&N&N&N&N&N&N&N&N&N&N&N&N&N&N&N&N&N&N&N&N&N&N&N&N&N&N&N&N&N&N&
N&N&N&N&N&N&N&N&N&N&N&N&N&N&N&N&N&N&N&N&N&N&N&N&N&N&N&N&N&N&N&N&N&N&N&N&N&N&N&N&N&N&N&N&N&N&N&N&N&N&N&N&N&N&N&N&N&N&N&N&N&N&N&N&N&N&N&N&N&N&N&N&N&N&N&N&N&N&N&N&N&N&N&N&N&N&N&N&N&N&N&N&N&N&N&N&N&N&N&N&
N&N&N&N&N&N&N&N&N&N&N&N&N&N&N&N&N&N&N&N&N&N&N&N&N&N&N&N&N&N&N&N&N&N&N&N&N&N&N&N&N&N&N&N&N&N&N&N&N&N&N&N&N&N&N&N&N&N&N&N&N&N&N&N&N&N&N&N&N&N&N&N&N&N&N&N&N&N&N&N&N&N&N&N&N&N&N&N&N&N&N&N&N&N&N&N&N&N&N&N&
N&N&N&N&N&N&N&N&N&N&N&N&N&N&N&N&N&N&N&N&N&N&N&N&N&N&N&N&N&N&N&N&N&N&N&N&N&N&N&N&N&N&N&N&N&N&N&N&N&N&N&N&N&N&N&N&N&N&N&N&N&N&N&N&N&N&N&N&N&N&N&N&N&N&N&N&N&N&N&N&N&N&N&N&N&N&N&N&N&N&N&N&N&N&N&N&N&N&N&N&
N&N&N&N&N&N&N&N&N&N&N&N&N&N&N&N&N&N&N&N&N&N&N&N&N&N&N&N&N&N&N&N&N&N&N&N&N&N&N&N&N&N&N&N&N&N&N&N&N&N&N&N&N&N&N&N&N&N&N&N&N&N&N&N&N&N&N&N&N&N&N&N&N&N&N&N&N&N&N&N&N&N&N&N&N&N&N&N&N&N&N&N&N&N&N&N&N&N&N&N&
N&N&N&N&N&N&N&N&N&N&N&N&N&N&N&N&N&N&N&N&N&N&N&N&N&N&N&N&N&N&N&N&N&N&N&N&N&N&N&N&N&N&N&N&N&N&N&N&N&N&N&N&N&N&N&N&N&N&N&N&N&N&N&N&N&N&N&N&N&N&N&N&N&N&N&N&N&N&N&N&N&N&N&N&N&N&N&N&N&N&N&N&N&N&N&N&N&N&N&N&
N&N&N&N&N&N&N&N&N&N&N&N&N&N&N&N&N&N&N&N&N&N&N&N&N&N&N&N&N&N&N&N&N&N&N&N&N&N&N&N&N&N&N&N&N&N&N&N&N&N&N&N&N&N&N&N&N&N&N&N&N&N&N&N&N&N&N&N&N&N&N&N&N&N&N&N&N&N&N&N&N&N&N&N&N&N&N&N&N&N&N&N&N&N&N&N&N&N&N&N&
N&N&N&N&N&N&N&N&N&N&N&N&N&N&N&N&N&N&N&N&N&N&N&N&N&N&N&N&N&N&N&N&N&N&N&N&N&N&N&N&N&N&N&N&N&N&N&N&N&N&N&N&N&N&N&N&N&N&N&N&N&N&N&N&N&N&N&N&N&N&N&N&N&N&N&N&N&N&N&N&N&N&N&N&N&N&N&N&N&N&N&N&N&N&N&N&N&N&N&N&
WP/1/Name/null/null
WP/1/Name/null/null
WP/1/Namr/null/null
WP/2/null/Map/Marker
