100
100
1/N/C/N&1/N/C/N&1/N/C/N&1/N/C/N&1/N/C/N&1/N/C/N&1/N/C/N&1/N/C/N&1/N/C/N&1/N/C/N&1/N/N/N&1/N/N/N&1/N/N/N&1/N/N/N&1/N/N/N&1/N/N/N&1/N/N/N&1/N/N/N&1/N/N/N&1/N/N/N&1/N/N/N&1/N/N/N&1/N/N/N&1/N/N/N&1/N/N/N&1/N/N/N&N&N&N&N&N&N&N&N&N&N&N&N&N&N&N&N&N&N&N&N&N&N&N&N&N&N&N&N&N&N&N&N&N&N&N&N&N&N&N&N&N&N&N&N&N&N&N&N&N&N&N&N&N&N&N&N&N&N&N&N&N&N&N&N&N&N&N&N&N&N&N&N&N&N&
1/N/C/N&0/6/N/N&0/6/N/N&0/6/N/N&0/6/N/N&0/N/N/N&1/N/C/N&1/N/C/N&1/N/C/N&1/N/C/N&1/N/N/N&1/N/N/N&1/N/N/N&1/N/N/N&1/N/N/N&1/N/N/N&1/N/N/N&1/N/N/N&1/N/N/N&1/N/N/N&1/N/N/N&1/N/N/N&1/N/N/N&1/N/N/N&1/N/N/N&1/N/N/N&N&N&N&N&N&N&N&N&N&N&N&N&N&N&N&N&N&N&N&N&N&N&N&N&N&N&N&N&N&N&N&N&N&N&N&N&N&N&N&N&N&N&N&N&N&N&N&N&N&N&N&N&N&N&N&N&N&N&N&N&N&N&N&N&N&N&N&N&N&N&N&N&N&N&
1/N/C/N&0/6/N/N&0/6/N/N&0/N/N/N&0/N/N/N&0/N/N/N&0/6/N/N&0/6/N/N&0/N/N/N&1/N/C/N&1/N/N/N&1/N/N/N&1/N/N/N&1/N/N/N&1/N/N/N&1/N/N/N&1/N/N/N&1/N/N/N&1/N/N/N&N&1/N/N/N&1/N/N/N&1/N/N/N&1/N/N/N&1/N/N/N&1/N/N/N&1/N/N/N&N&N&N&N&N&N&N&N&N&N&N&N&N&N&N&N&N&N&N&N&N&N&N&N&N&N&N&N&N&N&N&N&N&N&N&N&N&N&N&N&N&N&N&N&N&N&N&N&N&N&N&N&N&N&N&N&N&N&N&N&N&N&N&N&N&N&N&N&N&N&N&N&N&
1/N/C/N&0/6/N/N&0/6/N/N&0/N/N/N&0/N/N/N&0/6/N/N&0/6/N/N&0/6/N/N&0/N/N/N&1/N/C/N&1/N/N/N&1/N/N/N&1/N/N/N&1/N/N/N&1/N/N/N&1/N/N/N&1/N/N/N&1/N/N/N&1/N/N/N&1/N/N/N&1/N/N/N&1/N/N/N&1/N/N/N&1/N/N/N&1/N/N/N&1/N/N/N&N&N&N&N&N&N&N&N&N&N&N&N&N&N&N&N&N&N&N&N&N&N&N&N&N&N&N&N&N&N&N&N&N&N&N&N&N&N&N&N&N&N&N&N&N&N&N&N&N&N&N&N&N&N&N&N&N&N&N&N&N&N&N&N&N&N&N&N&N&N&N&N&N&N&
1/N/C/N&0/6/N/N&0/6/N/N&0/N/N/N&0/6/N/N&0/N/N/N&0/N/N/N&0/6/N/N&0/6/N/N&1/N/C/N&1/N/N/N&1/N/N/N&1/N/N/N&1/N/N/N&1/N/N/N&1/N/N/N&1/N/N/N&1/N/N/N&1/N/N/N&1/N/N/N&1/N/N/N&1/N/N/N&1/N/N/N&1/N/N/N&1/N/N/N&1/N/N/N&N&N&N&N&N&N&N&N&N&N&N&N&N&N&N&N&N&N&N&N&N&N&N&N&N&N&N&N&N&N&N&N&N&N&N&N&N&N&N&N&N&N&N&N&N&N&N&N&N&N&N&N&N&N&N&N&N&N&N&N&N&N&N&N&N&N&N&N&N&N&N&N&N&N&
1/N/C/N&0/N/N/N&0/N/N/N&0/N/N/N&0/6/N/N&0/N/N/N&0/N/N/N&0/6/N/N&0/6/N/N&1/N/C/N&1/N/C/N&1/N/C/N&1/N/N/N&1/N/N/N&1/N/N/N&1/N/N/N&1/N/N/N&1/N/N/N&1/N/N/N&1/N/N/N&1/N/N/N&1/N/N/N&1/N/N/N&1/N/N/N&1/N/N/N&1/N/N/N&N&N&N&N&N&N&N&N&N&N&N&N&N&N&N&N&N&N&N&N&N&N&N&N&N&N&N&N&N&N&N&N&N&N&N&N&N&N&N&N&N&N&N&N&N&N&N&N&N&N&N&N&N&N&N&N&N&N&N&N&N&N&N&N&N&N&N&N&N&N&N&N&N&N&
1/N/C/N&0/N/N/N&0/6/N/N&0/6/N/N&0/6/N/N&0/N/N/N&0/N/N/N&0/N/N/N&0/N/N/N&0/N/N/N&0/N/N/N&1/N/C/N&1/N/C/N&1/N/C/N&1/N/C/N&1/N/C/N&1/N/C/N&1/N/C/N&1/N/N/N&1/N/N/N&1/N/N/N&1/N/N/N&1/N/N/N&1/N/N/N&1/N/N/N&1/N/N/N&N&N&N&N&N&N&N&N&N&N&N&N&N&N&N&N&N&N&N&N&N&N&N&N&N&N&N&N&N&N&N&N&N&N&N&N&N&N&N&N&N&N&N&N&N&N&N&N&N&N&N&N&N&N&N&N&N&N&N&N&N&N&N&N&N&N&N&N&N&N&N&N&N&N&
1/N/C/N&0/N/N/N&0/N/N/N&0/6/N/N&0/6/N/N&0/N/N/N&0/N/N/N&0/N/N/N&0/N/N/N&0/N/N/N&0/N/N/N&0/N/N/N&0/N/N/N&0/N/N/N&0/2/N/N&0/2/N/N&0/2/N/N&1/N/C/N&1/N/C/N&1/N/C/N&1/N/N/N&1/N/N/N&1/N/N/N&1/N/N/N&1/N/N/N&1/N/N/N&N&N&N&N&N&N&N&N&N&N&N&N&N&N&N&N&N&N&N&N&N&N&N&N&N&N&N&N&N&N&N&N&N&N&N&N&N&N&N&N&N&N&N&N&N&N&N&N&N&N&N&N&N&N&N&N&N&N&N&N&N&N&N&N&N&N&N&N&N&N&N&N&N&N&
1/N/C/N&0/N/N/N&0/N/N/N&0/6/N/N&0/N/N/N&0/N/N/N&0/N/N/N&0/N/N/N&0/N/N/N&0/N/N/N&0/N/N/N&0/N/N/N&0/N/N/N&0/N/N/N&0/N/N/N&0/2/N/N&0/2/N/N&0/N/N/N&0/2/N/N&1/N/C/N&1/N/N/N&1/N/N/N&1/N/N/N&1/N/N/N&1/N/N/N&1/N/N/N&N&N&N&N&N&N&N&N&N&N&N&N&N&N&N&N&N&N&N&N&N&N&N&N&N&N&N&N&N&N&N&N&N&N&N&N&N&N&N&N&N&N&N&N&N&N&N&N&N&N&N&N&N&N&N&N&N&N&N&N&N&N&N&N&N&N&N&N&N&N&N&N&N&N&
1/N/C/N&1/N/C/N&1/N/C/N&0/N/N/N&0/N/N/N&0/3/N/N&0/N/N/N&0/N/N/N&0/N/N/N&0/N/N/N&0/N/N/N&0/N/N/N&0/N/N/N&0/N/N/N&0/N/N/N&0/N/N/N&0/N/N/N&0/2/N/N&0/N/N/N&1/N/C/N&1/N/N/N&1/N/N/N&1/N/N/N&1/N/N/N&1/N/N/N&1/N/N/N&N&N&N&N&N&N&N&N&N&N&N&N&N&N&N&N&N&N&N&N&N&N&N&N&N&N&N&N&N&N&N&N&N&N&N&N&N&N&N&N&N&N&N&N&N&N&N&N&N&N&N&N&N&N&N&N&N&N&N&N&N&N&N&N&N&N&N&N&N&N&N&N&N&N&
1/N/N/N&1/N/N/N&1/N/C/N&1/N/C/N&1/N/C/N&0/3/N/N&0/3/N/N&0/N/N/N&0/N/N/N&0/N/N/N&0/N/N/N&0/N/N/S&0/N/N/N&0/N/N/N&0/N/N/N&0/N/N/N&0/N/N/N&0/N/N/N&0/2/N/N&1/N/C/N&1/N/C/N&1/N/N/N&1/N/N/N&1/N/N/N&1/N/N/N&1/N/N/N&N&N&N&N&N&N&N&N&N&N&N&N&N&N&N&N&N&N&N&N&N&N&N&N&N&N&N&N&N&N&N&N&N&N&N&N&N&N&N&N&N&N&N&N&N&N&N&N&N&N&N&N&N&N&N&N&N&N&N&N&N&N&N&N&N&N&N&N&N&N&N&N&N&N&
1/N/N/N&1/N/N/N&1/N/N/N&1/N/N/N&1/N/C/N&1/N/C/N&0/3/N/N&0/3/N/N&0/3/N/N&0/N/N/N&0/N/N/N&0/N/N/N&0/N/N/N&0/N/N/N&0/N/N/N&0/N/N/N&0/N/N/N&0/N/N/N&0/2/N/N&0/2/N/N&1/N/C/N&1/N/C/N&1/N/C/N&1/N/N/N&1/N/N/N&1/N/N/N&N&N&N&N&N&N&N&N&N&N&N&N&N&N&N&N&N&N&N&N&N&N&N&N&N&N&N&N&N&N&N&N&N&N&N&N&N&N&N&N&N&N&N&N&N&N&N&N&N&N&N&N&N&N&N&N&N&N&N&N&N&N&N&N&N&N&N&N&N&N&N&N&N&N&
1/N/N/N&1/N/N/N&1/N/N/N&1/N/N/N&1/N/N/N&1/N/C/N&1/N/C/N&1/N/C/N&0/3/N/N&0/3/N/N&0/N/N/N&0/N/N/N&0/N/N/N&0/N/N/N&0/N/N/N&0/N/N/N&0/N/N/N&0/N/N/N&0/N/N/N&0/N/N/N&5/4/N/N&5/N/N/N&1/N/C/N&1/N/N/N&1/N/N/N&1/N/N/N&N&N&N&N&N&N&N&N&N&N&N&N&N&N&N&N&N&N&N&N&N&N&N&N&N&N&N&N&N&N&N&N&N&N&N&N&N&N&N&N&N&N&N&N&N&N&N&N&N&N&N&N&N&N&N&N&N&N&N&N&N&N&N&N&N&N&N&N&N&N&N&N&N&N&
1/N/N/N&1/N/N/N&1/N/N/N&1/N/N/N&1/N/N/N&1/N/N/N&1/N/N/N&1/N/C/N&1/N/C/N&1/N/C/N&1/N/C/N&1/N/C/N&0/N/N/N&0/N/N/N&0/N/N/N&0/N/N/N&0/N/N/N&0/N/N/N&0/N/N/N&0/N/N/N&5/4/N/N&5/4/N/N&1/N/C/N&1/N/C/N&1/N/N/N&1/N/N/N&N&N&N&N&N&N&N&N&N&N&N&N&N&N&N&N&N&N&N&N&N&N&N&N&N&N&N&N&N&N&N&N&N&N&N&N&N&N&N&N&N&N&N&N&N&N&N&N&N&N&N&N&N&N&N&N&N&N&N&N&N&N&N&N&N&N&N&N&N&N&N&N&N&N&
N&1/N/N/N&1/N/N/N&1/N/N/N&1/N/N/N&1/N/N/N&1/N/N/N&1/N/N/N&1/N/N/N&1/N/N/N&1/N/C/N&1/N/C/N&10/N/N/N&10/N/N/N&10/N/N/N&0/N/N/N&0/N/N/N&0/N/N/N&0/N/N/N&0/N/N/N&5/N/N/N&5/4/N/N&5/N/N/N&1/N/C/N&1/N/N/N&1/N/N/N&N&N&N&N&N&N&N&N&N&N&N&N&N&N&N&N&N&N&N&N&N&N&N&N&N&N&N&N&N&N&N&N&N&N&N&N&N&N&N&N&N&N&N&N&N&N&N&N&N&N&N&N&N&N&N&N&N&N&N&N&N&N&N&N&N&N&N&N&N&N&N&N&N&N&
N&1/N/N/N&1/N/N/N&1/N/N/N&1/N/N/N&1/N/C/N&1/N/C/N&1/N/C/N&1/N/C/N&1/N/C/N&1/N/C/N&10/N/N/N&10/N/N/N&10/N/N/N&10/N/N/N&5/N/N/N&5/N/N/N&5/N/N/N&5/N/N/N&5/N/N/N&5/N/N/N&5/4/N/N&5/N/N/N&1/N/C/N&1/N/N/N&1/N/N/N&N&N&N&N&N&N&N&N&N&N&N&N&N&N&N&N&N&N&N&N&N&N&N&N&N&N&N&N&N&N&N&N&N&N&N&N&N&N&N&N&N&N&N&N&N&N&N&N&N&N&N&N&N&N&N&N&N&N&N&N&N&N&N&N&N&N&N&N&N&N&N&N&N&N&
N&1/N/N/N&1/N/N/N&1/N/N/N&1/N/N/N&1/N/C/N&10/9/N/N&10/9/N/N&10/N/N/N&10/N/N/N&10/N/N/N&10/N/N/N&10/N/N/N&10/N/N/N&10/N/N/N&5/N/N/N&5/N/N/N&5/4/N/N&5/4/N/N&5/N/N/N&5/N/N/N&5/N/N/N&5/N/N/N&1/N/C/N&1/N/N/N&1/N/N/N&N&N&N&N&N&N&N&N&N&N&N&N&N&N&N&N&N&N&N&N&N&N&N&N&N&N&N&N&N&N&N&N&N&N&N&N&N&N&N&N&N&N&N&N&N&N&N&N&N&N&N&N&N&N&N&N&N&N&N&N&N&N&N&N&N&N&N&N&N&N&N&N&N&N&
N&1/N/N/N&1/N/N/N&1/N/N/N&1/N/N/N&1/N/C/N&10/9/N/N&10/N/N/N&10/N/N/N&10/N/N/N&10/N/N/N&10/N/N/N&10/N/N/N&10/N/N/N&10/N/N/N&1/N/C/N&5/N/N/N&5/N/N/N&5/4/N/N&5/N/N/N&5/4/N/N&5/4/N/N&1/N/C/N&1/N/C/N&1/N/N/N&1/N/N/N&N&N&N&N&N&N&N&N&N&N&N&N&N&N&N&N&N&N&N&N&N&N&N&N&N&N&N&N&N&N&N&N&N&N&N&N&N&N&N&N&N&N&N&N&N&N&N&N&N&N&N&N&N&N&N&N&N&N&N&N&N&N&N&N&N&N&N&N&N&N&N&N&N&N&
N&1/N/N/N&1/N/N/N&1/N/N/N&1/N/N/N&1/N/C/N&10/N/N/N&10/N/N/N&10/9/N/N&10/N/N/N&10/N/N/N&10/N/N/N&10/N/N/N&1/N/C/N&1/N/C/N&1/N/C/N&1/N/C/N&1/N/C/N&1/N/C/N&1/N/C/N&5/4/N/N&5/4/N/N&1/N/C/N&1/N/C/N&1/N/N/N&1/N/N/N&N&N&N&N&N&N&N&N&N&N&N&N&N&N&N&N&N&N&N&N&N&N&N&N&N&N&N&N&N&N&N&N&N&N&N&N&N&N&N&N&N&N&N&N&N&N&N&N&N&N&N&N&N&N&N&N&N&N&N&N&N&N&N&N&N&N&N&N&N&N&N&N&N&N&
N&1/N/N/N&1/N/N/N&1/N/N/N&1/N/N/N&1/N/C/N&10/N/N/N&10/N/N/N&10/9/N/N&10/9/N/N&10/9/N/N&10/N/N/N&1/N/C/N&1/N/C/N&1/N/N/N&1/N/N/N&1/N/N/N&1/N/N/N&1/N/N/N&1/N/C/N&1/N/C/N&1/N/C/N&1/N/C/N&1/N/N/N&1/N/N/N&1/N/N/N&N&N&N&N&N&N&N&N&N&N&N&N&N&N&N&N&N&N&N&N&N&N&N&N&N&N&N&N&N&N&N&N&N&N&N&N&N&N&N&N&N&N&N&N&N&N&N&N&N&N&N&N&N&N&N&N&N&N&N&N&N&N&N&N&N&N&N&N&N&N&N&N&N&N&
N&1/N/N/N&1/N/N/N&1/N/N/N&1/N/N/N&1/N/C/N&1/N/C/N&1/N/C/N&1/N/C/N&1/N/C/N&1/N/C/N&1/N/C/N&1/N/C/N&1/N/N/N&1/N/N/N&1/N/N/N&1/N/N/N&1/N/N/N&1/N/N/N&1/N/N/N&1/N/N/N&1/N/N/N&1/N/N/N&1/N/N/N&1/N/N/N&1/N/N/N&N&N&N&N&N&N&N&N&N&N&N&N&N&N&N&N&N&N&N&N&N&N&N&N&N&N&N&N&N&N&N&N&N&N&N&N&N&N&N&N&N&N&N&N&N&N&N&N&N&N&N&N&N&N&N&N&N&N&N&N&N&N&N&N&N&N&N&N&N&N&N&N&N&N&
N&1/N/N/N&1/N/N/N&1/N/N/N&1/N/N/N&1/N/N/N&1/N/N/N&1/N/N/N&1/N/N/N&1/N/N/N&1/N/N/N&1/N/N/N&1/N/N/N&1/N/N/N&1/N/N/N&1/N/N/N&1/N/N/N&1/N/N/N&1/N/N/N&1/N/N/N&1/N/N/N&1/N/N/N&1/N/N/N&1/N/N/N&1/N/N/N&1/N/N/N&N&N&N&N&N&N&N&N&N&N&N&N&N&N&N&N&N&N&N&N&N&N&N&N&N&N&N&N&N&N&N&N&N&N&N&N&N&N&N&N&N&N&N&N&N&N&N&N&N&N&N&N&N&N&N&N&N&N&N&N&N&N&N&N&N&N&N&N&N&N&N&N&N&N&
N&1/N/N/N&1/N/N/N&1/N/N/N&1/N/N/N&1/N/N/N&1/N/N/N&1/N/N/N&1/N/N/N&1/N/N/N&1/N/N/N&1/N/N/N&1/N/N/N&1/N/N/N&1/N/N/N&1/N/N/N&1/N/N/N&1/N/N/N&1/N/N/N&1/N/N/N&1/N/N/N&1/N/N/N&1/N/N/N&1/N/N/N&1/N/N/N&1/N/N/N&N&N&N&N&N&N&N&N&N&N&N&N&N&N&N&N&N&N&N&N&N&N&N&N&N&N&N&N&N&N&N&N&N&N&N&N&N&N&N&N&N&N&N&N&N&N&N&N&N&N&N&N&N&N&N&N&N&N&N&N&N&N&N&N&N&N&N&N&N&N&N&N&N&N&
N&N&N&N&N&N&N&N&N&N&N&N&N&N&N&N&N&N&N&N&N&N&N&N&N&N&N&N&N&N&N&N&N&N&N&N&N&N&N&N&N&N&N&N&N&N&N&N&N&N&N&N&N&N&N&N&N&N&N&N&N&N&N&N&N&N&N&N&N&N&N&N&N&N&N&N&N&N&N&N&N&N&N&N&N&N&N&N&N&N&N&N&N&N&N&N&N&N&N&N&
N&N&N&N&N&N&N&N&N&N&N&N&N&N&N&N&N&N&N&N&N&N&N&N&N&N&N&N&N&N&N&N&N&N&N&N&N&N&N&N&N&N&N&N&N&N&N&N&N&N&N&N&N&N&N&N&N&N&N&N&N&N&N&N&N&N&N&N&N&N&N&N&N&N&N&N&N&N&N&N&N&N&N&N&N&N&N&N&N&N&N&N&N&N&N&N&N&N&N&N&
N&N&N&N&N&N&N&N&N&N&N&N&N&N&N&N&N&N&N&N&N&N&N&N&N&N&N&N&N&N&N&N&N&N&N&N&N&N&N&N&N&N&N&N&N&N&N&N&N&N&N&N&N&N&N&N&N&N&N&N&N&N&N&N&N&N&N&N&N&N&N&N&N&N&N&N&N&N&N&N&N&N&N&N&N&N&N&N&N&N&N&N&N&N&N&N&N&N&N&N&
N&N&N&N&N&N&N&N&N&N&N&N&N&N&N&N&N&N&N&N&N&N&N&N&N&N&N&N&N&N&N&N&N&N&N&N&N&N&N&N&N&N&N&N&N&N&N&N&N&N&N&N&N&N&N&N&N&N&N&N&N&N&N&N&N&N&N&N&N&N&N&N&N&N&N&N&N&N&N&N&N&N&N&N&N&N&N&N&N&N&N&N&N&N&N&N&N&N&N&N&
N&N&N&N&N&N&N&N&N&N&N&N&N&N&N&N&N&N&N&N&N&N&N&N&N&N&N&N&N&N&N&N&N&N&N&N&N&N&N&N&N&N&N&N&N&N&N&N&N&N&N&N&N&N&N&N&N&N&N&N&N&N&N&N&N&N&N&N&N&N&N&N&N&N&N&N&N&N&N&N&N&N&N&N&N&N&N&N&N&N&N&N&N&N&N&N&N&N&N&N&
N&N&N&N&N&N&N&N&N&N&N&N&N&N&N&N&N&N&N&N&N&N&N&N&N&N&N&N&N&N&N&N&N&N&N&N&N&N&N&N&N&N&N&N&N&N&N&N&N&N&N&N&N&N&N&N&N&N&N&N&N&N&N&N&N&N&N&N&N&N&N&N&N&N&N&N&N&N&N&N&N&N&N&N&N&N&N&N&N&N&N&N&N&N&N&N&N&N&N&N&
N&N&N&N&N&N&N&N&N&N&N&N&N&N&N&N&N&N&N&N&N&N&N&N&N&N&N&N&N&N&N&N&N&N&N&N&N&N&N&N&N&N&N&N&N&N&N&N&N&N&N&N&N&N&N&N&N&N&N&N&N&N&N&N&N&N&N&N&N&N&N&N&N&N&N&N&N&N&N&N&N&N&N&N&N&N&N&N&N&N&N&N&N&N&N&N&N&N&N&N&
N&N&N&N&N&N&N&N&N&N&N&N&N&N&N&N&N&N&N&N&N&N&N&N&N&N&N&N&N&N&N&N&N&N&N&N&N&N&N&N&N&N&N&N&N&N&N&N&N&N&N&N&N&N&N&N&N&N&N&N&N&N&N&N&N&N&N&N&N&N&N&N&N&N&N&N&N&N&N&N&N&N&N&N&N&N&N&N&N&N&N&N&N&N&N&N&N&N&N&N&
N&N&N&N&N&N&N&N&N&N&N&N&N&N&N&N&N&N&N&N&N&N&N&N&N&N&N&N&N&N&N&N&N&N&N&N&N&N&N&N&N&N&N&N&N&N&N&N&N&N&N&N&N&N&N&N&N&N&N&N&N&N&N&N&N&N&N&N&N&N&N&N&N&N&N&N&N&N&N&N&N&N&N&N&N&N&N&N&N&N&N&N&N&N&N&N&N&N&N&N&
N&N&N&N&N&N&N&N&N&N&N&N&N&N&N&N&N&N&N&N&N&N&N&N&N&N&N&N&N&N&N&N&N&N&N&N&N&N&N&N&N&N&N&N&N&N&N&N&N&N&N&N&N&N&N&N&N&N&N&N&N&N&N&N&N&N&N&N&N&N&N&N&N&N&N&N&N&N&N&N&N&N&N&N&N&N&N&N&N&N&N&N&N&N&N&N&N&N&N&N&
N&N&N&N&N&N&N&N&N&N&N&N&N&N&N&N&N&N&N&N&N&N&N&N&N&N&N&N&N&N&N&N&N&N&N&N&N&N&N&N&N&N&N&N&N&N&N&N&N&N&N&N&N&N&N&N&N&N&N&N&N&N&N&N&N&N&N&N&N&N&N&N&N&N&N&N&N&N&N&N&N&N&N&N&N&N&N&N&N&N&N&N&N&N&N&N&N&N&N&N&
N&N&N&N&N&N&N&N&N&N&N&N&N&N&N&N&N&N&N&N&N&N&N&N&N&N&N&N&N&N&N&N&N&N&N&N&N&N&N&N&N&N&N&N&N&N&N&N&N&N&N&N&N&N&N&N&N&N&N&N&N&N&N&N&N&N&N&N&N&N&N&N&N&N&N&N&N&N&N&N&N&N&N&N&N&N&N&N&N&N&N&N&N&N&N&N&N&N&N&N&
N&N&N&N&N&N&N&N&N&N&N&N&N&N&N&N&N&N&N&N&N&N&N&N&N&N&N&N&N&N&N&N&N&N&N&N&N&N&N&N&N&N&N&N&N&N&N&N&N&N&N&N&N&N&N&N&N&N&N&N&N&N&N&N&N&N&N&N&N&N&N&N&N&N&N&N&N&N&N&N&N&N&N&N&N&N&N&N&N&N&N&N&N&N&N&N&N&N&N&N&
N&N&N&N&N&N&N&N&N&N&N&N&N&N&N&N&N&N&N&N&N&N&N&N&N&N&N&N&N&N&N&N&N&N&N&N&N&N&N&N&N&N&N&N&N&N&N&N&N&N&N&N&N&N&N&N&N&N&N&N&N&N&N&N&N&N&N&N&N&N&N&N&N&N&N&N&N&N&N&N&N&N&N&N&N&N&N&N&N&N&N&N&N&N&N&N&N&N&N&N&
N&N&N&N&N&N&N&N&N&N&N&N&N&N&N&N&N&N&N&N&N&N&N&N&N&N&N&N&N&N&N&N&N&N&N&N&N&N&N&N&N&N&N&N&N&N&N&N&N&N&N&N&N&N&N&N&N&N&N&N&N&N&N&N&N&N&N&N&N&N&N&N&N&N&N&N&N&N&N&N&N&N&N&N&N&N&N&N&N&N&N&N&N&N&N&N&N&N&N&N&
N&N&N&N&N&N&N&N&N&N&N&N&N&N&N&N&N&N&N&N&N&N&N&N&N&N&N&N&N&N&N&N&N&N&N&N&N&N&N&N&N&N&N&N&N&N&N&N&N&N&N&N&N&N&N&N&N&N&N&N&N&N&N&N&N&N&N&N&N&N&N&N&N&N&N&N&N&N&N&N&N&N&N&N&N&N&N&N&N&N&N&N&N&N&N&N&N&N&N&N&
N&N&N&N&N&N&N&N&N&N&N&N&N&N&N&N&N&N&N&N&N&N&N&N&N&N&N&N&N&N&N&N&N&N&N&N&N&N&N&N&N&N&N&N&N&N&N&N&N&N&N&N&N&N&N&N&N&N&N&N&N&N&N&N&N&N&N&N&N&N&N&N&N&N&N&N&N&N&N&N&N&N&N&N&N&N&N&N&N&N&N&N&N&N&N&N&N&N&N&N&
N&N&N&N&N&N&N&N&N&N&N&N&N&N&N&N&N&N&N&N&N&N&N&N&N&N&N&N&N&N&N&N&N&N&N&N&N&N&N&N&N&N&N&N&N&N&N&N&N&N&N&N&N&N&N&N&N&N&N&N&N&N&N&N&N&N&N&N&N&N&N&N&N&N&N&N&N&N&N&N&N&N&N&N&N&N&N&N&N&N&N&N&N&N&N&N&N&N&N&N&
N&N&N&N&N&N&N&N&N&N&N&N&N&N&N&N&N&N&N&N&N&N&N&N&N&N&N&N&N&N&N&N&N&N&N&N&N&N&N&N&N&N&N&N&N&N&N&N&N&N&N&N&N&N&N&N&N&N&N&N&N&N&N&N&N&N&N&N&N&N&N&N&N&N&N&N&N&N&N&N&N&N&N&N&N&N&N&N&N&N&N&N&N&N&N&N&N&N&N&N&
N&N&N&N&N&N&N&N&N&N&N&N&N&N&N&N&N&N&N&N&N&N&N&N&N&N&N&N&N&N&N&N&N&N&N&N&N&N&N&N&N&N&N&N&N&N&N&N&N&N&N&N&N&N&N&N&N&N&N&N&N&N&N&N&N&N&N&N&N&N&N&N&N&N&N&N&N&N&N&N&N&N&N&N&N&N&N&N&N&N&N&N&N&N&N&N&N&N&N&N&
N&N&N&N&N&N&N&N&N&N&N&N&N&N&N&N&N&N&N&N&N&N&N&N&N&N&N&N&N&N&N&N&N&N&N&N&N&N&N&N&N&N&N&N&N&N&N&N&N&N&N&N&N&N&N&N&N&N&N&N&N&N&N&N&N&N&N&N&N&N&N&N&N&N&N&N&N&N&N&N&N&N&N&N&N&N&N&N&N&N&N&N&N&N&N&N&N&N&N&N&
N&N&N&N&N&N&N&N&N&N&N&N&N&N&N&N&N&N&N&N&N&N&N&N&N&N&N&N&N&N&N&N&N&N&N&N&N&N&N&N&N&N&N&N&N&N&N&N&N&N&N&N&N&N&N&N&N&N&N&N&N&N&N&N&N&N&N&N&N&N&N&N&N&N&N&N&N&N&N&N&N&N&N&N&N&N&N&N&N&N&N&N&N&N&N&N&N&N&N&N&
N&N&N&N&N&N&N&N&N&N&N&N&N&N&N&N&N&N&N&N&N&N&N&N&N&N&N&N&N&N&N&N&N&N&N&N&N&N&N&N&N&N&N&N&N&N&N&N&N&N&N&N&N&N&N&N&N&N&N&N&N&N&N&N&N&N&N&N&N&N&N&N&N&N&N&N&N&N&N&N&N&N&N&N&N&N&N&N&N&N&N&N&N&N&N&N&N&N&N&N&
N&N&N&N&N&N&N&N&N&N&N&N&N&N&N&N&N&N&N&N&N&N&N&N&N&N&N&N&N&N&N&N&N&N&N&N&N&N&N&N&N&N&N&N&N&N&N&N&N&N&N&N&N&N&N&N&N&N&N&N&N&N&N&N&N&N&N&N&N&N&N&N&N&N&N&N&N&N&N&N&N&N&N&N&N&N&N&N&N&N&N&N&N&N&N&N&N&N&N&N&
N&N&N&N&N&N&N&N&N&N&N&N&N&N&N&N&N&N&N&N&N&N&N&N&N&N&N&N&N&N&N&N&N&N&N&N&N&N&N&N&N&N&N&N&N&N&N&N&N&N&N&N&N&N&N&N&N&N&N&N&N&N&N&N&N&N&N&N&N&N&N&N&N&N&N&N&N&N&N&N&N&N&N&N&N&N&N&N&N&N&N&N&N&N&N&N&N&N&N&N&
N&N&N&N&N&N&N&N&N&N&N&N&N&N&N&N&N&N&N&N&N&N&N&N&N&N&N&N&N&N&N&N&N&N&N&N&N&N&N&N&N&N&N&N&N&N&N&N&N&N&N&N&N&N&N&N&N&N&N&N&N&N&N&N&N&N&N&N&N&N&N&N&N&N&N&N&N&N&N&N&N&N&N&N&N&N&N&N&N&N&N&N&N&N&N&N&N&N&N&N&
N&N&N&N&N&N&N&N&N&N&N&N&N&N&N&N&N&N&N&N&N&N&N&N&N&N&N&N&N&N&N&N&N&N&N&N&N&N&N&N&N&N&N&N&N&N&N&N&N&N&N&N&N&N&N&N&N&N&N&N&N&N&N&N&N&N&N&N&N&N&N&N&N&N&N&N&N&N&N&N&N&N&N&N&N&N&N&N&N&N&N&N&N&N&N&N&N&N&N&N&
N&N&N&N&N&N&N&N&N&N&N&N&N&N&N&N&N&N&N&N&N&N&N&N&N&N&N&N&N&N&N&N&N&N&N&N&N&N&N&N&N&N&N&N&N&N&N&N&N&N&N&N&N&N&N&N&N&N&N&N&N&N&N&N&N&N&N&N&N&N&N&N&N&N&N&N&N&N&N&N&N&N&N&N&N&N&N&N&N&N&N&N&N&N&N&N&N&N&N&N&
N&N&N&N&N&N&N&N&N&N&N&N&N&N&N&N&N&N&N&N&N&N&N&N&N&N&N&N&N&N&N&N&N&N&N&N&N&N&N&N&N&N&N&N&N&N&N&N&N&N&N&N&N&N&N&N&N&N&N&N&N&N&N&N&N&N&N&N&N&N&N&N&N&N&N&N&N&N&N&N&N&N&N&N&N&N&N&N&N&N&N&N&N&N&N&N&N&N&N&N&
N&N&N&N&N&N&N&N&N&N&N&N&N&N&N&N&N&N&N&N&N&N&N&N&N&N&N&N&N&N&N&N&N&N&N&N&N&N&N&N&N&N&N&N&N&N&N&N&N&N&N&N&N&N&N&N&N&N&N&N&N&N&N&N&N&N&N&N&N&N&N&N&N&N&N&N&N&N&N&N&N&N&N&N&N&N&N&N&N&N&N&N&N&N&N&N&N&N&N&N&
N&N&N&N&N&N&N&N&N&N&N&N&N&N&N&N&N&N&N&N&N&N&N&N&N&N&N&N&N&N&N&N&N&N&N&N&N&N&N&N&N&N&N&N&N&N&N&N&N&N&N&N&N&N&N&N&N&N&N&N&N&N&N&N&N&N&N&N&N&N&N&N&N&N&N&N&N&N&N&N&N&N&N&N&N&N&N&N&N&N&N&N&N&N&N&N&N&N&N&N&
N&N&N&N&N&N&N&N&N&N&N&N&N&N&N&N&N&N&N&N&N&N&N&N&N&N&N&N&N&N&N&N&N&N&N&N&N&N&N&N&N&N&N&N&N&N&N&N&N&N&N&N&N&N&N&N&N&N&N&N&N&N&N&N&N&N&N&N&N&N&N&N&N&N&N&N&N&N&N&N&N&N&N&N&N&N&N&N&N&N&N&N&N&N&N&N&N&N&N&N&
N&N&N&N&N&N&N&N&N&N&N&N&N&N&N&N&N&N&N&N&N&N&N&N&N&N&N&N&N&N&N&N&N&N&N&N&N&N&N&N&N&N&N&N&N&N&N&N&N&N&N&N&N&N&N&N&N&N&N&N&N&N&N&N&N&N&N&N&N&N&N&N&N&N&N&N&N&N&N&N&N&N&N&N&N&N&N&N&N&N&N&N&N&N&N&N&N&N&N&N&
N&N&N&N&N&N&N&N&N&N&N&N&N&N&N&N&N&N&N&N&N&N&N&N&N&N&N&N&N&N&N&N&N&N&N&N&N&N&N&N&N&N&N&N&N&N&N&N&N&N&N&N&N&N&N&N&N&N&N&N&N&N&N&N&N&N&N&N&N&N&N&N&N&N&N&N&N&N&N&N&N&N&N&N&N&N&N&N&N&N&N&N&N&N&N&N&N&N&N&N&
N&N&N&N&N&N&N&N&N&N&N&N&N&N&N&N&N&N&N&N&N&N&N&N&N&N&N&N&N&N&N&N&N&N&N&N&N&N&N&N&N&N&N&N&N&N&N&N&N&N&N&N&N&N&N&N&N&N&N&N&N&N&N&N&N&N&N&N&N&N&N&N&N&N&N&N&N&N&N&N&N&N&N&N&N&N&N&N&N&N&N&N&N&N&N&N&N&N&N&N&
N&N&N&N&N&N&N&N&N&N&N&N&N&N&N&N&N&N&N&N&N&N&N&N&N&N&N&N&N&N&N&N&N&N&N&N&N&N&N&N&N&N&N&N&N&N&N&N&N&N&N&N&N&N&N&N&N&N&N&N&N&N&N&N&N&N&N&N&N&N&N&N&N&N&N&N&N&N&N&N&N&N&N&N&N&N&N&N&N&N&N&N&N&N&N&N&N&N&N&N&
N&N&N&N&N&N&N&N&N&N&N&N&N&N&N&N&N&N&N&N&N&N&N&N&N&N&N&N&N&N&N&N&N&N&N&N&N&N&N&N&N&N&N&N&N&N&N&N&N&N&N&N&N&N&N&N&N&N&N&N&N&N&N&N&N&N&N&N&N&N&N&N&N&N&N&N&N&N&N&N&N&N&N&N&N&N&N&N&N&N&N&N&N&N&N&N&N&N&N&N&
N&N&N&N&N&N&N&N&N&N&N&N&N&N&N&N&N&N&N&N&N&N&N&N&N&N&N&N&N&N&N&N&N&N&N&N&N&N&N&N&N&N&N&N&N&N&N&N&N&N&N&N&N&N&N&N&N&N&N&N&N&N&N&N&N&N&N&N&N&N&N&N&N&N&N&N&N&N&N&N&N&N&N&N&N&N&N&N&N&N&N&N&N&N&N&N&N&N&N&N&
N&N&N&N&N&N&N&N&N&N&N&N&N&N&N&N&N&N&N&N&N&N&N&N&N&N&N&N&N&N&N&N&N&N&N&N&N&N&N&N&N&N&N&N&N&N&N&N&N&N&N&N&N&N&N&N&N&N&N&N&N&N&N&N&N&N&N&N&N&N&N&N&N&N&N&N&N&N&N&N&N&N&N&N&N&N&N&N&N&N&N&N&N&N&N&N&N&N&N&N&
N&N&N&N&N&N&N&N&N&N&N&N&N&N&N&N&N&N&N&N&N&N&N&N&N&N&N&N&N&N&N&N&N&N&N&N&N&N&N&N&N&N&N&N&N&N&N&N&N&N&N&N&N&N&N&N&N&N&N&N&N&N&N&N&N&N&N&N&N&N&N&N&N&N&N&N&N&N&N&N&N&N&N&N&N&N&N&N&N&N&N&N&N&N&N&N&N&N&N&N&
N&N&N&N&N&N&N&N&N&N&N&N&N&N&N&N&N&N&N&N&N&N&N&N&N&N&N&N&N&N&N&N&N&N&N&N&N&N&N&N&N&N&N&N&N&N&N&N&N&N&N&N&N&N&N&N&N&N&N&N&N&N&N&N&N&N&N&N&N&N&N&N&N&N&N&N&N&N&N&N&N&N&N&N&N&N&N&N&N&N&N&N&N&N&N&N&N&N&N&N&
N&N&N&N&N&N&N&N&N&N&N&N&N&N&N&N&N&N&N&N&N&N&N&N&N&N&N&N&N&N&N&N&N&N&N&N&N&N&N&N&N&N&N&N&N&N&N&N&N&N&N&N&N&N&N&N&N&N&N&N&N&N&N&N&N&N&N&N&N&N&N&N&N&N&N&N&N&N&N&N&N&N&N&N&N&N&N&N&N&N&N&N&N&N&N&N&N&N&N&N&
N&N&N&N&N&N&N&N&N&N&N&N&N&N&N&N&N&N&N&N&N&N&N&N&N&N&N&N&N&N&N&N&N&N&N&N&N&N&N&N&N&N&N&N&N&N&N&N&N&N&N&N&N&N&N&N&N&N&N&N&N&N&N&N&N&N&N&N&N&N&N&N&N&N&N&N&N&N&N&N&N&N&N&N&N&N&N&N&N&N&N&N&N&N&N&N&N&N&N&N&
N&N&N&N&N&N&N&N&N&N&N&N&N&N&N&N&N&N&N&N&N&N&N&N&N&N&N&N&N&N&N&N&N&N&N&N&N&N&N&N&N&N&N&N&N&N&N&N&N&N&N&N&N&N&N&N&N&N&N&N&N&N&N&N&N&N&N&N&N&N&N&N&N&N&N&N&N&N&N&N&N&N&N&N&N&N&N&N&N&N&N&N&N&N&N&N&N&N&N&N&
N&N&N&N&N&N&N&N&N&N&N&N&N&N&N&N&N&N&N&N&N&N&N&N&N&N&N&N&N&N&N&N&N&N&N&N&N&N&N&N&N&N&N&N&N&N&N&N&N&N&N&N&N&N&N&N&N&N&N&N&N&N&N&N&N&N&N&N&N&N&N&N&N&N&N&N&N&N&N&N&N&N&N&N&N&N&N&N&N&N&N&N&N&N&N&N&N&N&N&N&
N&N&N&N&N&N&N&N&N&N&N&N&N&N&N&N&N&N&N&N&N&N&N&N&N&N&N&N&N&N&N&N&N&N&N&N&N&N&N&N&N&N&N&N&N&N&N&N&N&N&N&N&N&N&N&N&N&N&N&N&N&N&N&N&N&N&N&N&N&N&N&N&N&N&N&N&N&N&N&N&N&N&N&N&N&N&N&N&N&N&N&N&N&N&N&N&N&N&N&N&
N&N&N&N&N&N&N&N&N&N&N&N&N&N&N&N&N&N&N&N&N&N&N&N&N&N&N&N&N&N&N&N&N&N&N&N&N&N&N&N&N&N&N&N&N&N&N&N&N&N&N&N&N&N&N&N&N&N&N&N&N&N&N&N&N&N&N&N&N&N&N&N&N&N&N&N&N&N&N&N&N&N&N&N&N&N&N&N&N&N&N&N&N&N&N&N&N&N&N&N&
N&N&N&N&N&N&N&N&N&N&N&N&N&N&N&N&N&N&N&N&N&N&N&N&N&N&N&N&N&N&N&N&N&N&N&N&N&N&N&N&N&N&N&N&N&N&N&N&N&N&N&N&N&N&N&N&N&N&N&N&N&N&N&N&N&N&N&N&N&N&N&N&N&N&N&N&N&N&N&N&N&N&N&N&N&N&N&N&N&N&N&N&N&N&N&N&N&N&N&N&
N&N&N&N&N&N&N&N&N&N&N&N&N&N&N&N&N&N&N&N&N&N&N&N&N&N&N&N&N&N&N&N&N&N&N&N&N&N&N&N&N&N&N&N&N&N&N&N&N&N&N&N&N&N&N&N&N&N&N&N&N&N&N&N&N&N&N&N&N&N&N&N&N&N&N&N&N&N&N&N&N&N&N&N&N&N&N&N&N&N&N&N&N&N&N&N&N&N&N&N&
N&N&N&N&N&N&N&N&N&N&N&N&N&N&N&N&N&N&N&N&N&N&N&N&N&N&N&N&N&N&N&N&N&N&N&N&N&N&N&N&N&N&N&N&N&N&N&N&N&N&N&N&N&N&N&N&N&N&N&N&N&N&N&N&N&N&N&N&N&N&N&N&N&N&N&N&N&N&N&N&N&N&N&N&N&N&N&N&N&N&N&N&N&N&N&N&N&N&N&N&
N&N&N&N&N&N&N&N&N&N&N&N&N&N&N&N&N&N&N&N&N&N&N&N&N&N&N&N&N&N&N&N&N&N&N&N&N&N&N&N&N&N&N&N&N&N&N&N&N&N&N&N&N&N&N&N&N&N&N&N&N&N&N&N&N&N&N&N&N&N&N&N&N&N&N&N&N&N&N&N&N&N&N&N&N&N&N&N&N&N&N&N&N&N&N&N&N&N&N&N&
N&N&N&N&N&N&N&N&N&N&N&N&N&N&N&N&N&N&N&N&N&N&N&N&N&N&N&N&N&N&N&N&N&N&N&N&N&N&N&N&N&N&N&N&N&N&N&N&N&N&N&N&N&N&N&N&N&N&N&N&N&N&N&N&N&N&N&N&N&N&N&N&N&N&N&N&N&N&N&N&N&N&N&N&N&N&N&N&N&N&N&N&N&N&N&N&N&N&N&N&
N&N&N&N&N&N&N&N&N&N&N&N&N&N&N&N&N&N&N&N&N&N&N&N&N&N&N&N&N&N&N&N&N&N&N&N&N&N&N&N&N&N&N&N&N&N&N&N&N&N&N&N&N&N&N&N&N&N&N&N&N&N&N&N&N&N&N&N&N&N&N&N&N&N&N&N&N&N&N&N&N&N&N&N&N&N&N&N&N&N&N&N&N&N&N&N&N&N&N&N&
N&N&N&N&N&N&N&N&N&N&N&N&N&N&N&N&N&N&N&N&N&N&N&N&N&N&N&N&N&N&N&N&N&N&N&N&N&N&N&N&N&N&N&N&N&N&N&N&N&N&N&N&N&N&N&N&N&N&N&N&N&N&N&N&N&N&N&N&N&N&N&N&N&N&N&N&N&N&N&N&N&N&N&N&N&N&N&N&N&N&N&N&N&N&N&N&N&N&N&N&
N&N&N&N&N&N&N&N&N&N&N&N&N&N&N&N&N&N&N&N&N&N&N&N&N&N&N&N&N&N&N&N&N&N&N&N&N&N&N&N&N&N&N&N&N&N&N&N&N&N&N&N&N&N&N&N&N&N&N&N&N&N&N&N&N&N&N&N&N&N&N&N&N&N&N&N&N&N&N&N&N&N&N&N&N&N&N&N&N&N&N&N&N&N&N&N&N&N&N&N&
N&N&N&N&N&N&N&N&N&N&N&N&N&N&N&N&N&N&N&N&N&N&N&N&N&N&N&N&N&N&N&N&N&N&N&N&N&N&N&N&N&N&N&N&N&N&N&N&N&N&N&N&N&N&N&N&N&N&N&N&N&N&N&N&N&N&N&N&N&N&N&N&N&N&N&N&N&N&N&N&N&N&N&N&N&N&N&N&N&N&N&N&N&N&N&N&N&N&N&N&
N&N&N&N&N&N&N&N&N&N&N&N&N&N&N&N&N&N&N&N&N&N&N&N&N&N&N&N&N&N&N&N&N&N&N&N&N&N&N&N&N&N&N&N&N&N&N&N&N&N&N&N&N&N&N&N&N&N&N&N&N&N&N&N&N&N&N&N&N&N&N&N&N&N&N&N&N&N&N&N&N&N&N&N&N&N&N&N&N&N&N&N&N&N&N&N&N&N&N&N&
N&N&N&N&N&N&N&N&N&N&N&N&N&N&N&N&N&N&N&N&N&N&N&N&N&N&N&N&N&N&N&N&N&N&N&N&N&N&N&N&N&N&N&N&N&N&N&N&N&N&N&N&N&N&N&N&N&N&N&N&N&N&N&N&N&N&N&N&N&N&N&N&N&N&N&N&N&N&N&N&N&N&N&N&N&N&N&N&N&N&N&N&N&N&N&N&N&N&N&N&
N&N&N&N&N&N&N&N&N&N&N&N&N&N&N&N&N&N&N&N&N&N&N&N&N&N&N&N&N&N&N&N&N&N&N&N&N&N&N&N&N&N&N&N&N&N&N&N&N&N&N&N&N&N&N&N&N&N&N&N&N&N&N&N&N&N&N&N&N&N&N&N&N&N&N&N&N&N&N&N&N&N&N&N&N&N&N&N&N&N&N&N&N&N&N&N&N&N&N&N&
N&N&N&N&N&N&N&N&N&N&N&N&N&N&N&N&N&N&N&N&N&N&N&N&N&N&N&N&N&N&N&N&N&N&N&N&N&N&N&N&N&N&N&N&N&N&N&N&N&N&N&N&N&N&N&N&N&N&N&N&N&N&N&N&N&N&N&N&N&N&N&N&N&N&N&N&N&N&N&N&N&N&N&N&N&N&N&N&N&N&N&N&N&N&N&N&N&N&N&N&
N&N&N&N&N&N&N&N&N&N&N&N&N&N&N&N&N&N&N&N&N&N&N&N&N&N&N&N&N&N&N&N&N&N&N&N&N&N&N&N&N&N&N&N&N&N&N&N&N&N&N&N&N&N&N&N&N&N&N&N&N&N&N&N&N&N&N&N&N&N&N&N&N&N&N&N&N&N&N&N&N&N&N&N&N&N&N&N&N&N&N&N&N&N&N&N&N&N&N&N&
N&N&N&N&N&N&N&N&N&N&N&N&N&N&N&N&N&N&N&N&N&N&N&N&N&N&N&N&N&N&N&N&N&N&N&N&N&N&N&N&N&N&N&N&N&N&N&N&N&N&N&N&N&N&N&N&N&N&N&N&N&N&N&N&N&N&N&N&N&N&N&N&N&N&N&N&N&N&N&N&N&N&N&N&N&N&N&N&N&N&N&N&N&N&N&N&N&N&N&N&
N&N&N&N&N&N&N&N&N&N&N&N&N&N&N&N&N&N&N&N&N&N&N&N&N&N&N&N&N&N&N&N&N&N&N&N&N&N&N&N&N&N&N&N&N&N&N&N&N&N&N&N&N&N&N&N&N&N&N&N&N&N&N&N&N&N&N&N&N&N&N&N&N&N&N&N&N&N&N&N&N&N&N&N&N&N&N&N&N&N&N&N&N&N&N&N&N&N&N&N&
N&N&N&N&N&N&N&N&N&N&N&N&N&N&N&N&N&N&N&N&N&N&N&N&N&N&N&N&N&N&N&N&N&N&N&N&N&N&N&N&N&N&N&N&N&N&N&N&N&N&N&N&N&N&N&N&N&N&N&N&N&N&N&N&N&N&N&N&N&N&N&N&N&N&N&N&N&N&N&N&N&N&N&N&N&N&N&N&N&N&N&N&N&N&N&N&N&N&N&N&
N&N&N&N&N&N&N&N&N&N&N&N&N&N&N&N&N&N&N&N&N&N&N&N&N&N&N&N&N&N&N&N&N&N&N&N&N&N&N&N&N&N&N&N&N&N&N&N&N&N&N&N&N&N&N&N&N&N&N&N&N&N&N&N&N&N&N&N&N&N&N&N&N&N&N&N&N&N&N&N&N&N&N&N&N&N&N&N&N&N&N&N&N&N&N&N&N&N&N&N&
N&N&N&N&N&N&N&N&N&N&N&N&N&N&N&N&N&N&N&N&N&N&N&N&N&N&N&N&N&N&N&N&N&N&N&N&N&N&N&N&N&N&N&N&N&N&N&N&N&N&N&N&N&N&N&N&N&N&N&N&N&N&N&N&N&N&N&N&N&N&N&N&N&N&N&N&N&N&N&N&N&N&N&N&N&N&N&N&N&N&N&N&N&N&N&N&N&N&N&N&
N&N&N&N&N&N&N&N&N&N&N&N&N&N&N&N&N&N&N&N&N&N&N&N&N&N&N&N&N&N&N&N&N&N&N&N&N&N&N&N&N&N&N&N&N&N&N&N&N&N&N&N&N&N&N&N&N&N&N&N&N&N&N&N&N&N&N&N&N&N&N&N&N&N&N&N&N&N&N&N&N&N&N&N&N&N&N&N&N&N&N&N&N&N&N&N&N&N&N&N&
N&N&N&N&N&N&N&N&N&N&N&N&N&N&N&N&N&N&N&N&N&N&N&N&N&N&N&N&N&N&N&N&N&N&N&N&N&N&N&N&N&N&N&N&N&N&N&N&N&N&N&N&N&N&N&N&N&N&N&N&N&N&N&N&N&N&N&N&N&N&N&N&N&N&N&N&N&N&N&N&N&N&N&N&N&N&N&N&N&N&N&N&N&N&N&N&N&N&N&N&
N&N&N&N&N&N&N&N&N&N&N&N&N&N&N&N&N&N&N&N&N&N&N&N&N&N&N&N&N&N&N&N&N&N&N&N&N&N&N&N&N&N&N&N&N&N&N&N&N&N&N&N&N&N&N&N&N&N&N&N&N&N&N&N&N&N&N&N&N&N&N&N&N&N&N&N&N&N&N&N&N&N&N&N&N&N&N&N&N&N&N&N&N&N&N&N&N&N&N&N&
N&N&N&N&N&N&N&N&N&N&N&N&N&N&N&N&N&N&N&N&N&N&N&N&N&N&N&N&N&N&N&N&N&N&N&N&N&N&N&N&N&N&N&N&N&N&N&N&N&N&N&N&N&N&N&N&N&N&N&N&N&N&N&N&N&N&N&N&N&N&N&N&N&N&N&N&N&N&N&N&N&N&N&N&N&N&N&N&N&N&N&N&N&N&N&N&N&N&N&N&
N&N&N&N&N&N&N&N&N&N&N&N&N&N&N&N&N&N&N&N&N&N&N&N&N&N&N&N&N&N&N&N&N&N&N&N&N&N&N&N&N&N&N&N&N&N&N&N&N&N&N&N&N&N&N&N&N&N&N&N&N&N&N&N&N&N&N&N&N&N&N&N&N&N&N&N&N&N&N&N&N&N&N&N&N&N&N&N&N&N&N&N&N&N&N&N&N&N&N&N&
N&N&N&N&N&N&N&N&N&N&N&N&N&N&N&N&N&N&N&N&N&N&N&N&N&N&N&N&N&N&N&N&N&N&N&N&N&N&N&N&N&N&N&N&N&N&N&N&N&N&N&N&N&N&N&N&N&N&N&N&N&N&N&N&N&N&N&N&N&N&N&N&N&N&N&N&N&N&N&N&N&N&N&N&N&N&N&N&N&N&N&N&N&N&N&N&N&N&N&N&
N&N&N&N&N&N&N&N&N&N&N&N&N&N&N&N&N&N&N&N&N&N&N&N&N&N&N&N&N&N&N&N&N&N&N&N&N&N&N&N&N&N&N&N&N&N&N&N&N&N&N&N&N&N&N&N&N&N&N&N&N&N&N&N&N&N&N&N&N&N&N&N&N&N&N&N&N&N&N&N&N&N&N&N&N&N&N&N&N&N&N&N&N&N&N&N&N&N&N&N&
N&N&N&N&N&N&N&N&N&N&N&N&N&N&N&N&N&N&N&N&N&N&N&N&N&N&N&N&N&N&N&N&N&N&N&N&N&N&N&N&N&N&N&N&N&N&N&N&N&N&N&N&N&N&N&N&N&N&N&N&N&N&N&N&N&N&N&N&N&N&N&N&N&N&N&N&N&N&N&N&N&N&N&N&N&N&N&N&N&N&N&N&N&N&N&N&N&N&N&N&
N&N&N&N&N&N&N&N&N&N&N&N&N&N&N&N&N&N&N&N&N&N&N&N&N&N&N&N&N&N&N&N&N&N&N&N&N&N&N&N&N&N&N&N&N&N&N&N&N&N&N&N&N&N&N&N&N&N&N&N&N&N&N&N&N&N&N&N&N&N&N&N&N&N&N&N&N&N&N&N&N&N&N&N&N&N&N&N&N&N&N&N&N&N&N&N&N&N&N&N&
N&N&N&N&N&N&N&N&N&N&N&N&N&N&N&N&N&N&N&N&N&N&N&N&N&N&N&N&N&N&N&N&N&N&N&N&N&N&N&N&N&N&N&N&N&N&N&N&N&N&N&N&N&N&N&N&N&N&N&N&N&N&N&N&N&N&N&N&N&N&N&N&N&N&N&N&N&N&N&N&N&N&N&N&N&N&N&N&N&N&N&N&N&N&N&N&N&N&N&N&
N&N&N&N&N&N&N&N&N&N&N&N&N&N&N&N&N&N&N&N&N&N&N&N&N&N&N&N&N&N&N&N&N&N&N&N&N&N&N&N&N&N&N&N&N&N&N&N&N&N&N&N&N&N&N&N&N&N&N&N&N&N&N&N&N&N&N&N&N&N&N&N&N&N&N&N&N&N&N&N&N&N&N&N&N&N&N&N&N&N&N&N&N&N&N&N&N&N&N&N&
