50
50
1/N/C&1/N/C&1/N/C&1/N/C&1/N/C&1/N/C&1/N/N&1/N/N&1/N/N&1/N/N&1/N/N&1/N/N&1/N/N&1/N/N&1/N/N&1/N/N&1/N/N&1/N/N&1/N/N&1/N/N&1/N/N&1/N/N&1/N/N&1/N/N&1/N/N&N&N&N&N&N&N&N&N&N&N&N&N&N&N&N&N&N&N&N&N&N&N&N&N&N&
1/N/C&0/N/N&0/N/N&0/N/N&0/3/N&1/N/C&1/N/C&1/N/N&1/N/N&1/N/N&1/N/N&1/N/N&1/N/N&1/N/N&1/N/N&1/N/N&1/N/N&1/N/N&1/N/N&1/N/N&1/N/N&1/N/N&1/N/N&1/N/N&1/N/N&N&N&N&N&N&N&N&N&N&N&N&N&N&N&N&N&N&N&N&N&N&N&N&N&N&
1/N/C&0/N/N&0/N/N&0/N/N&0/3/N&0/3/N&1/N/C&1/N/C&1/N/N&1/N/N&1/N/N&1/N/N&1/N/N&1/N/N&1/N/N&1/N/N&1/N/N&1/N/N&1/N/N&1/N/N&1/N/N&1/N/N&1/N/N&1/N/N&1/N/N&N&N&N&N&N&N&N&N&N&N&N&N&N&N&N&N&N&N&N&N&N&N&N&N&N&
1/N/C&0/N/N&0/N/N&0/N/N&0/3/N&0/3/N&0/3/N&1/N/C&1/N/C&1/N/C&1/N/C&1/N/N&1/N/N&1/N/N&1/N/N&1/N/N&1/N/N&1/N/N&1/N/N&1/N/N&1/N/N&1/N/N&1/N/N&1/N/N&1/N/N&N&N&N&N&N&N&N&N&N&N&N&N&N&N&N&N&N&N&N&N&N&N&N&N&N&
1/N/C&0/N/N&0/N/N&0/N/N&0/N/N&0/3/N&0/3/N&0/N/N&0/N/N&0/N/N&1/N/C&1/N/C&1/N/C&1/N/C&1/N/C&1/N/N&1/N/N&1/N/N&1/N/N&1/N/N&1/N/N&1/N/N&1/N/N&1/N/N&1/N/N&N&N&N&N&N&N&N&N&N&N&N&N&N&N&N&N&N&N&N&N&N&N&N&N&N&
1/N/C&0/N/N&0/N/N&0/N/N&0/N/N&0/N/N&0/N/N&0/N/N&0/N/N&0/N/N&0/N/N&0/N/N&0/6/N&0/N/N&1/N/C&1/N/C&1/N/C&1/N/C&1/N/C&1/N/C&1/N/N&1/N/N&1/N/N&1/N/N&1/N/N&N&N&N&N&N&N&N&N&N&N&N&N&N&N&N&N&N&N&N&N&N&N&N&N&N&
1/N/C&1/N/C&0/N/N&0/N/N&0/N/N&0/N/N&0/N/N&0/N/N&0/N/N&0/N/N&0/N/N&0/N/N&0/6/N&0/6/N&0/6/N&0/N/N&0/6/N&0/6/N&0/6/N&1/N/C&1/N/N&1/N/N&1/N/N&1/N/N&1/N/N&N&N&N&N&N&N&N&N&N&N&N&N&N&N&N&N&N&N&N&N&N&N&N&N&N&
1/N/N&1/N/C&1/N/C&0/N/N&0/N/N&0/N/N&0/N/N&0/N/N&0/N/N&0/11/N&0/N/N&0/N/N&0/N/N&0/6/N&0/6/N&0/6/N&0/6/N&0/6/N&0/N/N&1/N/C&1/1/C&1/1/C&1/N/C&1/N/C&1/N/C&N&N&N&N&N&N&N&N&N&N&N&N&N&N&N&N&N&N&N&N&N&N&N&N&N&
1/N/N&1/N/N&1/N/C&0/N/N&0/N/N&0/N/N&0/N/N&0/N/N&0/N/N&0/N/N&0/N/N&0/N/N&0/N/N&0/N/N&0/N/N&0/N/N&0/6/N&0/N/N&0/6/N&12/N/N&12/N/N&10/N/N&10/N/N&10/N/N&1/N/C&1/N/C&1/N/C&N&N&N&N&N&N&N&N&N&N&N&N&N&N&N&N&N&N&N&N&N&N&N&
1/N/N&1/N/N&1/N/C&0/2/N&0/N/N&0/N/N&0/N/N&0/N/N&0/N/N&0/N/N&0/N/N&0/N/N&0/N/N&0/N/N&0/N/N&0/N/N&0/N/N&0/6/N&0/N/N&12/N/N&12/N/N&12/N/N&10/N/N&10/N/N&10/N/N&10/N/N&1/N/C&N&N&N&N&N&N&N&N&N&N&N&N&N&N&N&N&N&N&N&N&N&N&N&
1/N/N&1/N/N&1/N/C&0/2/N&0/2/N&0/N/N&0/N/N&0/N/N&0/N/N&0/N/N&0/N/N&0/N/N&0/N/N&0/N/N&0/N/N&0/N/N&0/6/N&0/6/N&0/6/N&12/N/N&12/N/N&12/N/N&10/N/N&10/N/N&10/N/N&10/N/N&1/N/C&N&N&N&N&N&N&N&N&N&N&N&N&N&N&N&N&N&N&N&N&N&N&N&
1/N/N&1/N/N&1/N/C&1/N/C&0/2/N&0/2/N&0/2/N&0/N/N&0/N/N&0/N/N&0/N/N&0/N/N&0/N/N&0/N/N&0/N/N&0/N/N&0/N/N&0/N/N&0/6/N&0/6/N&1/N/C&1/N/C&1/N/N&1/N/N&1/N/N&10/N/N&1/N/C&N&N&N&N&N&N&N&N&N&N&N&N&N&N&N&N&N&N&N&N&N&N&N&
1/N/N&1/N/N&1/N/N&1/N/C&1/N/C&1/N/C&0/2/N&0/2/N&0/N/N&0/N/N&0/N/N&0/N/N&0/N/N&0/N/N&0/N/N&0/N/N&5/N/N&5/N/N&0/N/N&0/N/N&0/N/N&1/N/C&1/N/C&1/N/C&1/N/C&10/N/N&1/N/C&N&N&N&N&N&N&N&N&N&N&N&N&N&N&N&N&N&N&N&N&N&N&N&
1/N/N&1/N/N&1/N/N&1/N/N&1/N/N&1/N/C&1/N/C&0/2/N&0/N/N&0/N/N&0/N/N&0/N/N&0/N/N&0/N/N&0/N/N&0/N/N&5/4/N&5/N/N&5/N/N&5/N/N&5/4/N&5/N/N&1/N/C&1/N/C&1/N/C&1/N/C&1/N/C&N&N&N&N&N&N&N&N&N&N&N&N&N&N&N&N&N&N&N&N&N&N&N&
1/N/N&1/N/N&1/N/N&1/N/N&1/N/N&1/N/N&1/N/C&1/N/C&1/N/C&1/N/C&1/N/C&1/N/C&1/N/C&1/N/C&1/N/C&5/4/N&5/4/N&5/N/N&5/4/N&5/4/N&5/N/N&5/4/N&1/N/C&1/N/N&1/N/N&N&N&N&N&N&N&N&N&N&N&N&N&N&N&N&N&N&N&N&N&N&N&N&N&N&
1/N/N&1/N/N&1/N/N&1/N/N&1/N/N&1/N/N&1/N/N&1/N/N&1/N/N&1/N/N&1/N/N&1/N/N&1/N/N&1/N/N&1/N/C&1/N/C&1/N/C&1/N/C&1/N/C&1/N/C&1/N/C&1/N/C&1/N/C&1/N/N&1/N/N&N&N&N&N&N&N&N&N&N&N&N&N&N&N&N&N&N&N&N&N&N&N&N&N&N&
1/N/N&1/N/N&1/N/N&1/N/N&1/N/N&1/N/N&1/N/N&1/N/N&1/N/N&1/N/N&1/N/N&1/N/N&1/N/N&1/N/N&1/N/N&1/N/N&1/N/N&1/N/N&1/N/N&1/N/N&1/N/N&1/N/N&1/N/N&1/N/N&1/N/N&N&N&N&N&N&N&N&N&N&N&N&N&N&N&N&N&N&N&N&N&N&N&N&N&N&
1/N/N&1/N/N&1/N/N&1/N/N&1/N/N&1/N/N&1/N/N&1/N/N&1/N/N&1/N/N&1/N/N&1/N/N&1/N/N&1/N/N&1/N/N&1/N/N&1/N/N&1/N/N&1/N/N&1/N/N&1/N/N&1/N/N&1/N/N&1/N/N&1/N/N&N&N&N&N&N&N&N&N&N&N&N&N&N&N&N&N&N&N&N&N&N&N&N&N&N&
N&N&N&N&N&N&N&N&N&N&N&N&N&N&N&N&N&N&N&N&N&N&N&N&N&N&N&N&N&N&N&N&N&N&N&N&N&N&N&N&N&N&N&N&N&N&N&N&N&N&
N&N&N&N&N&N&N&N&N&N&N&N&N&N&N&N&N&N&N&N&N&N&N&N&N&N&N&N&N&N&N&N&N&N&N&N&N&N&N&N&N&N&N&N&N&N&N&N&N&N&
N&N&N&N&N&N&N&N&N&N&N&N&N&N&N&N&N&N&N&N&N&N&N&N&N&N&N&N&N&N&N&N&N&N&N&N&N&N&N&N&N&N&N&N&N&N&N&N&N&N&
N&N&N&N&N&N&N&N&N&N&N&N&N&N&N&N&N&N&N&N&N&N&N&N&N&N&N&N&N&N&N&N&N&N&N&N&N&N&N&N&N&N&N&N&N&N&N&N&N&N&
N&N&N&N&N&N&N&N&N&N&N&N&N&N&N&N&N&N&N&N&N&N&N&N&N&N&N&N&N&N&N&N&N&N&N&N&N&N&N&N&N&N&N&N&N&N&N&N&N&N&
N&N&N&N&N&N&N&N&N&N&N&N&N&N&N&N&N&N&N&N&N&N&N&N&N&N&N&N&N&N&N&N&N&N&N&N&N&N&N&N&N&N&N&N&N&N&N&N&N&N&
N&N&N&N&N&N&N&N&N&N&N&N&N&N&N&N&N&N&N&N&N&N&N&N&N&N&N&N&N&N&N&N&N&N&N&N&N&N&N&N&N&N&N&N&N&N&N&N&N&N&
N&N&N&N&N&N&N&N&N&N&N&N&N&N&N&N&N&N&N&N&N&N&N&N&N&N&N&N&N&N&N&N&N&N&N&N&N&N&N&N&N&N&N&N&N&N&N&N&N&N&
N&N&N&N&N&N&N&N&N&N&N&N&N&N&N&N&N&N&N&N&N&N&N&N&N&N&N&N&N&N&N&N&N&N&N&N&N&N&N&N&N&N&N&N&N&N&N&N&N&N&
N&N&N&N&N&N&N&N&N&N&N&N&N&N&N&N&N&N&N&N&N&N&N&N&N&N&N&N&N&N&N&N&N&N&N&N&N&N&N&N&N&N&N&N&N&N&N&N&N&N&
N&N&N&N&N&N&N&N&N&N&N&N&N&N&N&N&N&N&N&N&N&N&N&N&N&N&N&N&N&N&N&N&N&N&N&N&N&N&N&N&N&N&N&N&N&N&N&N&N&N&
N&N&N&N&N&N&N&N&N&N&N&N&N&N&N&N&N&N&N&N&N&N&N&N&N&N&N&N&N&N&N&N&N&N&N&N&N&N&N&N&N&N&N&N&N&N&N&N&N&N&
N&N&N&N&N&N&N&N&N&N&N&N&N&N&N&N&N&N&N&N&N&N&N&N&N&N&N&N&N&N&N&N&N&N&N&N&N&N&N&N&N&N&N&N&N&N&N&N&N&N&
N&N&N&N&N&N&N&N&N&N&N&N&N&N&N&N&N&N&N&N&N&N&N&N&N&N&N&N&N&N&N&N&N&N&N&N&N&N&N&N&N&N&N&N&N&N&N&N&N&N&
N&N&N&N&N&N&N&N&N&N&N&N&N&N&N&N&N&N&N&N&N&N&N&N&N&N&N&N&N&N&N&N&N&N&N&N&N&N&N&N&N&N&N&N&N&N&N&N&N&N&
N&N&N&N&N&N&N&N&N&N&N&N&N&N&N&N&N&N&N&N&N&N&N&N&N&N&N&N&N&N&N&N&N&N&N&N&N&N&N&N&N&N&N&N&N&N&N&N&N&N&
N&N&N&N&N&N&N&N&N&N&N&N&N&N&N&N&N&N&N&N&N&N&N&N&N&N&N&N&N&N&N&N&N&N&N&N&N&N&N&N&N&N&N&N&N&N&N&N&N&N&
N&N&N&N&N&N&N&N&N&N&N&N&N&N&N&N&N&N&N&N&N&N&N&N&N&N&N&N&N&N&N&N&N&N&N&N&N&N&N&N&N&N&N&N&N&N&N&N&N&N&
N&N&N&N&N&N&N&N&N&N&N&N&N&N&N&N&N&N&N&N&N&N&N&N&N&N&N&N&N&N&N&N&N&N&N&N&N&N&N&N&N&N&N&N&N&N&N&N&N&N&
N&N&N&N&N&N&N&N&N&N&N&N&N&N&N&N&N&N&N&N&N&N&N&N&N&N&N&N&N&N&N&N&N&N&N&N&N&N&N&N&N&N&N&N&N&N&N&N&N&N&
N&N&N&N&N&N&N&N&N&N&N&N&N&N&N&N&N&N&N&N&N&N&N&N&N&N&N&N&N&N&N&N&N&N&N&N&N&N&N&N&N&N&N&N&N&N&N&N&N&N&
N&N&N&N&N&N&N&N&N&N&N&N&N&N&N&N&N&N&N&N&N&N&N&N&N&N&N&N&N&N&N&N&N&N&N&N&N&N&N&N&N&N&N&N&N&N&N&N&N&N&
N&N&N&N&N&N&N&N&N&N&N&N&N&N&N&N&N&N&N&N&N&N&N&N&N&N&N&N&N&N&N&N&N&N&N&N&N&N&N&N&N&N&N&N&N&N&N&N&N&N&
N&N&N&N&N&N&N&N&N&N&N&N&N&N&N&N&N&N&N&N&N&N&N&N&N&N&N&N&N&N&N&N&N&N&N&N&N&N&N&N&N&N&N&N&N&N&N&N&N&N&
N&N&N&N&N&N&N&N&N&N&N&N&N&N&N&N&N&N&N&N&N&N&N&N&N&N&N&N&N&N&N&N&N&N&N&N&N&N&N&N&N&N&N&N&N&N&N&N&N&N&
N&N&N&N&N&N&N&N&N&N&N&N&N&N&N&N&N&N&N&N&N&N&N&N&N&N&N&N&N&N&N&N&N&N&N&N&N&N&N&N&N&N&N&N&N&N&N&N&N&N&
N&N&N&N&N&N&N&N&N&N&N&N&N&N&N&N&N&N&N&N&N&N&N&N&N&N&N&N&N&N&N&N&N&N&N&N&N&N&N&N&N&N&N&N&N&N&N&N&N&N&
N&N&N&N&N&N&N&N&N&N&N&N&N&N&N&N&N&N&N&N&N&N&N&N&N&N&N&N&N&N&N&N&N&N&N&N&N&N&N&N&N&N&N&N&N&N&N&N&N&N&
N&N&N&N&N&N&N&N&N&N&N&N&N&N&N&N&N&N&N&N&N&N&N&N&N&N&N&N&N&N&N&N&N&N&N&N&N&N&N&N&N&N&N&N&N&N&N&N&N&N&
N&N&N&N&N&N&N&N&N&N&N&N&N&N&N&N&N&N&N&N&N&N&N&N&N&N&N&N&N&N&N&N&N&N&N&N&N&N&N&N&N&N&N&N&N&N&N&N&N&N&
N&N&N&N&N&N&N&N&N&N&N&N&N&N&N&N&N&N&N&N&N&N&N&N&N&N&N&N&N&N&N&N&N&N&N&N&N&N&N&N&N&N&N&N&N&N&N&N&N&N&
N&N&N&N&N&N&N&N&N&N&N&N&N&N&N&N&N&N&N&N&N&N&N&N&N&N&N&N&N&N&N&N&N&N&N&N&N&N&N&N&N&N&N&N&N&N&N&N&N&N&
