100
100
1/N/C/N/N&1/N/C/N/N&1/N/C/N/N&1/N/C/N/N&1/N/C/N/N&1/N/C/N/N&1/N/C/N/N&1/N/C/N/N&1/N/C/N/N&1/N/C/N/N&1/N/C/N/N&1/N/C/N/N&1/N/C/N/N&1/N/C/N/N&1/N/C/N/N&1/N/C/N/N&1/N/C/N/N&1/N/C/N/N&1/N/C/N/N&1/N/N/N/N&1/N/N/N/N&1/N/N/N/N&1/N/N/N/N&1/N/N/N/N&1/N/N/N/N&1/N/N/N/N&1/N/N/N/N&1/N/N/N/N&1/N/N/N/N&1/N/N/N/N&N&N&N&N&N&N&N&N&N&N&N&N&N&N&N&N&N&N&N&N&N&N&N&N&N&N&N&N&N&N&N&N&N&N&N&N&N&N&N&N&N&N&N&N&N&N&N&N&N&N&N&N&N&N&N&N&N&N&N&N&N&N&N&N&N&N&N&N&N&N&
1/N/C/N/N&0/N/N/N/N&0/2/N/N/N&0/2/N/N/N&0/2/N/N/N&0/2/N/N/N&0/N/N/N/N&0/N/N/N/N&0/N/N/N/N&0/N/N/N/N&0/N/N/N/N&0/N/N/N/N&0/N/N/N/N&0/N/N/N/N&0/N/N/N/N&0/N/N/N/N&0/6/C/N/N&0/6/C/N/N&1/N/C/N/N&1/N/C/N/N&1/N/N/N/N&1/N/N/N/N&1/N/N/N/N&1/N/N/N/N&1/N/N/N/N&1/N/N/N/N&1/N/N/N/N&1/N/N/N/N&1/N/N/N/N&1/N/N/N/N&N&N&N&N&N&N&N&N&N&N&N&N&N&N&N&N&N&N&N&N&N&N&N&N&N&N&N&N&N&N&N&N&N&N&N&N&N&N&N&N&N&N&N&N&N&N&N&N&N&N&N&N&N&N&N&N&N&N&N&N&N&N&N&N&N&N&N&N&N&N&
1/N/C/N/N&0/2/N/N/N&0/2/N/N/N&0/N/N/N/N&0/N/N/N/N&0/N/N/N/N&0/N/N/N/N&0/N/N/N/N&0/N/N/N/N&0/N/N/N/N&0/N/N/N/N&0/N/N/N/N&0/N/N/N/N&0/N/N/N/N&0/N/N/N/N&0/6/C/N/N&0/N/N/N/N&0/6/C/N/N&0/N/N/N/N&1/N/C/N/N&1/N/C/N/N&1/N/C/N/N&1/N/N/N/N&1/N/N/N/N&1/N/N/N/N&1/N/N/N/N&1/N/N/N/N&1/N/N/N/N&1/N/N/N/N&1/N/N/N/N&N&N&N&N&N&N&N&N&N&N&N&N&N&N&N&N&N&N&N&N&N&N&N&N&N&N&N&N&N&N&N&N&N&N&N&N&N&N&N&N&N&N&N&N&N&N&N&N&N&N&N&N&N&N&N&N&N&N&N&N&N&N&N&N&N&N&N&N&N&N&
1/N/C/N/N&0/2/N/N/N&0/N/N/N/N&0/N/N/N/N&0/N/N/N/N&0/N/N/N/N&0/N/N/N/N&0/N/N/N/N&0/N/N/N/N&0/N/N/N/N&0/N/N/N/N&0/N/N/N/N&0/N/N/N/N&0/N/N/N/N&0/N/N/N/N&0/N/N/N/N&0/6/C/N/N&0/N/N/N/N&0/N/N/N/N&0/N/N/N/N&1/N/C/N/N&1/N/C/N/N&1/N/C/N/N&1/N/N/N/N&1/N/N/N/N&1/N/N/N/N&1/N/N/N/N&1/N/N/N/N&1/N/N/N/N&1/N/N/N/N&N&N&N&N&N&N&N&N&N&N&N&N&N&N&N&N&N&N&N&N&N&N&N&N&N&N&N&N&N&N&N&N&N&N&N&N&N&N&N&N&N&N&N&N&N&N&N&N&N&N&N&N&N&N&N&N&N&N&N&N&N&N&N&N&N&N&N&N&N&N&
1/N/C/N/N&0/N/N/N/N&0/N/N/N/N&0/N/N/N/N&0/N/N/N/N&0/N/N/N/N&0/N/N/N/N&0/N/N/N/N&0/N/N/N/N&0/N/N/N/N&0/N/N/N/N&0/N/N/N/N&0/N/N/N/N&0/N/N/N/N&0/N/N/N/N&0/N/N/N/N&0/N/N/N/N&0/6/C/N/N&0/N/N/N/N&0/6/C/N/N&0/6/C/N/N&0/6/C/N/N&1/N/C/N/N&1/N/C/N/N&1/N/N/N/N&1/N/N/N/N&1/N/N/N/N&1/N/N/N/N&1/N/N/N/N&1/N/N/N/N&N&N&N&N&N&N&N&N&N&N&N&N&N&N&N&N&N&N&N&N&N&N&N&N&N&N&N&N&N&N&N&N&N&N&N&N&N&N&N&N&N&N&N&N&N&N&N&N&N&N&N&N&N&N&N&N&N&N&N&N&N&N&N&N&N&N&N&N&N&N&
1/N/C/N/N&0/N/N/N/N&0/N/N/N/N&0/N/N/N/N&0/N/N/N/N&0/N/N/N/N&0/N/N/N/N&0/N/N/N/N&0/3/N/N/N&0/3/N/N/N&0/N/N/N/N&0/N/N/N/N&0/N/N/N/N&0/N/N/N/N&0/N/N/N/N&0/N/N/N/N&0/N/N/N/N&0/N/N/N/N&0/N/N/N/N&0/6/C/N/N&0/6/C/N/N&0/N/N/N/N&0/N/N/N/N&1/N/C/N/N&1/N/C/N/N&1/N/N/N/N&1/N/N/N/N&1/N/N/N/N&1/N/N/N/N&1/N/N/N/N&N&N&N&N&N&N&N&N&N&N&N&N&N&N&N&N&N&N&N&N&N&N&N&N&N&N&N&N&N&N&N&N&N&N&N&N&N&N&N&N&N&N&N&N&N&N&N&N&N&N&N&N&N&N&N&N&N&N&N&N&N&N&N&N&N&N&N&N&N&N&
1/N/C/N/N&0/N/N/N/N&0/N/N/N/N&0/N/N/N/N&0/3/N/N/N&0/3/N/N/N&0/3/N/N/N&0/3/N/N/N&0/3/N/N/N&0/N/N/N/N&0/N/N/N/N&0/N/N/N/N&0/N/N/N/N&0/N/N/N/N&0/N/N/N/N&0/N/N/N/N&0/N/N/N/N&0/N/N/N/N&0/N/N/N/N&0/N/N/N/N&0/N/N/N/N&0/N/N/N/N&0/N/N/N/N&0/N/N/N/N&1/N/C/N/N&1/N/C/N/N&1/N/N/N/N&1/N/N/N/N&1/N/N/N/N&1/N/N/N/N&N&N&N&N&N&N&N&N&N&N&N&N&N&N&N&N&N&N&N&N&N&N&N&N&N&N&N&N&N&N&N&N&N&N&N&N&N&N&N&N&N&N&N&N&N&N&N&N&N&N&N&N&N&N&N&N&N&N&N&N&N&N&N&N&N&N&N&N&N&N&
1/N/C/N/N&0/N/N/N/N&0/N/N/N/N&1/N/C/N/N&1/N/C/N/N&1/N/C/N/N&1/N/C/N/N&1/N/C/N/N&1/N/C/N/N&1/N/C/N/N&1/N/C/N/N&1/N/C/N/N&1/N/C/N/N&0/N/N/N/N&0/N/N/N/N&0/N/N/N/N&0/N/N/N/N&0/N/N/N/N&0/N/N/N/N&0/N/N/N/N&0/N/N/N/0&0/N/N/N/N&0/N/N/N/N&0/N/N/N/N&0/N/N/N/N&1/N/C/N/N&1/N/N/N/N&1/N/N/N/N&1/N/N/N/N&1/N/N/N/N&N&N&N&N&N&N&N&N&N&N&N&N&N&N&N&N&N&N&N&N&N&N&N&N&N&N&N&N&N&N&N&N&N&N&N&N&N&N&N&N&N&N&N&N&N&N&N&N&N&N&N&N&N&N&N&N&N&N&N&N&N&N&N&N&N&N&N&N&N&N&
1/N/C/N/N&1/N/C/N/N&1/N/C/N/N&1/N/C/N/N&1/N/N/N/N&1/N/N/N/N&1/N/N/N/N&1/N/N/N/N&1/N/N/N/N&1/N/N/N/N&1/N/N/N/N&1/N/N/N/N&1/N/C/N/N&1/N/C/N/N&0/N/N/N/N&0/N/N/N/N&0/N/N/N/N&0/N/N/N/N&0/N/N/N/N&0/N/N/N/N&0/N/N/N/N&0/N/N/N/N&0/N/N/N/N&0/N/N/N/N&0/N/N/N/N&1/N/C/N/N&1/N/C/N/N&1/N/N/N/N&1/N/N/N/N&1/N/N/N/N&N&N&N&N&N&N&N&N&N&N&N&N&N&N&N&N&N&N&N&N&N&N&N&N&N&N&N&N&N&N&N&N&N&N&N&N&N&N&N&N&N&N&N&N&N&N&N&N&N&N&N&N&N&N&N&N&N&N&N&N&N&N&N&N&N&N&N&N&N&N&
1/N/N/N/N&1/N/N/N/N&1/N/N/N/N&1/N/N/N/N&N&N&N&N&N&N&N&N&1/N/N/N/N&1/N/C/N/N&0/3/N/N/N&0/3/N/N/N&0/3/N/N/N&0/N/N/N/N&0/N/N/N/N&0/N/N/N/N&0/N/N/N/N&0/N/N/N/N&0/N/N/N/N&0/N/N/N/N&0/N/N/N/N&0/N/N/N/N&1/N/C/N/N&1/N/N/N/N&1/N/N/N/N&1/N/N/N/N&N&N&N&N&N&N&N&N&N&N&N&N&N&N&N&N&N&N&N&N&N&N&N&N&N&N&N&N&N&N&N&N&N&N&N&N&N&N&N&N&N&N&N&N&N&N&N&N&N&N&N&N&N&N&N&N&N&N&N&N&N&N&N&N&N&N&N&N&N&N&
1/N/N/N/N&1/N/N/N/N&1/N/N/N/N&N&N&N&N&N&N&N&N&N&1/N/N/N/N&1/N/C/N/N&1/N/C/N/N&1/N/C/N/N&0/3/N/N/N&0/3/N/N/N&0/N/N/N/N&0/N/N/N/N&0/N/N/N/N&0/N/N/N/N&0/N/N/N/N&0/N/N/N/N&0/N/N/N/N&0/N/N/N/N&1/N/C/N/N&1/N/N/N/N&1/N/N/N/N&1/N/N/N/N&N&N&N&N&N&N&N&N&N&N&N&N&N&N&N&N&N&N&N&N&N&N&N&N&N&N&N&N&N&N&N&N&N&N&N&N&N&N&N&N&N&N&N&N&N&N&N&N&N&N&N&N&N&N&N&N&N&N&N&N&N&N&N&N&N&N&N&N&N&N&
N&N&N&N&N&N&N&N&N&N&N&N&1/N/N/N/N&1/N/N/N/N&1/N/N/N/N&1/N/C/N/N&1/N/C/N/N&0/3/N/N/N&0/N/N/N/N&0/N/N/N/N&0/N/N/N/N&0/N/N/N/N&0/N/N/N/N&0/N/N/N/N&0/N/N/N/N&5/4/C/N/N&1/N/C/N/N&1/N/C/N/N&1/N/N/N/N&1/N/N/N/N&N&N&N&N&N&N&N&N&N&N&N&N&N&N&N&N&N&N&N&N&N&N&N&N&N&N&N&N&N&N&N&N&N&N&N&N&N&N&N&N&N&N&N&N&N&N&N&N&N&N&N&N&N&N&N&N&N&N&N&N&N&N&N&N&N&N&N&N&N&N&
N&N&N&N&N&N&N&N&N&N&N&N&N&N&N&1/N/N/N/N&1/N/C/N/N&1/N/C/N/N&0/N/N/N/N&0/N/N/N/N&0/N/N/N/N&0/N/N/N/N&0/N/N/N/N&0/N/N/N/N&0/N/N/N/N&5/4/C/N/N&5/N/N/N/N&1/N/C/N/N&1/N/C/N/N&1/N/N/N/N&N&N&N&N&N&N&N&N&N&N&N&N&N&N&N&N&N&N&N&N&N&N&N&N&N&N&N&N&N&N&N&N&N&N&N&N&N&N&N&N&N&N&N&N&N&N&N&N&N&N&N&N&N&N&N&N&N&N&N&N&N&N&N&N&N&N&N&N&N&N&
N&N&N&N&N&N&N&N&N&N&N&N&N&N&N&1/N/N/N/N&1/N/N/N/N&1/N/C/N/N&0/N/N/N/N&0/N/N/N/N&0/N/N/N/N&0/N/N/N/N&0/N/N/N/N&0/N/N/N/N&0/N/N/N/N&5/N/N/N/N&5/N/N/N/N&5/N/N/N/N&1/N/C/N/N&1/N/N/N/N&N&N&N&N&N&N&N&N&N&N&N&N&N&N&N&N&N&N&N&N&N&N&N&N&N&N&N&N&N&N&N&N&N&N&N&N&N&N&N&N&N&N&N&N&N&N&N&N&N&N&N&N&N&N&N&N&N&N&N&N&N&N&N&N&N&N&N&N&N&N&
N&N&N&N&N&N&N&N&N&N&N&N&N&N&N&1/N/N/N/N&1/N/N/N/N&1/N/C/N/N&0/N/N/N/N&0/N/N/N/N&0/N/N/N/N&0/N/N/N/N&0/N/N/N/N&0/N/N/N/N&0/N/N/N/N&0/N/N/N/N&5/4/C/N/N&5/N/N/N/N&1/N/C/N/N&1/N/N/N/N&N&N&N&N&N&N&N&N&N&N&N&N&N&N&N&N&N&N&N&N&N&N&N&N&N&N&N&N&N&N&N&N&N&N&N&N&N&N&N&N&N&N&N&N&N&N&N&N&N&N&N&N&N&N&N&N&N&N&N&N&N&N&N&N&N&N&N&N&N&N&
N&N&N&N&N&N&N&N&N&N&N&N&N&N&N&N&1/N/N/N/N&1/N/C/N/N&0/N/N/N/N&0/N/N/N/N&0/N/N/N/N&0/N/N/N/N&0/N/N/N/N&0/N/N/N/N&0/N/N/N/N&0/N/N/N/N&5/N/N/N/N&5/N/N/N/N&1/N/C/N/N&1/N/N/N/N&N&N&N&N&N&N&N&N&N&N&N&N&N&N&N&N&N&N&N&N&N&N&N&N&N&N&N&N&N&N&N&N&N&N&N&N&N&N&N&N&N&N&N&N&N&N&N&N&N&N&N&N&N&N&N&N&N&N&N&N&N&N&N&N&N&N&N&N&N&N&
N&N&N&N&N&N&N&N&N&N&N&N&N&N&N&N&1/N/N/N/N&1/N/C/N/N&1/N/C/N/N&0/N/N/N/N&0/N/N/N/N&0/N/N/N/1&0/N/N/N/N&0/N/N/N/N&0/N/N/N/N&0/N/N/N/N&5/N/N/N/N&5/4/C/N/N&1/N/C/N/N&1/N/N/N/N&N&N&N&N&N&N&N&N&N&N&N&N&N&N&N&N&N&N&N&N&N&N&N&N&N&N&N&N&N&N&N&N&N&N&N&N&N&N&N&N&N&N&N&N&N&N&N&N&N&N&N&N&N&N&N&N&N&N&N&N&N&N&N&N&N&N&N&N&N&N&
N&N&N&N&N&N&N&N&N&N&N&N&N&N&N&N&1/N/N/N/N&1/N/N/N/N&1/N/N/N/N&1/N/C/N/N&0/N/N/N/N&0/N/N/N/N&0/N/N/N/N&0/N/N/N/N&0/N/N/N/N&0/N/N/N/N&0/N/N/N/N&5/N/N/N/N&1/N/C/N/N&1/N/N/N/N&N&N&N&N&N&N&N&N&N&N&N&N&N&N&N&N&N&N&N&N&N&N&N&N&N&N&N&N&N&N&N&N&N&N&N&N&N&N&N&N&N&N&N&N&N&N&N&N&N&N&N&N&N&N&N&N&N&N&N&N&N&N&N&N&N&N&N&N&N&N&
N&N&N&N&N&N&N&N&N&N&N&N&N&N&N&N&1/N/N/N/N&1/N/N/N/N&1/N/N/N/N&1/N/C/N/N&0/N/N/N/N&0/N/N/N/N&0/N/N/N/N&0/N/N/N/N&0/N/N/N/N&0/N/N/N/N&0/N/N/N/N&0/N/N/N/N&1/N/C/N/N&1/N/N/N/N&N&N&N&N&N&N&N&N&N&N&N&N&N&N&N&N&N&N&N&N&N&N&N&N&N&N&N&N&N&N&N&N&N&N&N&N&N&N&N&N&N&N&N&N&N&N&N&N&N&N&N&N&N&N&N&N&N&N&N&N&N&N&N&N&N&N&N&N&N&N&
N&N&N&N&N&N&N&N&N&N&N&N&N&N&N&N&N&1/N/N/N/N&1/N/N/N/N&1/N/C/N/N&0/N/N/N/N&0/N/N/N/N&0/N/N/N/N&0/N/N/N/N&0/N/N/N/N&0/N/N/N/N&0/N/N/N/N&1/N/C/N/N&1/N/C/N/N&1/N/N/N/N&N&N&N&N&N&N&N&N&N&N&N&N&N&N&N&N&N&N&N&N&N&N&N&N&N&N&N&N&N&N&N&N&N&N&N&N&N&N&N&N&N&N&N&N&N&N&N&N&N&N&N&N&N&N&N&N&N&N&N&N&N&N&N&N&N&N&N&N&N&N&
N&N&N&N&N&N&N&N&N&N&N&N&N&N&N&N&N&N&1/N/N/N/N&1/N/N/N/N&1/N/C/N/N&1/N/C/N/N&0/N/N/N/N&0/N/N/0/N&0/N/N/N/N&0/11/N/1/N&0/N/N/N/N&1/N/C/N/N&1/N/N/N/N&1/N/N/N/N&N&N&N&N&N&N&N&N&N&N&N&N&N&N&N&N&N&N&N&N&N&N&N&N&N&N&N&N&N&N&N&N&N&N&N&N&N&N&N&N&N&N&N&N&N&N&N&N&N&N&N&N&N&N&N&N&N&N&N&N&N&N&N&N&N&N&N&N&N&N&
N&N&N&N&N&N&N&N&N&N&N&N&N&N&N&N&N&N&1/N/N/N/N&1/N/N/N/N&1/N/N/N/N&1/N/C/N/N&1/N/C/N/N&1/N/C/N/N&1/N/C/N/N&1/N/C/N/N&1/N/C/N/N&1/N/C/N/N&1/N/N/N/N&1/N/N/N/N&N&N&N&N&N&N&N&N&N&N&N&N&N&N&N&N&N&N&N&N&N&N&N&N&N&N&N&N&N&N&N&N&N&N&N&N&N&N&N&N&N&N&N&N&N&N&N&N&N&N&N&N&N&N&N&N&N&N&N&N&N&N&N&N&N&N&N&N&N&N&
N&N&N&N&N&N&N&N&N&N&N&N&N&N&N&N&N&N&1/N/N/N/N&1/N/N/N/N&1/N/N/N/N&1/N/N/N/N&1/N/N/N/N&1/N/N/N/N&1/N/N/N/N&1/N/N/N/N&1/N/N/N/N&1/N/N/N/N&1/N/N/N/N&1/N/N/N/N&N&N&N&N&N&N&N&N&N&N&N&N&N&N&N&N&N&N&N&N&N&N&N&N&N&N&N&N&N&N&N&N&N&N&N&N&N&N&N&N&N&N&N&N&N&N&N&N&N&N&N&N&N&N&N&N&N&N&N&N&N&N&N&N&N&N&N&N&N&N&
N&N&N&N&N&N&N&N&N&N&N&N&N&N&N&N&N&N&N&N&N&N&N&N&N&N&N&N&N&N&N&N&N&N&N&N&N&N&N&N&N&N&N&N&N&N&N&N&N&N&N&N&N&N&N&N&N&N&N&N&N&N&N&N&N&N&N&N&N&N&N&N&N&N&N&N&N&N&N&N&N&N&N&N&N&N&N&N&N&N&N&N&N&N&N&N&N&N&N&N&
N&N&N&N&N&N&N&N&N&N&N&N&N&N&N&N&N&N&N&N&N&N&N&N&N&N&N&N&N&N&N&N&N&N&N&N&N&N&N&N&N&N&N&N&N&N&N&N&N&N&N&N&N&N&N&N&N&N&N&N&N&N&N&N&N&N&N&N&N&N&N&N&N&N&N&N&N&N&N&N&N&N&N&N&N&N&N&N&N&N&N&N&N&N&N&N&N&N&N&N&
N&N&N&N&N&N&N&N&N&N&N&N&N&N&N&N&N&N&N&N&N&N&N&N&N&N&N&N&N&N&N&N&N&N&N&N&N&N&N&N&N&N&N&N&N&N&N&N&N&N&N&N&N&N&N&N&N&N&N&N&N&N&N&N&N&N&N&N&N&N&N&N&N&N&N&N&N&N&N&N&N&N&N&N&N&N&N&N&N&N&N&N&N&N&N&N&N&N&N&N&
N&N&N&N&N&N&N&N&N&N&N&N&N&N&N&N&N&N&N&N&N&N&N&N&N&N&N&N&N&N&N&N&N&N&N&N&N&N&N&N&N&N&N&N&N&N&N&N&N&N&N&N&N&N&N&N&N&N&N&N&N&N&N&N&N&N&N&N&N&N&N&N&N&N&N&N&N&N&N&N&N&N&N&N&N&N&N&N&N&N&N&N&N&N&N&N&N&N&N&N&
N&N&N&N&N&N&N&N&N&N&N&N&N&N&N&N&N&N&N&N&N&N&N&N&N&N&N&N&N&N&N&N&N&N&N&N&N&N&N&N&N&N&N&N&N&N&N&N&N&N&N&N&N&N&N&N&N&N&N&N&N&N&N&N&N&N&N&N&N&N&N&N&N&N&N&N&N&N&N&N&N&N&N&N&N&N&N&N&N&N&N&N&N&N&N&N&N&N&N&N&
N&N&N&N&N&N&N&N&N&N&N&N&N&N&N&N&N&N&N&N&N&N&N&N&N&N&N&N&N&N&N&N&N&N&N&N&N&N&N&N&N&N&N&N&N&N&N&N&N&N&N&N&N&N&N&N&N&N&N&N&N&N&N&N&N&N&N&N&N&N&N&N&N&N&N&N&N&N&N&N&N&N&N&N&N&N&N&N&N&N&N&N&N&N&N&N&N&N&N&N&
N&N&N&N&N&N&N&N&N&N&N&N&N&N&N&N&N&N&N&N&N&N&N&N&N&N&N&N&N&N&N&N&N&N&N&N&N&N&N&N&N&N&N&N&N&N&N&N&N&N&N&N&N&N&N&N&N&N&N&N&N&N&N&N&N&N&N&N&N&N&N&N&N&N&N&N&N&N&N&N&N&N&N&N&N&N&N&N&N&N&N&N&N&N&N&N&N&N&N&N&
N&N&N&N&N&N&N&N&N&N&N&N&N&N&N&N&N&N&N&N&N&N&N&N&N&N&N&N&N&N&N&N&N&N&N&N&N&N&N&N&N&N&N&N&N&N&N&N&N&N&N&N&N&N&N&N&N&N&N&N&N&N&N&N&N&N&N&N&N&N&N&N&N&N&N&N&N&N&N&N&N&N&N&N&N&N&N&N&N&N&N&N&N&N&N&N&N&N&N&N&
N&N&N&N&N&N&N&N&N&N&N&N&N&N&N&N&N&N&N&N&N&N&N&N&N&N&N&N&N&N&N&N&N&N&N&N&N&N&N&N&N&N&N&N&N&N&N&N&N&N&N&N&N&N&N&N&N&N&N&N&N&N&N&N&N&N&N&N&N&N&N&N&N&N&N&N&N&N&N&N&N&N&N&N&N&N&N&N&N&N&N&N&N&N&N&N&N&N&N&N&
N&N&N&N&N&N&N&N&N&N&N&N&N&N&N&N&N&N&N&N&N&N&N&N&N&N&N&N&N&N&N&N&N&N&N&N&N&N&N&N&N&N&N&N&N&N&N&N&N&N&N&N&N&N&N&N&N&N&N&N&N&N&N&N&N&N&N&N&N&N&N&N&N&N&N&N&N&N&N&N&N&N&N&N&N&N&N&N&N&N&N&N&N&N&N&N&N&N&N&N&
N&N&N&N&N&N&N&N&N&N&N&N&N&N&N&N&N&N&N&N&N&N&N&N&N&N&N&N&N&N&N&N&N&N&N&N&N&N&N&N&N&N&N&N&N&N&N&N&N&N&N&N&N&N&N&N&N&N&N&N&N&N&N&N&N&N&N&N&N&N&N&N&N&N&N&N&N&N&N&N&N&N&N&N&N&N&N&N&N&N&N&N&N&N&N&N&N&N&N&N&
N&N&N&N&N&N&N&N&N&N&N&N&N&N&N&N&N&N&N&N&N&N&N&N&N&N&N&N&N&N&N&N&N&N&N&N&N&N&N&N&N&N&N&N&N&N&N&N&N&N&N&N&N&N&N&N&N&N&N&N&N&N&N&N&N&N&N&N&N&N&N&N&N&N&N&N&N&N&N&N&N&N&N&N&N&N&N&N&N&N&N&N&N&N&N&N&N&N&N&N&
N&N&N&N&N&N&N&N&N&N&N&N&N&N&N&N&N&N&N&N&N&N&N&N&N&N&N&N&N&N&N&N&N&N&N&N&N&N&N&N&N&N&N&N&N&N&N&N&N&N&N&N&N&N&N&N&N&N&N&N&N&N&N&N&N&N&N&N&N&N&N&N&N&N&N&N&N&N&N&N&N&N&N&N&N&N&N&N&N&N&N&N&N&N&N&N&N&N&N&N&
N&N&N&N&N&N&N&N&N&N&N&N&N&N&N&N&N&N&N&N&N&N&N&N&N&N&N&N&N&N&N&N&N&N&N&N&N&N&N&N&N&N&N&N&N&N&N&N&N&N&N&N&N&N&N&N&N&N&N&N&N&N&N&N&N&N&N&N&N&N&N&N&N&N&N&N&N&N&N&N&N&N&N&N&N&N&N&N&N&N&N&N&N&N&N&N&N&N&N&N&
N&N&N&N&N&N&N&N&N&N&N&N&N&N&N&N&N&N&N&N&N&N&N&N&N&N&N&N&N&N&N&N&N&N&N&N&N&N&N&N&N&N&N&N&N&N&N&N&N&N&N&N&N&N&N&N&N&N&N&N&N&N&N&N&N&N&N&N&N&N&N&N&N&N&N&N&N&N&N&N&N&N&N&N&N&N&N&N&N&N&N&N&N&N&N&N&N&N&N&N&
N&N&N&N&N&N&N&N&N&N&N&N&N&N&N&N&N&N&N&N&N&N&N&N&N&N&N&N&N&N&N&N&N&N&N&N&N&N&N&N&N&N&N&N&N&N&N&N&N&N&N&N&N&N&N&N&N&N&N&N&N&N&N&N&N&N&N&N&N&N&N&N&N&N&N&N&N&N&N&N&N&N&N&N&N&N&N&N&N&N&N&N&N&N&N&N&N&N&N&N&
N&N&N&N&N&N&N&N&N&N&N&N&N&N&N&N&N&N&N&N&N&N&N&N&N&N&N&N&N&N&N&N&N&N&N&N&N&N&N&N&N&N&N&N&N&N&N&N&N&N&N&N&N&N&N&N&N&N&N&N&N&N&N&N&N&N&N&N&N&N&N&N&N&N&N&N&N&N&N&N&N&N&N&N&N&N&N&N&N&N&N&N&N&N&N&N&N&N&N&N&
N&N&N&N&N&N&N&N&N&N&N&N&N&N&N&N&N&N&N&N&N&N&N&N&N&N&N&N&N&N&N&N&N&N&N&N&N&N&N&N&N&N&N&N&N&N&N&N&N&N&N&N&N&N&N&N&N&N&N&N&N&N&N&N&N&N&N&N&N&N&N&N&N&N&N&N&N&N&N&N&N&N&N&N&N&N&N&N&N&N&N&N&N&N&N&N&N&N&N&N&
N&N&N&N&N&N&N&N&N&N&N&N&N&N&N&N&N&N&N&N&N&N&N&N&N&N&N&N&N&N&N&N&N&N&N&N&N&N&N&N&N&N&N&N&N&N&N&N&N&N&N&N&N&N&N&N&N&N&N&N&N&N&N&N&N&N&N&N&N&N&N&N&N&N&N&N&N&N&N&N&N&N&N&N&N&N&N&N&N&N&N&N&N&N&N&N&N&N&N&N&
N&N&N&N&N&N&N&N&N&N&N&N&N&N&N&N&N&N&N&N&N&N&N&N&N&N&N&N&N&N&N&N&N&N&N&N&N&N&N&N&N&N&N&N&N&N&N&N&N&N&N&N&N&N&N&N&N&N&N&N&N&N&N&N&N&N&N&N&N&N&N&N&N&N&N&N&N&N&N&N&N&N&N&N&N&N&N&N&N&N&N&N&N&N&N&N&N&N&N&N&
N&N&N&N&N&N&N&N&N&N&N&N&N&N&N&N&N&N&N&N&N&N&N&N&N&N&N&N&N&N&N&N&N&N&N&N&N&N&N&N&N&N&N&N&N&N&N&N&N&N&N&N&N&N&N&N&N&N&N&N&N&N&N&N&N&N&N&N&N&N&N&N&N&N&N&N&N&N&N&N&N&N&N&N&N&N&N&N&N&N&N&N&N&N&N&N&N&N&N&N&
N&N&N&N&N&N&N&N&N&N&N&N&N&N&N&N&N&N&N&N&N&N&N&N&N&N&N&N&N&N&N&N&N&N&N&N&N&N&N&N&N&N&N&N&N&N&N&N&N&N&N&N&N&N&N&N&N&N&N&N&N&N&N&N&N&N&N&N&N&N&N&N&N&N&N&N&N&N&N&N&N&N&N&N&N&N&N&N&N&N&N&N&N&N&N&N&N&N&N&N&
N&N&N&N&N&N&N&N&N&N&N&N&N&N&N&N&N&N&N&N&N&N&N&N&N&N&N&N&N&N&N&N&N&N&N&N&N&N&N&N&N&N&N&N&N&N&N&N&N&N&N&N&N&N&N&N&N&N&N&N&N&N&N&N&N&N&N&N&N&N&N&N&N&N&N&N&N&N&N&N&N&N&N&N&N&N&N&N&N&N&N&N&N&N&N&N&N&N&N&N&
N&N&N&N&N&N&N&N&N&N&N&N&N&N&N&N&N&N&N&N&N&N&N&N&N&N&N&N&N&N&N&N&N&N&N&N&N&N&N&N&N&N&N&N&N&N&N&N&N&N&N&N&N&N&N&N&N&N&N&N&N&N&N&N&N&N&N&N&N&N&N&N&N&N&N&N&N&N&N&N&N&N&N&N&N&N&N&N&N&N&N&N&N&N&N&N&N&N&N&N&
N&N&N&N&N&N&N&N&N&N&N&N&N&N&N&N&N&N&N&N&N&N&N&N&N&N&N&N&N&N&N&N&N&N&N&N&N&N&N&N&N&N&N&N&N&N&N&N&N&N&N&N&N&N&N&N&N&N&N&N&N&N&N&N&N&N&N&N&N&N&N&N&N&N&N&N&N&N&N&N&N&N&N&N&N&N&N&N&N&N&N&N&N&N&N&N&N&N&N&N&
N&N&N&N&N&N&N&N&N&N&N&N&N&N&N&N&N&N&N&N&N&N&N&N&N&N&N&N&N&N&N&N&N&N&N&N&N&N&N&N&N&N&N&N&N&N&N&N&N&N&N&N&N&N&N&N&N&N&N&N&N&N&N&N&N&N&N&N&N&N&N&N&N&N&N&N&N&N&N&N&N&N&N&N&N&N&N&N&N&N&N&N&N&N&N&N&N&N&N&N&
N&N&N&N&N&N&N&N&N&N&N&N&N&N&N&N&N&N&N&N&N&N&N&N&N&N&N&N&N&N&N&N&N&N&N&N&N&N&N&N&N&N&N&N&N&N&N&N&N&N&N&N&N&N&N&N&N&N&N&N&N&N&N&N&N&N&N&N&N&N&N&N&N&N&N&N&N&N&N&N&N&N&N&N&N&N&N&N&N&N&N&N&N&N&N&N&N&N&N&N&
N&N&N&N&N&N&N&N&N&N&N&N&N&N&N&N&N&N&N&N&N&N&N&N&N&N&N&N&N&N&N&N&N&N&N&N&N&N&N&N&N&N&N&N&N&N&N&N&N&N&N&N&N&N&N&N&N&N&N&N&N&N&N&N&N&N&N&N&N&N&N&N&N&N&N&N&N&N&N&N&N&N&N&N&N&N&N&N&N&N&N&N&N&N&N&N&N&N&N&N&
N&N&N&N&N&N&N&N&N&N&N&N&N&N&N&N&N&N&N&N&N&N&N&N&N&N&N&N&N&N&N&N&N&N&N&N&N&N&N&N&N&N&N&N&N&N&N&N&N&N&N&N&N&N&N&N&N&N&N&N&N&N&N&N&N&N&N&N&N&N&N&N&N&N&N&N&N&N&N&N&N&N&N&N&N&N&N&N&N&N&N&N&N&N&N&N&N&N&N&N&
N&N&N&N&N&N&N&N&N&N&N&N&N&N&N&N&N&N&N&N&N&N&N&N&N&N&N&N&N&N&N&N&N&N&N&N&N&N&N&N&N&N&N&N&N&N&N&N&N&N&N&N&N&N&N&N&N&N&N&N&N&N&N&N&N&N&N&N&N&N&N&N&N&N&N&N&N&N&N&N&N&N&N&N&N&N&N&N&N&N&N&N&N&N&N&N&N&N&N&N&
N&N&N&N&N&N&N&N&N&N&N&N&N&N&N&N&N&N&N&N&N&N&N&N&N&N&N&N&N&N&N&N&N&N&N&N&N&N&N&N&N&N&N&N&N&N&N&N&N&N&N&N&N&N&N&N&N&N&N&N&N&N&N&N&N&N&N&N&N&N&N&N&N&N&N&N&N&N&N&N&N&N&N&N&N&N&N&N&N&N&N&N&N&N&N&N&N&N&N&N&
N&N&N&N&N&N&N&N&N&N&N&N&N&N&N&N&N&N&N&N&N&N&N&N&N&N&N&N&N&N&N&N&N&N&N&N&N&N&N&N&N&N&N&N&N&N&N&N&N&N&N&N&N&N&N&N&N&N&N&N&N&N&N&N&N&N&N&N&N&N&N&N&N&N&N&N&N&N&N&N&N&N&N&N&N&N&N&N&N&N&N&N&N&N&N&N&N&N&N&N&
N&N&N&N&N&N&N&N&N&N&N&N&N&N&N&N&N&N&N&N&N&N&N&N&N&N&N&N&N&N&N&N&N&N&N&N&N&N&N&N&N&N&N&N&N&N&N&N&N&N&N&N&N&N&N&N&N&N&N&N&N&N&N&N&N&N&N&N&N&N&N&N&N&N&N&N&N&N&N&N&N&N&N&N&N&N&N&N&N&N&N&N&N&N&N&N&N&N&N&N&
N&N&N&N&N&N&N&N&N&N&N&N&N&N&N&N&N&N&N&N&N&N&N&N&N&N&N&N&N&N&N&N&N&N&N&N&N&N&N&N&N&N&N&N&N&N&N&N&N&N&N&N&N&N&N&N&N&N&N&N&N&N&N&N&N&N&N&N&N&N&N&N&N&N&N&N&N&N&N&N&N&N&N&N&N&N&N&N&N&N&N&N&N&N&N&N&N&N&N&N&
N&N&N&N&N&N&N&N&N&N&N&N&N&N&N&N&N&N&N&N&N&N&N&N&N&N&N&N&N&N&N&N&N&N&N&N&N&N&N&N&N&N&N&N&N&N&N&N&N&N&N&N&N&N&N&N&N&N&N&N&N&N&N&N&N&N&N&N&N&N&N&N&N&N&N&N&N&N&N&N&N&N&N&N&N&N&N&N&N&N&N&N&N&N&N&N&N&N&N&N&
N&N&N&N&N&N&N&N&N&N&N&N&N&N&N&N&N&N&N&N&N&N&N&N&N&N&N&N&N&N&N&N&N&N&N&N&N&N&N&N&N&N&N&N&N&N&N&N&N&N&N&N&N&N&N&N&N&N&N&N&N&N&N&N&N&N&N&N&N&N&N&N&N&N&N&N&N&N&N&N&N&N&N&N&N&N&N&N&N&N&N&N&N&N&N&N&N&N&N&N&
N&N&N&N&N&N&N&N&N&N&N&N&N&N&N&N&N&N&N&N&N&N&N&N&N&N&N&N&N&N&N&N&N&N&N&N&N&N&N&N&N&N&N&N&N&N&N&N&N&N&N&N&N&N&N&N&N&N&N&N&N&N&N&N&N&N&N&N&N&N&N&N&N&N&N&N&N&N&N&N&N&N&N&N&N&N&N&N&N&N&N&N&N&N&N&N&N&N&N&N&
N&N&N&N&N&N&N&N&N&N&N&N&N&N&N&N&N&N&N&N&N&N&N&N&N&N&N&N&N&N&N&N&N&N&N&N&N&N&N&N&N&N&N&N&N&N&N&N&N&N&N&N&N&N&N&N&N&N&N&N&N&N&N&N&N&N&N&N&N&N&N&N&N&N&N&N&N&N&N&N&N&N&N&N&N&N&N&N&N&N&N&N&N&N&N&N&N&N&N&N&
N&N&N&N&N&N&N&N&N&N&N&N&N&N&N&N&N&N&N&N&N&N&N&N&N&N&N&N&N&N&N&N&N&N&N&N&N&N&N&N&N&N&N&N&N&N&N&N&N&N&N&N&N&N&N&N&N&N&N&N&N&N&N&N&N&N&N&N&N&N&N&N&N&N&N&N&N&N&N&N&N&N&N&N&N&N&N&N&N&N&N&N&N&N&N&N&N&N&N&N&
N&N&N&N&N&N&N&N&N&N&N&N&N&N&N&N&N&N&N&N&N&N&N&N&N&N&N&N&N&N&N&N&N&N&N&N&N&N&N&N&N&N&N&N&N&N&N&N&N&N&N&N&N&N&N&N&N&N&N&N&N&N&N&N&N&N&N&N&N&N&N&N&N&N&N&N&N&N&N&N&N&N&N&N&N&N&N&N&N&N&N&N&N&N&N&N&N&N&N&N&
N&N&N&N&N&N&N&N&N&N&N&N&N&N&N&N&N&N&N&N&N&N&N&N&N&N&N&N&N&N&N&N&N&N&N&N&N&N&N&N&N&N&N&N&N&N&N&N&N&N&N&N&N&N&N&N&N&N&N&N&N&N&N&N&N&N&N&N&N&N&N&N&N&N&N&N&N&N&N&N&N&N&N&N&N&N&N&N&N&N&N&N&N&N&N&N&N&N&N&N&
N&N&N&N&N&N&N&N&N&N&N&N&N&N&N&N&N&N&N&N&N&N&N&N&N&N&N&N&N&N&N&N&N&N&N&N&N&N&N&N&N&N&N&N&N&N&N&N&N&N&N&N&N&N&N&N&N&N&N&N&N&N&N&N&N&N&N&N&N&N&N&N&N&N&N&N&N&N&N&N&N&N&N&N&N&N&N&N&N&N&N&N&N&N&N&N&N&N&N&N&
N&N&N&N&N&N&N&N&N&N&N&N&N&N&N&N&N&N&N&N&N&N&N&N&N&N&N&N&N&N&N&N&N&N&N&N&N&N&N&N&N&N&N&N&N&N&N&N&N&N&N&N&N&N&N&N&N&N&N&N&N&N&N&N&N&N&N&N&N&N&N&N&N&N&N&N&N&N&N&N&N&N&N&N&N&N&N&N&N&N&N&N&N&N&N&N&N&N&N&N&
N&N&N&N&N&N&N&N&N&N&N&N&N&N&N&N&N&N&N&N&N&N&N&N&N&N&N&N&N&N&N&N&N&N&N&N&N&N&N&N&N&N&N&N&N&N&N&N&N&N&N&N&N&N&N&N&N&N&N&N&N&N&N&N&N&N&N&N&N&N&N&N&N&N&N&N&N&N&N&N&N&N&N&N&N&N&N&N&N&N&N&N&N&N&N&N&N&N&N&N&
N&N&N&N&N&N&N&N&N&N&N&N&N&N&N&N&N&N&N&N&N&N&N&N&N&N&N&N&N&N&N&N&N&N&N&N&N&N&N&N&N&N&N&N&N&N&N&N&N&N&N&N&N&N&N&N&N&N&N&N&N&N&N&N&N&N&N&N&N&N&N&N&N&N&N&N&N&N&N&N&N&N&N&N&N&N&N&N&N&N&N&N&N&N&N&N&N&N&N&N&
N&N&N&N&N&N&N&N&N&N&N&N&N&N&N&N&N&N&N&N&N&N&N&N&N&N&N&N&N&N&N&N&N&N&N&N&N&N&N&N&N&N&N&N&N&N&N&N&N&N&N&N&N&N&N&N&N&N&N&N&N&N&N&N&N&N&N&N&N&N&N&N&N&N&N&N&N&N&N&N&N&N&N&N&N&N&N&N&N&N&N&N&N&N&N&N&N&N&N&N&
N&N&N&N&N&N&N&N&N&N&N&N&N&N&N&N&N&N&N&N&N&N&N&N&N&N&N&N&N&N&N&N&N&N&N&N&N&N&N&N&N&N&N&N&N&N&N&N&N&N&N&N&N&N&N&N&N&N&N&N&N&N&N&N&N&N&N&N&N&N&N&N&N&N&N&N&N&N&N&N&N&N&N&N&N&N&N&N&N&N&N&N&N&N&N&N&N&N&N&N&
N&N&N&N&N&N&N&N&N&N&N&N&N&N&N&N&N&N&N&N&N&N&N&N&N&N&N&N&N&N&N&N&N&N&N&N&N&N&N&N&N&N&N&N&N&N&N&N&N&N&N&N&N&N&N&N&N&N&N&N&N&N&N&N&N&N&N&N&N&N&N&N&N&N&N&N&N&N&N&N&N&N&N&N&N&N&N&N&N&N&N&N&N&N&N&N&N&N&N&N&
N&N&N&N&N&N&N&N&N&N&N&N&N&N&N&N&N&N&N&N&N&N&N&N&N&N&N&N&N&N&N&N&N&N&N&N&N&N&N&N&N&N&N&N&N&N&N&N&N&N&N&N&N&N&N&N&N&N&N&N&N&N&N&N&N&N&N&N&N&N&N&N&N&N&N&N&N&N&N&N&N&N&N&N&N&N&N&N&N&N&N&N&N&N&N&N&N&N&N&N&
N&N&N&N&N&N&N&N&N&N&N&N&N&N&N&N&N&N&N&N&N&N&N&N&N&N&N&N&N&N&N&N&N&N&N&N&N&N&N&N&N&N&N&N&N&N&N&N&N&N&N&N&N&N&N&N&N&N&N&N&N&N&N&N&N&N&N&N&N&N&N&N&N&N&N&N&N&N&N&N&N&N&N&N&N&N&N&N&N&N&N&N&N&N&N&N&N&N&N&N&
N&N&N&N&N&N&N&N&N&N&N&N&N&N&N&N&N&N&N&N&N&N&N&N&N&N&N&N&N&N&N&N&N&N&N&N&N&N&N&N&N&N&N&N&N&N&N&N&N&N&N&N&N&N&N&N&N&N&N&N&N&N&N&N&N&N&N&N&N&N&N&N&N&N&N&N&N&N&N&N&N&N&N&N&N&N&N&N&N&N&N&N&N&N&N&N&N&N&N&N&
N&N&N&N&N&N&N&N&N&N&N&N&N&N&N&N&N&N&N&N&N&N&N&N&N&N&N&N&N&N&N&N&N&N&N&N&N&N&N&N&N&N&N&N&N&N&N&N&N&N&N&N&N&N&N&N&N&N&N&N&N&N&N&N&N&N&N&N&N&N&N&N&N&N&N&N&N&N&N&N&N&N&N&N&N&N&N&N&N&N&N&N&N&N&N&N&N&N&N&N&
N&N&N&N&N&N&N&N&N&N&N&N&N&N&N&N&N&N&N&N&N&N&N&N&N&N&N&N&N&N&N&N&N&N&N&N&N&N&N&N&N&N&N&N&N&N&N&N&N&N&N&N&N&N&N&N&N&N&N&N&N&N&N&N&N&N&N&N&N&N&N&N&N&N&N&N&N&N&N&N&N&N&N&N&N&N&N&N&N&N&N&N&N&N&N&N&N&N&N&N&
N&N&N&N&N&N&N&N&N&N&N&N&N&N&N&N&N&N&N&N&N&N&N&N&N&N&N&N&N&N&N&N&N&N&N&N&N&N&N&N&N&N&N&N&N&N&N&N&N&N&N&N&N&N&N&N&N&N&N&N&N&N&N&N&N&N&N&N&N&N&N&N&N&N&N&N&N&N&N&N&N&N&N&N&N&N&N&N&N&N&N&N&N&N&N&N&N&N&N&N&
N&N&N&N&N&N&N&N&N&N&N&N&N&N&N&N&N&N&N&N&N&N&N&N&N&N&N&N&N&N&N&N&N&N&N&N&N&N&N&N&N&N&N&N&N&N&N&N&N&N&N&N&N&N&N&N&N&N&N&N&N&N&N&N&N&N&N&N&N&N&N&N&N&N&N&N&N&N&N&N&N&N&N&N&N&N&N&N&N&N&N&N&N&N&N&N&N&N&N&N&
N&N&N&N&N&N&N&N&N&N&N&N&N&N&N&N&N&N&N&N&N&N&N&N&N&N&N&N&N&N&N&N&N&N&N&N&N&N&N&N&N&N&N&N&N&N&N&N&N&N&N&N&N&N&N&N&N&N&N&N&N&N&N&N&N&N&N&N&N&N&N&N&N&N&N&N&N&N&N&N&N&N&N&N&N&N&N&N&N&N&N&N&N&N&N&N&N&N&N&N&
N&N&N&N&N&N&N&N&N&N&N&N&N&N&N&N&N&N&N&N&N&N&N&N&N&N&N&N&N&N&N&N&N&N&N&N&N&N&N&N&N&N&N&N&N&N&N&N&N&N&N&N&N&N&N&N&N&N&N&N&N&N&N&N&N&N&N&N&N&N&N&N&N&N&N&N&N&N&N&N&N&N&N&N&N&N&N&N&N&N&N&N&N&N&N&N&N&N&N&N&
N&N&N&N&N&N&N&N&N&N&N&N&N&N&N&N&N&N&N&N&N&N&N&N&N&N&N&N&N&N&N&N&N&N&N&N&N&N&N&N&N&N&N&N&N&N&N&N&N&N&N&N&N&N&N&N&N&N&N&N&N&N&N&N&N&N&N&N&N&N&N&N&N&N&N&N&N&N&N&N&N&N&N&N&N&N&N&N&N&N&N&N&N&N&N&N&N&N&N&N&
N&N&N&N&N&N&N&N&N&N&N&N&N&N&N&N&N&N&N&N&N&N&N&N&N&N&N&N&N&N&N&N&N&N&N&N&N&N&N&N&N&N&N&N&N&N&N&N&N&N&N&N&N&N&N&N&N&N&N&N&N&N&N&N&N&N&N&N&N&N&N&N&N&N&N&N&N&N&N&N&N&N&N&N&N&N&N&N&N&N&N&N&N&N&N&N&N&N&N&N&
N&N&N&N&N&N&N&N&N&N&N&N&N&N&N&N&N&N&N&N&N&N&N&N&N&N&N&N&N&N&N&N&N&N&N&N&N&N&N&N&N&N&N&N&N&N&N&N&N&N&N&N&N&N&N&N&N&N&N&N&N&N&N&N&N&N&N&N&N&N&N&N&N&N&N&N&N&N&N&N&N&N&N&N&N&N&N&N&N&N&N&N&N&N&N&N&N&N&N&N&
N&N&N&N&N&N&N&N&N&N&N&N&N&N&N&N&N&N&N&N&N&N&N&N&N&N&N&N&N&N&N&N&N&N&N&N&N&N&N&N&N&N&N&N&N&N&N&N&N&N&N&N&N&N&N&N&N&N&N&N&N&N&N&N&N&N&N&N&N&N&N&N&N&N&N&N&N&N&N&N&N&N&N&N&N&N&N&N&N&N&N&N&N&N&N&N&N&N&N&N&
N&N&N&N&N&N&N&N&N&N&N&N&N&N&N&N&N&N&N&N&N&N&N&N&N&N&N&N&N&N&N&N&N&N&N&N&N&N&N&N&N&N&N&N&N&N&N&N&N&N&N&N&N&N&N&N&N&N&N&N&N&N&N&N&N&N&N&N&N&N&N&N&N&N&N&N&N&N&N&N&N&N&N&N&N&N&N&N&N&N&N&N&N&N&N&N&N&N&N&N&
N&N&N&N&N&N&N&N&N&N&N&N&N&N&N&N&N&N&N&N&N&N&N&N&N&N&N&N&N&N&N&N&N&N&N&N&N&N&N&N&N&N&N&N&N&N&N&N&N&N&N&N&N&N&N&N&N&N&N&N&N&N&N&N&N&N&N&N&N&N&N&N&N&N&N&N&N&N&N&N&N&N&N&N&N&N&N&N&N&N&N&N&N&N&N&N&N&N&N&N&
N&N&N&N&N&N&N&N&N&N&N&N&N&N&N&N&N&N&N&N&N&N&N&N&N&N&N&N&N&N&N&N&N&N&N&N&N&N&N&N&N&N&N&N&N&N&N&N&N&N&N&N&N&N&N&N&N&N&N&N&N&N&N&N&N&N&N&N&N&N&N&N&N&N&N&N&N&N&N&N&N&N&N&N&N&N&N&N&N&N&N&N&N&N&N&N&N&N&N&N&
N&N&N&N&N&N&N&N&N&N&N&N&N&N&N&N&N&N&N&N&N&N&N&N&N&N&N&N&N&N&N&N&N&N&N&N&N&N&N&N&N&N&N&N&N&N&N&N&N&N&N&N&N&N&N&N&N&N&N&N&N&N&N&N&N&N&N&N&N&N&N&N&N&N&N&N&N&N&N&N&N&N&N&N&N&N&N&N&N&N&N&N&N&N&N&N&N&N&N&N&
N&N&N&N&N&N&N&N&N&N&N&N&N&N&N&N&N&N&N&N&N&N&N&N&N&N&N&N&N&N&N&N&N&N&N&N&N&N&N&N&N&N&N&N&N&N&N&N&N&N&N&N&N&N&N&N&N&N&N&N&N&N&N&N&N&N&N&N&N&N&N&N&N&N&N&N&N&N&N&N&N&N&N&N&N&N&N&N&N&N&N&N&N&N&N&N&N&N&N&N&
N&N&N&N&N&N&N&N&N&N&N&N&N&N&N&N&N&N&N&N&N&N&N&N&N&N&N&N&N&N&N&N&N&N&N&N&N&N&N&N&N&N&N&N&N&N&N&N&N&N&N&N&N&N&N&N&N&N&N&N&N&N&N&N&N&N&N&N&N&N&N&N&N&N&N&N&N&N&N&N&N&N&N&N&N&N&N&N&N&N&N&N&N&N&N&N&N&N&N&N&
N&N&N&N&N&N&N&N&N&N&N&N&N&N&N&N&N&N&N&N&N&N&N&N&N&N&N&N&N&N&N&N&N&N&N&N&N&N&N&N&N&N&N&N&N&N&N&N&N&N&N&N&N&N&N&N&N&N&N&N&N&N&N&N&N&N&N&N&N&N&N&N&N&N&N&N&N&N&N&N&N&N&N&N&N&N&N&N&N&N&N&N&N&N&N&N&N&N&N&N&
N&N&N&N&N&N&N&N&N&N&N&N&N&N&N&N&N&N&N&N&N&N&N&N&N&N&N&N&N&N&N&N&N&N&N&N&N&N&N&N&N&N&N&N&N&N&N&N&N&N&N&N&N&N&N&N&N&N&N&N&N&N&N&N&N&N&N&N&N&N&N&N&N&N&N&N&N&N&N&N&N&N&N&N&N&N&N&N&N&N&N&N&N&N&N&N&N&N&N&N&
N&N&N&N&N&N&N&N&N&N&N&N&N&N&N&N&N&N&N&N&N&N&N&N&N&N&N&N&N&N&N&N&N&N&N&N&N&N&N&N&N&N&N&N&N&N&N&N&N&N&N&N&N&N&N&N&N&N&N&N&N&N&N&N&N&N&N&N&N&N&N&N&N&N&N&N&N&N&N&N&N&N&N&N&N&N&N&N&N&N&N&N&N&N&N&N&N&N&N&N&
N&N&N&N&N&N&N&N&N&N&N&N&N&N&N&N&N&N&N&N&N&N&N&N&N&N&N&N&N&N&N&N&N&N&N&N&N&N&N&N&N&N&N&N&N&N&N&N&N&N&N&N&N&N&N&N&N&N&N&N&N&N&N&N&N&N&N&N&N&N&N&N&N&N&N&N&N&N&N&N&N&N&N&N&N&N&N&N&N&N&N&N&N&N&N&N&N&N&N&N&
N&N&N&N&N&N&N&N&N&N&N&N&N&N&N&N&N&N&N&N&N&N&N&N&N&N&N&N&N&N&N&N&N&N&N&N&N&N&N&N&N&N&N&N&N&N&N&N&N&N&N&N&N&N&N&N&N&N&N&N&N&N&N&N&N&N&N&N&N&N&N&N&N&N&N&N&N&N&N&N&N&N&N&N&N&N&N&N&N&N&N&N&N&N&N&N&N&N&N&N&
N&N&N&N&N&N&N&N&N&N&N&N&N&N&N&N&N&N&N&N&N&N&N&N&N&N&N&N&N&N&N&N&N&N&N&N&N&N&N&N&N&N&N&N&N&N&N&N&N&N&N&N&N&N&N&N&N&N&N&N&N&N&N&N&N&N&N&N&N&N&N&N&N&N&N&N&N&N&N&N&N&N&N&N&N&N&N&N&N&N&N&N&N&N&N&N&N&N&N&N&
N&N&N&N&N&N&N&N&N&N&N&N&N&N&N&N&N&N&N&N&N&N&N&N&N&N&N&N&N&N&N&N&N&N&N&N&N&N&N&N&N&N&N&N&N&N&N&N&N&N&N&N&N&N&N&N&N&N&N&N&N&N&N&N&N&N&N&N&N&N&N&N&N&N&N&N&N&N&N&N&N&N&N&N&N&N&N&N&N&N&N&N&N&N&N&N&N&N&N&N&
N&N&N&N&N&N&N&N&N&N&N&N&N&N&N&N&N&N&N&N&N&N&N&N&N&N&N&N&N&N&N&N&N&N&N&N&N&N&N&N&N&N&N&N&N&N&N&N&N&N&N&N&N&N&N&N&N&N&N&N&N&N&N&N&N&N&N&N&N&N&N&N&N&N&N&N&N&N&N&N&N&N&N&N&N&N&N&N&N&N&N&N&N&N&N&N&N&N&N&N&
N&N&N&N&N&N&N&N&N&N&N&N&N&N&N&N&N&N&N&N&N&N&N&N&N&N&N&N&N&N&N&N&N&N&N&N&N&N&N&N&N&N&N&N&N&N&N&N&N&N&N&N&N&N&N&N&N&N&N&N&N&N&N&N&N&N&N&N&N&N&N&N&N&N&N&N&N&N&N&N&N&N&N&N&N&N&N&N&N&N&N&N&N&N&N&N&N&N&N&N&
N&N&N&N&N&N&N&N&N&N&N&N&N&N&N&N&N&N&N&N&N&N&N&N&N&N&N&N&N&N&N&N&N&N&N&N&N&N&N&N&N&N&N&N&N&N&N&N&N&N&N&N&N&N&N&N&N&N&N&N&N&N&N&N&N&N&N&N&N&N&N&N&N&N&N&N&N&N&N&N&N&N&N&N&N&N&N&N&N&N&N&N&N&N&N&N&N&N&N&N&
WP/2/m1in/nothing/nothing
WP/1/m1out/m2in/testmap2
EN/2/1
EN/3/3
